Archive member included to satisfy reference by file (symbol)

c:/progra~2/gnuarm~1/102021~1.10/bin/../lib/gcc/arm-none-eabi/10.3.1/thumb/v6-m/nofp\libgcc.a(_dvmd_tls.o)
                              CMakeFiles\orchestra.dir\C_\PICO\pico-sdk\src\rp2_common\pico_divider\divider.S.obj (__aeabi_idiv0)
c:/progra~2/gnuarm~1/102021~1.10/bin/../lib/gcc/arm-none-eabi/10.3.1/../../../../arm-none-eabi/lib/thumb/v6-m/nofp\libg.a(lib_a-calloc.o)
                              CMakeFiles\orchestra.dir\C_\PICO\pico-sdk\src\rp2_common\pico_malloc\pico_malloc.c.obj (calloc)
c:/progra~2/gnuarm~1/102021~1.10/bin/../lib/gcc/arm-none-eabi/10.3.1/../../../../arm-none-eabi/lib/thumb/v6-m/nofp\libg.a(lib_a-callocr.o)
                              c:/progra~2/gnuarm~1/102021~1.10/bin/../lib/gcc/arm-none-eabi/10.3.1/../../../../arm-none-eabi/lib/thumb/v6-m/nofp\libg.a(lib_a-calloc.o) (_calloc_r)
c:/progra~2/gnuarm~1/102021~1.10/bin/../lib/gcc/arm-none-eabi/10.3.1/../../../../arm-none-eabi/lib/thumb/v6-m/nofp\libg.a(lib_a-errno.o)
                              c:/progra~2/gnuarm~1/102021~1.10/bin/../lib/gcc/arm-none-eabi/10.3.1/../../../../arm-none-eabi/lib/thumb/v6-m/nofp\libg.a(lib_a-callocr.o) (__errno)
c:/progra~2/gnuarm~1/102021~1.10/bin/../lib/gcc/arm-none-eabi/10.3.1/../../../../arm-none-eabi/lib/thumb/v6-m/nofp\libg.a(lib_a-impure.o)
                              c:/progra~2/gnuarm~1/102021~1.10/bin/../lib/gcc/arm-none-eabi/10.3.1/../../../../arm-none-eabi/lib/thumb/v6-m/nofp\libg.a(lib_a-calloc.o) (_impure_ptr)
c:/progra~2/gnuarm~1/102021~1.10/bin/../lib/gcc/arm-none-eabi/10.3.1/../../../../arm-none-eabi/lib/thumb/v6-m/nofp\libg.a(lib_a-init.o)
                              c:/progra~2/gnuarm~1/102021~1.10/bin/../lib/gcc/arm-none-eabi/10.3.1/../../../../arm-none-eabi/lib/thumb/v6-m/nofp/crt0.o (__libc_init_array)
c:/progra~2/gnuarm~1/102021~1.10/bin/../lib/gcc/arm-none-eabi/10.3.1/../../../../arm-none-eabi/lib/thumb/v6-m/nofp\libg.a(lib_a-malloc.o)
                              CMakeFiles\orchestra.dir\C_\PICO\pico-sdk\src\rp2_common\pico_malloc\pico_malloc.c.obj (malloc)
c:/progra~2/gnuarm~1/102021~1.10/bin/../lib/gcc/arm-none-eabi/10.3.1/../../../../arm-none-eabi/lib/thumb/v6-m/nofp\libg.a(lib_a-mallocr.o)
                              c:/progra~2/gnuarm~1/102021~1.10/bin/../lib/gcc/arm-none-eabi/10.3.1/../../../../arm-none-eabi/lib/thumb/v6-m/nofp\libg.a(lib_a-callocr.o) (_malloc_r)
c:/progra~2/gnuarm~1/102021~1.10/bin/../lib/gcc/arm-none-eabi/10.3.1/../../../../arm-none-eabi/lib/thumb/v6-m/nofp\libg.a(lib_a-mlock.o)
                              c:/progra~2/gnuarm~1/102021~1.10/bin/../lib/gcc/arm-none-eabi/10.3.1/../../../../arm-none-eabi/lib/thumb/v6-m/nofp\libg.a(lib_a-mallocr.o) (__malloc_lock)
c:/progra~2/gnuarm~1/102021~1.10/bin/../lib/gcc/arm-none-eabi/10.3.1/../../../../arm-none-eabi/lib/thumb/v6-m/nofp\libg.a(lib_a-sbrkr.o)
                              c:/progra~2/gnuarm~1/102021~1.10/bin/../lib/gcc/arm-none-eabi/10.3.1/../../../../arm-none-eabi/lib/thumb/v6-m/nofp\libg.a(lib_a-mallocr.o) (_sbrk_r)
c:/progra~2/gnuarm~1/102021~1.10/bin/../lib/gcc/arm-none-eabi/10.3.1/../../../../arm-none-eabi/lib/thumb/v6-m/nofp\libg.a(lib_a-strlen-stub.o)
                              CMakeFiles\orchestra.dir\C_\PICO\pico-sdk\src\rp2_common\pico_stdio\stdio.c.obj (strlen)
c:/progra~2/gnuarm~1/102021~1.10/bin/../lib/gcc/arm-none-eabi/10.3.1/../../../../arm-none-eabi/lib/thumb/v6-m/nofp\libg.a(lib_a-freer.o)
                              c:/progra~2/gnuarm~1/102021~1.10/bin/../lib/gcc/arm-none-eabi/10.3.1/../../../../arm-none-eabi/lib/thumb/v6-m/nofp\libg.a(lib_a-malloc.o) (_free_r)
c:/progra~2/gnuarm~1/102021~1.10/bin/../lib/gcc/arm-none-eabi/10.3.1/../../../../arm-none-eabi/lib/thumb/v6-m/nofp\libg.a(lib_a-lock.o)
                              c:/progra~2/gnuarm~1/102021~1.10/bin/../lib/gcc/arm-none-eabi/10.3.1/../../../../arm-none-eabi/lib/thumb/v6-m/nofp\libg.a(lib_a-mlock.o) (__retarget_lock_acquire_recursive)
c:/progra~2/gnuarm~1/102021~1.10/bin/../lib/gcc/arm-none-eabi/10.3.1/../../../../arm-none-eabi/lib/thumb/v6-m/nofp\libg.a(lib_a-reent.o)
                              c:/progra~2/gnuarm~1/102021~1.10/bin/../lib/gcc/arm-none-eabi/10.3.1/../../../../arm-none-eabi/lib/thumb/v6-m/nofp\libg.a(lib_a-sbrkr.o) (errno)

Discarded input sections

 .text          0x00000000        0x0 c:/progra~2/gnuarm~1/102021~1.10/bin/../lib/gcc/arm-none-eabi/10.3.1/thumb/v6-m/nofp/crti.o
 .data          0x00000000        0x0 c:/progra~2/gnuarm~1/102021~1.10/bin/../lib/gcc/arm-none-eabi/10.3.1/thumb/v6-m/nofp/crti.o
 .bss           0x00000000        0x0 c:/progra~2/gnuarm~1/102021~1.10/bin/../lib/gcc/arm-none-eabi/10.3.1/thumb/v6-m/nofp/crti.o
 .data          0x00000000        0x4 c:/progra~2/gnuarm~1/102021~1.10/bin/../lib/gcc/arm-none-eabi/10.3.1/thumb/v6-m/nofp/crtbegin.o
 .rodata        0x00000000       0x24 c:/progra~2/gnuarm~1/102021~1.10/bin/../lib/gcc/arm-none-eabi/10.3.1/thumb/v6-m/nofp/crtbegin.o
[...]
Memory Configuration

Name             Origin             Length             Attributes
FLASH            0x10000000         0x00200000         xr
RAM              0x20000000         0x00040000         xrw
SCRATCH_X        0x20040000         0x00001000         xrw
SCRATCH_Y        0x20041000         0x00001000         xrw
*default*        0x00000000         0xffffffff

Linker script and memory map

LOAD c:/progra~2/gnuarm~1/102021~1.10/bin/../lib/gcc/arm-none-eabi/10.3.1/thumb/v6-m/nofp/crti.o
LOAD c:/progra~2/gnuarm~1/102021~1.10/bin/../lib/gcc/arm-none-eabi/10.3.1/thumb/v6-m/nofp/crtbegin.o
LOAD c:/progra~2/gnuarm~1/102021~1.10/bin/../lib/gcc/arm-none-eabi/10.3.1/../../../../arm-none-eabi/lib/thumb/v6-m/nofp/crt0.o

.flash_begin    0x10000000        0x0
                0x10000000                __flash_binary_start = .

.boot2          0x10000000      0x100
                0x10000000                __boot2_start__ = .
 *(.boot2)
 .boot2         0x10000000      0x100 C:\Users\krzys\AppData\Local\Temp\ccUeApfv.o
                0x10000100                __boot2_end__ = .
                0x00000001                ASSERT (((__boot2_end__ - __boot2_start__) == 0x100), ERROR: Pico second stage bootloader must be 256 bytes in size)

.text           0x10000100     0x51b8
                0x10000100                __logical_binary_start = .
 *(.vectors)
 .vectors       0x10000100       0xd4 CMakeFiles\orchestra.dir\C_\PICO\pico-sdk\src\rp2_common\pico_standard_link\crt0.S.obj
                0x10000100                __VECTOR_TABLE
                0x10000100                __vectors
                0x100001c0                isr_invalid
                0x100001c0                __default_isrs_start
                0x100001c2                isr_nmi
                0x100001c4                isr_hardfault
                0x100001c6                isr_svcall
                0x100001c8                isr_pendsv
                0x100001ca                isr_systick
                0x100001cc                isr_irq23
                0x100001cc                isr_irq18
                0x100001cc                isr_irq11
                0x100001cc                isr_irq28
                0x100001cc                isr_irq19
                0x100001cc                isr_irq0
                0x100001cc                isr_irq6
                0x100001cc                isr_irq5
                0x100001cc                isr_irq12
                0x100001cc                isr_irq22
                0x100001cc                isr_irq31
                0x100001cc                isr_irq17
                0x100001cc                isr_irq27
                0x100001cc                isr_irq30
                0x100001cc                isr_irq2
                0x100001cc                isr_irq10
                0x100001cc                isr_irq8
                0x100001cc                isr_irq24
                0x100001cc                isr_irq1
                0x100001cc                isr_irq7
                0x100001cc                isr_irq21
                0x100001cc                isr_irq20
                0x100001cc                isr_irq15
                0x100001cc                isr_irq25
                0x100001cc                isr_irq13
                0x100001cc                __unhandled_user_irq
                0x100001cc                isr_irq4
                0x100001cc                isr_irq16
                0x100001cc                isr_irq29
                0x100001cc                isr_irq26
                0x100001cc                __default_isrs_end
                0x100001cc                isr_irq3
                0x100001cc                isr_irq14
                0x100001cc                isr_irq9
                0x100001d2                unhandled_user_irq_num_in_r0
 *(.binary_info_header)
 .binary_info_header
                0x100001d4       0x14 CMakeFiles\orchestra.dir\C_\PICO\pico-sdk\src\rp2_common\pico_standard_link\crt0.S.obj
                0x100001e8                __binary_info_header_end = .
 *(.reset)
 .reset         0x100001e8       0xa8 CMakeFiles\orchestra.dir\C_\PICO\pico-sdk\src\rp2_common\pico_standard_link\crt0.S.obj
                0x100001e8                _entry_point
                0x10000266                __get_current_exception
 .reset         0x10000290       0x30 CMakeFiles\orchestra.dir\C_\PICO\pico-sdk\src\rp2_common\pico_standard_link\binary_info.c.obj
 *(.init)
 .init          0x100002c0        0x4 c:/progra~2/gnuarm~1/102021~1.10/bin/../lib/gcc/arm-none-eabi/10.3.1/thumb/v6-m/nofp/crti.o
                0x100002c0                _init
 *(EXCLUDE_FILE(*libm.a: *libc.a:*lib_a-mem*.o *libgcc.a:) .text*)
 .text          0x100002c4       0x48 c:/progra~2/gnuarm~1/102021~1.10/bin/../lib/gcc/arm-none-eabi/10.3.1/thumb/v6-m/nofp/crtbegin.o
 .text.uart_puts
                0x1000030c       0x98 CMakeFiles\orchestra.dir\orchestra.cpp.obj
 .text._ZN5Servo9ServoInitEv
                0x100003a4       0x44 CMakeFiles\orchestra.dir\orchestra.cpp.obj
                0x100003a4                Servo::ServoInit()
 .text._ZN5Servo5writeEh
                0x100003e8       0x90 CMakeFiles\orchestra.dir\orchestra.cpp.obj
                0x100003e8                Servo::write(unsigned char)
 .text._Z9UART_INITi
                0x10000478       0x20 CMakeFiles\orchestra.dir\orchestra.cpp.obj
                0x10000478                UART_INIT(int)
 .text.main     0x10000498      0xa28 CMakeFiles\orchestra.dir\orchestra.cpp.obj
                0x10000498                main
 .text.gpio_set_function
                0x10000ec0       0x30 CMakeFiles\orchestra.dir\C_\PICO\pico-sdk\src\rp2_common\hardware_gpio\gpio.c.obj
                0x10000ec0                gpio_set_function
 .text.gpio_init
                0x10000ef0       0x16 CMakeFiles\orchestra.dir\C_\PICO\pico-sdk\src\rp2_common\hardware_gpio\gpio.c.obj
                0x10000ef0                gpio_init
 *fill*         0x10000f06        0x2 
 .text.hw_claim_lock
                0x10000f08       0x18 CMakeFiles\orchestra.dir\C_\PICO\pico-sdk\src\rp2_common\hardware_claim\claim.c.obj
                0x10000f08                hw_claim_lock
 .text.hw_claim_unlock
                0x10000f20       0x14 CMakeFiles\orchestra.dir\C_\PICO\pico-sdk\src\rp2_common\hardware_claim\claim.c.obj
                0x10000f20                hw_claim_unlock
 .text.hw_claim_or_assert
                0x10000f34       0x32 CMakeFiles\orchestra.dir\C_\PICO\pico-sdk\src\rp2_common\hardware_claim\claim.c.obj
                0x10000f34                hw_claim_or_assert
 *fill*         0x10000f66        0x2 
 .text.running_on_fpga
                0x10000f68       0x14 CMakeFiles\orchestra.dir\C_\PICO\pico-sdk\src\rp2_common\pico_platform\platform.c.obj
                0x10000f68                running_on_fpga
 .text.spin_locks_reset
                0x10000f7c       0x20 CMakeFiles\orchestra.dir\C_\PICO\pico-sdk\src\rp2_common\hardware_sync\sync.c.obj
                0x10000f7c                spin_locks_reset
 .text.next_striped_spin_lock_num
                0x10000f9c       0x1c CMakeFiles\orchestra.dir\C_\PICO\pico-sdk\src\rp2_common\hardware_sync\sync.c.obj
                0x10000f9c                next_striped_spin_lock_num
 .text.uart_set_baudrate
                0x10000fb8       0x5c CMakeFiles\orchestra.dir\C_\PICO\pico-sdk\src\rp2_common\hardware_uart\uart.c.obj
                0x10000fb8                uart_set_baudrate
 .text.uart_set_translate_crlf
                0x10001014       0x28 CMakeFiles\orchestra.dir\C_\PICO\pico-sdk\src\rp2_common\hardware_uart\uart.c.obj
                0x10001014                uart_set_translate_crlf
 .text.uart_init
                0x1000103c       0x80 CMakeFiles\orchestra.dir\C_\PICO\pico-sdk\src\rp2_common\hardware_uart\uart.c.obj
                0x1000103c                uart_init
 .text.alarm_pool_post_alloc_init
                0x100010bc       0x40 CMakeFiles\orchestra.dir\C_\PICO\pico-sdk\src\common\pico_time\time.c.obj
 .text.sleep_until_callback
                0x100010fc       0x30 CMakeFiles\orchestra.dir\C_\PICO\pico-sdk\src\common\pico_time\time.c.obj
 .text.timer_pool_entry_comparator
                0x1000112c       0x7c CMakeFiles\orchestra.dir\C_\PICO\pico-sdk\src\common\pico_time\time.c.obj
                0x1000112c                timer_pool_entry_comparator
 .text.ph_add_child_node
                0x100011a8       0xa4 CMakeFiles\orchestra.dir\C_\PICO\pico-sdk\src\common\pico_time\time.c.obj
 .text.ph_merge_nodes
                0x1000124c       0x3e CMakeFiles\orchestra.dir\C_\PICO\pico-sdk\src\common\pico_time\time.c.obj
 *fill*         0x1000128a        0x2 
 .text.add_alarm_under_lock
                0x1000128c      0x174 CMakeFiles\orchestra.dir\C_\PICO\pico-sdk\src\common\pico_time\time.c.obj
 .text.alarm_pool_alarm_callback
                0x10001400      0x328 CMakeFiles\orchestra.dir\C_\PICO\pico-sdk\src\common\pico_time\time.c.obj
 .text.alarm_pool_init_default
                0x10001728       0x38 CMakeFiles\orchestra.dir\C_\PICO\pico-sdk\src\common\pico_time\time.c.obj
                0x10001728                alarm_pool_init_default
 .text.alarm_pool_get_default
                0x10001760       0x2c CMakeFiles\orchestra.dir\C_\PICO\pico-sdk\src\common\pico_time\time.c.obj
                0x10001760                alarm_pool_get_default
 .text.alarm_pool_add_alarm_at
                0x1000178c      0x170 CMakeFiles\orchestra.dir\C_\PICO\pico-sdk\src\common\pico_time\time.c.obj
                0x1000178c                alarm_pool_add_alarm_at
 .text.sleep_until
                0x100018fc       0xfc CMakeFiles\orchestra.dir\C_\PICO\pico-sdk\src\common\pico_time\time.c.obj
                0x100018fc                sleep_until
 .text.sleep_us
                0x100019f8       0x58 CMakeFiles\orchestra.dir\C_\PICO\pico-sdk\src\common\pico_time\time.c.obj
                0x100019f8                sleep_us
 .text.sleep_ms
                0x10001a50       0x14 CMakeFiles\orchestra.dir\C_\PICO\pico-sdk\src\common\pico_time\time.c.obj
                0x10001a50                sleep_ms
 .text.hardware_alarm_irq_handler
                0x10001a64       0x8c CMakeFiles\orchestra.dir\C_\PICO\pico-sdk\src\rp2_common\hardware_timer\timer.c.obj
 .text.hardware_alarm_claim
                0x10001af0       0x18 CMakeFiles\orchestra.dir\C_\PICO\pico-sdk\src\rp2_common\hardware_timer\timer.c.obj
                0x10001af0                hardware_alarm_claim
 .text.time_us_64
                0x10001b08       0x18 CMakeFiles\orchestra.dir\C_\PICO\pico-sdk\src\rp2_common\hardware_timer\timer.c.obj
                0x10001b08                time_us_64
 .text.busy_wait_until
                0x10001b20       0x28 CMakeFiles\orchestra.dir\C_\PICO\pico-sdk\src\rp2_common\hardware_timer\timer.c.obj
                0x10001b20                busy_wait_until
 .text.hardware_alarm_set_callback
                0x10001b48       0x90 CMakeFiles\orchestra.dir\C_\PICO\pico-sdk\src\rp2_common\hardware_timer\timer.c.obj
                0x10001b48                hardware_alarm_set_callback
 .text.hardware_alarm_set_target
                0x10001bd8       0xe8 CMakeFiles\orchestra.dir\C_\PICO\pico-sdk\src\rp2_common\hardware_timer\timer.c.obj
                0x10001bd8                hardware_alarm_set_target
 .text.hardware_alarm_cancel
                0x10001cc0       0x40 CMakeFiles\orchestra.dir\C_\PICO\pico-sdk\src\rp2_common\hardware_timer\timer.c.obj
                0x10001cc0                hardware_alarm_cancel
 .text.lock_init
                0x10001d00       0x10 CMakeFiles\orchestra.dir\C_\PICO\pico-sdk\src\common\pico_sync\lock_core.c.obj
                0x10001d00                lock_init
 .text.mutex_init
                0x10001d10       0x1a CMakeFiles\orchestra.dir\C_\PICO\pico-sdk\src\common\pico_sync\mutex.c.obj
                0x10001d10                mutex_init
 .text.recursive_mutex_init
                0x10001d2a       0x1e CMakeFiles\orchestra.dir\C_\PICO\pico-sdk\src\common\pico_sync\mutex.c.obj
                0x10001d2a                recursive_mutex_init
 .text.ph_add_child_node
                0x10001d48       0xa4 CMakeFiles\orchestra.dir\C_\PICO\pico-sdk\src\common\pico_util\pheap.c.obj
 .text.ph_merge_nodes
                0x10001dec       0x3e CMakeFiles\orchestra.dir\C_\PICO\pico-sdk\src\common\pico_util\pheap.c.obj
 *fill*         0x10001e2a        0x2 
 .text.ph_clear
                0x10001e2c       0x70 CMakeFiles\orchestra.dir\C_\PICO\pico-sdk\src\common\pico_util\pheap.c.obj
                0x10001e2c                ph_clear
 .text.ph_post_alloc_init
                0x10001e9c        0xe CMakeFiles\orchestra.dir\C_\PICO\pico-sdk\src\common\pico_util\pheap.c.obj
                0x10001e9c                ph_post_alloc_init
 *fill*         0x10001eaa        0x2 
 .text.ph_merge_two_pass
                0x10001eac       0xa8 CMakeFiles\orchestra.dir\C_\PICO\pico-sdk\src\common\pico_util\pheap.c.obj
                0x10001eac                ph_merge_two_pass
 .text.ph_remove_any_head
                0x10001f54      0x108 CMakeFiles\orchestra.dir\C_\PICO\pico-sdk\src\common\pico_util\pheap.c.obj
 .text.ph_remove_head
                0x1000205c       0x14 CMakeFiles\orchestra.dir\C_\PICO\pico-sdk\src\common\pico_util\pheap.c.obj
                0x1000205c                ph_remove_head
 .text.ph_remove_and_free_node
                0x10002070       0xf8 CMakeFiles\orchestra.dir\C_\PICO\pico-sdk\src\common\pico_util\pheap.c.obj
                0x10002070                ph_remove_and_free_node
 .text._exit    0x10002168        0x4 CMakeFiles\orchestra.dir\C_\PICO\pico-sdk\src\rp2_common\pico_runtime\runtime.c.obj
                0x10002168                _exit
 .text.exit     0x1000216c        0x6 CMakeFiles\orchestra.dir\C_\PICO\pico-sdk\src\rp2_common\pico_runtime\runtime.c.obj
                0x1000216c                exit
 *fill*         0x10002172        0x2 
 .text.__assert_func
                0x10002174       0x3c CMakeFiles\orchestra.dir\C_\PICO\pico-sdk\src\rp2_common\pico_runtime\runtime.c.obj
                0x10002174                __assert_func
 .text.runtime_init
                0x100021b0       0xf8 CMakeFiles\orchestra.dir\C_\PICO\pico-sdk\src\rp2_common\pico_runtime\runtime.c.obj
                0x100021b0                runtime_init
 .text.panic    0x100022a8       0x30 CMakeFiles\orchestra.dir\C_\PICO\pico-sdk\src\rp2_common\pico_runtime\runtime.c.obj
                0x100022a8                panic
 .text.clock_configure
                0x100022d8      0x104 CMakeFiles\orchestra.dir\C_\PICO\pico-sdk\src\rp2_common\hardware_clocks\clocks.c.obj
                0x100022d8                clock_configure
 .text.clocks_init
                0x100023dc      0x100 CMakeFiles\orchestra.dir\C_\PICO\pico-sdk\src\rp2_common\hardware_clocks\clocks.c.obj
                0x100023dc                clocks_init
 .text.clock_get_hz
                0x100024dc        0xc CMakeFiles\orchestra.dir\C_\PICO\pico-sdk\src\rp2_common\hardware_clocks\clocks.c.obj
                0x100024dc                clock_get_hz
 .text.set_raw_irq_handler_and_unlock
                0x100024e8       0x28 CMakeFiles\orchestra.dir\C_\PICO\pico-sdk\src\rp2_common\hardware_irq\irq.c.obj
 .text.make_branch
                0x10002510       0x34 CMakeFiles\orchestra.dir\C_\PICO\pico-sdk\src\rp2_common\hardware_irq\irq.c.obj
 .text.insert_branch_and_link
                0x10002544       0x40 CMakeFiles\orchestra.dir\C_\PICO\pico-sdk\src\rp2_common\hardware_irq\irq.c.obj
 .text.irq_is_enabled
                0x10002584       0x18 CMakeFiles\orchestra.dir\C_\PICO\pico-sdk\src\rp2_common\hardware_irq\irq.c.obj
                0x10002584                irq_is_enabled
 .text.irq_set_mask_enabled
                0x1000259c       0x20 CMakeFiles\orchestra.dir\C_\PICO\pico-sdk\src\rp2_common\hardware_irq\irq.c.obj
                0x1000259c                irq_set_mask_enabled
 .text.irq_set_enabled
                0x100025bc        0xe CMakeFiles\orchestra.dir\C_\PICO\pico-sdk\src\rp2_common\hardware_irq\irq.c.obj
                0x100025bc                irq_set_enabled
 *fill*         0x100025ca        0x2 
 .text.irq_get_vtable_handler
                0x100025cc       0x10 CMakeFiles\orchestra.dir\C_\PICO\pico-sdk\src\rp2_common\hardware_irq\irq.c.obj
                0x100025cc                irq_get_vtable_handler
 .text.irq_set_exclusive_handler
                0x100025dc       0x54 CMakeFiles\orchestra.dir\C_\PICO\pico-sdk\src\rp2_common\hardware_irq\irq.c.obj
                0x100025dc                irq_set_exclusive_handler
 .text.irq_remove_handler
                0x10002630      0x1ac CMakeFiles\orchestra.dir\C_\PICO\pico-sdk\src\rp2_common\hardware_irq\irq.c.obj
                0x10002630                irq_remove_handler
 .text.irq_add_tail_to_free_list
                0x100027dc       0xf0 CMakeFiles\orchestra.dir\C_\PICO\pico-sdk\src\rp2_common\hardware_irq\irq.c.obj
                0x100027dc                irq_add_tail_to_free_list
 .text.irq_init_priorities
                0x100028cc       0x1c CMakeFiles\orchestra.dir\C_\PICO\pico-sdk\src\rp2_common\hardware_irq\irq.c.obj
                0x100028cc                irq_init_priorities
 .text.pll_init
                0x100028e8      0x118 CMakeFiles\orchestra.dir\C_\PICO\pico-sdk\src\rp2_common\hardware_pll\pll.c.obj
                0x100028e8                pll_init
 .text.watchdog_start_tick
                0x10002a00       0x10 CMakeFiles\orchestra.dir\C_\PICO\pico-sdk\src\rp2_common\hardware_watchdog\watchdog.c.obj
                0x10002a00                watchdog_start_tick
 .text.xosc_init
                0x10002a10       0x28 CMakeFiles\orchestra.dir\C_\PICO\pico-sdk\src\rp2_common\hardware_xosc\xosc.c.obj
                0x10002a10                xosc_init
 .text._out_null
                0x10002a38        0x2 CMakeFiles\orchestra.dir\C_\PICO\pico-sdk\src\rp2_common\pico_printf\printf.c.obj
 .text._out_fct
                0x10002a3a        0xe CMakeFiles\orchestra.dir\C_\PICO\pico-sdk\src\rp2_common\pico_printf\printf.c.obj
 .text._atoi    0x10002a48       0x24 CMakeFiles\orchestra.dir\C_\PICO\pico-sdk\src\rp2_common\pico_printf\printf.c.obj
 .text._out_rev
                0x10002a6c       0xae CMakeFiles\orchestra.dir\C_\PICO\pico-sdk\src\rp2_common\pico_printf\printf.c.obj
 .text._ntoa_format
                0x10002b1a      0x112 CMakeFiles\orchestra.dir\C_\PICO\pico-sdk\src\rp2_common\pico_printf\printf.c.obj
 .text._ntoa_long
                0x10002c2c       0xbc CMakeFiles\orchestra.dir\C_\PICO\pico-sdk\src\rp2_common\pico_printf\printf.c.obj
 .text._ntoa_long_long
                0x10002ce8       0xe2 CMakeFiles\orchestra.dir\C_\PICO\pico-sdk\src\rp2_common\pico_printf\printf.c.obj
 *fill*         0x10002dca        0x2 
 .text._etoa    0x10002dcc      0x414 CMakeFiles\orchestra.dir\C_\PICO\pico-sdk\src\rp2_common\pico_printf\printf.c.obj
 .text._ftoa    0x100031e0      0x354 CMakeFiles\orchestra.dir\C_\PICO\pico-sdk\src\rp2_common\pico_printf\printf.c.obj
 .text._vsnprintf
                0x10003534      0x624 CMakeFiles\orchestra.dir\C_\PICO\pico-sdk\src\rp2_common\pico_printf\printf.c.obj
 .text.vfctprintf
                0x10003b58       0x20 CMakeFiles\orchestra.dir\C_\PICO\pico-sdk\src\rp2_common\pico_printf\printf.c.obj
                0x10003b58                vfctprintf
 .text          0x10003b78       0x10 CMakeFiles\orchestra.dir\C_\PICO\pico-sdk\src\rp2_common\pico_bit_ops\bit_ops_aeabi.S.obj
 .text.rom_func_lookup
                0x10003b88       0x10 CMakeFiles\orchestra.dir\C_\PICO\pico-sdk\src\rp2_common\pico_bootrom\bootrom.c.obj
                0x10003b88                rom_func_lookup
 .text.rom_data_lookup
                0x10003b98       0x10 CMakeFiles\orchestra.dir\C_\PICO\pico-sdk\src\rp2_common\pico_bootrom\bootrom.c.obj
                0x10003b98                rom_data_lookup
 .text.rom_funcs_lookup
                0x10003ba8       0x36 CMakeFiles\orchestra.dir\C_\PICO\pico-sdk\src\rp2_common\pico_bootrom\bootrom.c.obj
                0x10003ba8                rom_funcs_lookup
 *fill*         0x10003bde        0x2 
 .text.__wrap___aeabi_idiv
                0x10003be0       0x50 CMakeFiles\orchestra.dir\C_\PICO\pico-sdk\src\rp2_common\pico_divider\divider.S.obj
                0x10003be0                __wrap___aeabi_idivmod
                0x10003be0                divmod_s32s32
                0x10003be0                div_s32s32
                0x10003be0                __wrap___aeabi_idiv
                0x10003be8                divmod_s32s32_unsafe
                0x10003c14                divmod_s32s32_savestate
 .text.__wrap___aeabi_uidiv
                0x10003c30       0x4c CMakeFiles\orchestra.dir\C_\PICO\pico-sdk\src\rp2_common\pico_divider\divider.S.obj
                0x10003c30                __wrap___aeabi_uidiv
                0x10003c30                __wrap___aeabi_uidivmod
                0x10003c30                div_u32u32
                0x10003c30                divmod_u32u32
                0x10003c38                divmod_u32u32_unsafe
                0x10003c60                divmod_u32u32_savestate
 .text.__wrap___aeabi_ldiv
                0x10003c7c      0x434 CMakeFiles\orchestra.dir\C_\PICO\pico-sdk\src\rp2_common\pico_divider\divider.S.obj
                0x10003c7c                div_s64s64
                0x10003c7c                divmod_s64s64
                0x10003c7c                __wrap___aeabi_ldivmod
                0x10003cb4                divmod_u64u64
                0x10003cb4                div_u64u64
                0x10003cb4                __wrap___aeabi_uldivmod
                0x10003cc4                divmod_u64u64_savestate
                0x10003cec                divmod_s64s64_unsafe
                0x10003d74                divmod_u64u64_unsafe
 .text.__wrap___aeabi_darithmetic
                0x100040b0       0x80 CMakeFiles\orchestra.dir\C_\PICO\pico-sdk\src\rp2_common\pico_double\double_aeabi.S.obj
                0x100040b0                __wrap___aeabi_drsub
                0x100040b6                __wrap___aeabi_dsub
                0x100040c8                __wrap___aeabi_dadd
                0x100040da                __wrap___aeabi_ddiv
                0x10004116                __wrap___aeabi_dmul
 .text.__wrap___aeabi_cdcmple
                0x10004130       0x6c CMakeFiles\orchestra.dir\C_\PICO\pico-sdk\src\rp2_common\pico_double\double_aeabi.S.obj
                0x10004130                __wrap___aeabi_cdrcmple
                0x10004140                __wrap___aeabi_cdcmpeq
                0x10004140                __wrap___aeabi_cdcmple
 .text.__wrap___aeabi_dcmplt
                0x1000419c        0xc CMakeFiles\orchestra.dir\C_\PICO\pico-sdk\src\rp2_common\pico_double\double_aeabi.S.obj
                0x1000419c                __wrap___aeabi_dcmplt
 .text.__wrap___aeabi_dcmple
                0x100041a8       0x10 CMakeFiles\orchestra.dir\C_\PICO\pico-sdk\src\rp2_common\pico_double\double_aeabi.S.obj
                0x100041a8                __wrap___aeabi_dcmple
 .text.__wrap___aeabi_dcmpge
                0x100041b8       0x10 CMakeFiles\orchestra.dir\C_\PICO\pico-sdk\src\rp2_common\pico_double\double_aeabi.S.obj
                0x100041b8                __wrap___aeabi_dcmpge
 .text.__wrap___aeabi_dcmpgt
                0x100041c8        0xa CMakeFiles\orchestra.dir\C_\PICO\pico-sdk\src\rp2_common\pico_double\double_aeabi.S.obj
                0x100041c8                __wrap___aeabi_dcmpgt
 .text.__wrap___aeabi_dcmpun
                0x100041d2       0x1c CMakeFiles\orchestra.dir\C_\PICO\pico-sdk\src\rp2_common\pico_double\double_aeabi.S.obj
                0x100041d2                __wrap___aeabi_dcmpun
 *fill*         0x100041ee        0x2 
 .text.__wrap___aeabi_i2d
                0x100041f0       0x38 CMakeFiles\orchestra.dir\C_\PICO\pico-sdk\src\rp2_common\pico_double\double_aeabi.S.obj
                0x100041f0                __wrap___aeabi_ui2d
                0x100041f8                __wrap___aeabi_i2d
 .text.__wrap___aeabi_d2iz
                0x10004228       0x48 CMakeFiles\orchestra.dir\C_\PICO\pico-sdk\src\rp2_common\pico_double\double_aeabi.S.obj
                0x10004228                double2int_z
                0x10004228                __wrap___aeabi_d2iz
 .text.__wrap___aeabi_d2uiz
                0x10004270       0x18 CMakeFiles\orchestra.dir\C_\PICO\pico-sdk\src\rp2_common\pico_double\double_aeabi.S.obj
                0x10004270                __wrap___aeabi_d2uiz
                0x10004270                double2uint
 .text.__wrap___aeabi_d2f
                0x10004288       0x18 CMakeFiles\orchestra.dir\C_\PICO\pico-sdk\src\rp2_common\pico_double\double_aeabi.S.obj
                0x10004288                __wrap___aeabi_d2f
 .text.__aeabi_double_init
                0x100042a0       0xc8 CMakeFiles\orchestra.dir\C_\PICO\pico-sdk\src\rp2_common\pico_double\double_init_rom.c.obj
                0x100042a0                __aeabi_double_init
 .text.double_table_shim_on_use_helper
                0x10004368       0x34 CMakeFiles\orchestra.dir\C_\PICO\pico-sdk\src\rp2_common\pico_double\double_v1_rom_shim.S.obj
                0x10004368                double_table_shim_on_use_helper
 .text.__wrap___aeabi_dsub
                0x1000439c       0x10 CMakeFiles\orchestra.dir\C_\PICO\pico-sdk\src\rp2_common\pico_double\double_v1_rom_shim.S.obj
                0x1000439c                drsub_shim
                0x100043a2                dsub_shim
 .text.dadd_shim
                0x100043ac      0x15c CMakeFiles\orchestra.dir\C_\PICO\pico-sdk\src\rp2_common\pico_double\double_v1_rom_shim.S.obj
                0x100043ac                dadd_shim
 .text.dmul_shim
                0x10004508      0x15c CMakeFiles\orchestra.dir\C_\PICO\pico-sdk\src\rp2_common\pico_double\double_v1_rom_shim.S.obj
                0x10004508                dmul_shim
 .text.ddiv_shim
                0x10004664      0x1b0 CMakeFiles\orchestra.dir\C_\PICO\pico-sdk\src\rp2_common\pico_double\double_v1_rom_shim.S.obj
                0x10004664                ddiv_shim
 .text.double2uint_shim
                0x10004814        0xe CMakeFiles\orchestra.dir\C_\PICO\pico-sdk\src\rp2_common\pico_double\double_v1_rom_shim.S.obj
                0x10004814                double2uint_shim
                0x10004816                double2ufix_shim
 *fill*         0x10004822        0x2 
 .text.double2uint64_shim
                0x10004824       0x70 CMakeFiles\orchestra.dir\C_\PICO\pico-sdk\src\rp2_common\pico_double\double_v1_rom_shim.S.obj
                0x10004824                double2uint64_shim
                0x10004826                double2ufix64_shim
                0x10004846                d2fix_a
 .text.double2float_shim
                0x10004894       0x5c CMakeFiles\orchestra.dir\C_\PICO\pico-sdk\src\rp2_common\pico_double\double_v1_rom_shim.S.obj
                0x10004894                double2float_shim
 .text.dunpacks
                0x100048f0       0x3c CMakeFiles\orchestra.dir\C_\PICO\pico-sdk\src\rp2_common\pico_double\double_v1_rom_shim.S.obj
                0x100048f0                dunpacks
 .text.__aeabi_lmul
                0x1000492c       0x32 CMakeFiles\orchestra.dir\C_\PICO\pico-sdk\src\rp2_common\pico_int64_ops\pico_int64_ops_aeabi.S.obj
                0x1000492c                __wrap___aeabi_lmul
 *fill*         0x1000495e        0x2 
 .text.__wrap___aeabi_farithmetic
                0x10004960       0x58 CMakeFiles\orchestra.dir\C_\PICO\pico-sdk\src\rp2_common\pico_float\float_aeabi.S.obj
                0x10004960                __wrap___aeabi_frsub
                0x10004966                __wrap___aeabi_fsub
                0x10004970                __wrap___aeabi_fadd
                0x1000497a                __wrap___aeabi_fdiv
                0x100049a6                __wrap___aeabi_fmul
 .text.__wrap___aeabi_cfcmple
                0x100049b8       0x50 CMakeFiles\orchestra.dir\C_\PICO\pico-sdk\src\rp2_common\pico_float\float_aeabi.S.obj
                0x100049b8                __wrap___aeabi_cfrcmple
                0x100049c4                __wrap___aeabi_cfcmple
                0x100049c4                __wrap___aeabi_cfcmpeq
 .text.__wrap___aeabi_fcmplt
                0x10004a08        0xc CMakeFiles\orchestra.dir\C_\PICO\pico-sdk\src\rp2_common\pico_float\float_aeabi.S.obj
                0x10004a08                __wrap___aeabi_fcmplt
 .text.__wrap___aeabi_fcmpgt
                0x10004a14        0xa CMakeFiles\orchestra.dir\C_\PICO\pico-sdk\src\rp2_common\pico_float\float_aeabi.S.obj
                0x10004a14                __wrap___aeabi_fcmpgt
 .text.__wrap___aeabi_ui2f
                0x10004a1e        0xa CMakeFiles\orchestra.dir\C_\PICO\pico-sdk\src\rp2_common\pico_float\float_aeabi.S.obj
                0x10004a1e                __wrap___aeabi_ui2f
 .text.__wrap___aeabi_i2f
                0x10004a28       0x44 CMakeFiles\orchestra.dir\C_\PICO\pico-sdk\src\rp2_common\pico_float\float_aeabi.S.obj
                0x10004a28                __wrap___aeabi_i2f
 .text.__wrap___aeabi_f2iz
                0x10004a6c       0x4e CMakeFiles\orchestra.dir\C_\PICO\pico-sdk\src\rp2_common\pico_float\float_aeabi.S.obj
                0x10004a6c                float2int_z
                0x10004a6c                __wrap___aeabi_f2iz
 *fill*         0x10004aba        0x2 
 .text.float2int
                0x10004abc       0x14 CMakeFiles\orchestra.dir\C_\PICO\pico-sdk\src\rp2_common\pico_float\float_aeabi.S.obj
                0x10004abc                float2int
 .text.__wrap___aeabi_f2uiz
                0x10004ad0       0x10 CMakeFiles\orchestra.dir\C_\PICO\pico-sdk\src\rp2_common\pico_float\float_aeabi.S.obj
                0x10004ad0                __wrap___aeabi_f2uiz
 .text.fix2float
                0x10004ae0       0x10 CMakeFiles\orchestra.dir\C_\PICO\pico-sdk\src\rp2_common\pico_float\float_aeabi.S.obj
                0x10004ae0                fix2float
 .text.__wrap___aeabi_f2d
                0x10004af0       0x14 CMakeFiles\orchestra.dir\C_\PICO\pico-sdk\src\rp2_common\pico_float\float_aeabi.S.obj
                0x10004af0                __wrap___aeabi_f2d
 .text.__wrap_srqtf
                0x10004b04       0x24 CMakeFiles\orchestra.dir\C_\PICO\pico-sdk\src\rp2_common\pico_float\float_aeabi.S.obj
                0x10004b04                __wrap_sqrtf
 .text.__wrap_cosf
                0x10004b28       0x28 CMakeFiles\orchestra.dir\C_\PICO\pico-sdk\src\rp2_common\pico_float\float_aeabi.S.obj
                0x10004b28                __wrap_cosf
 .text.__wrap_sinf
                0x10004b50       0x28 CMakeFiles\orchestra.dir\C_\PICO\pico-sdk\src\rp2_common\pico_float\float_aeabi.S.obj
                0x10004b50                __wrap_sinf
 .text.__wrap_atan2f
                0x10004b78       0x14 CMakeFiles\orchestra.dir\C_\PICO\pico-sdk\src\rp2_common\pico_float\float_aeabi.S.obj
                0x10004b78                __wrap_atan2f
 .text.__aeabi_float_init
                0x10004b8c       0xfc CMakeFiles\orchestra.dir\C_\PICO\pico-sdk\src\rp2_common\pico_float\float_init_rom.c.obj
                0x10004b8c                __aeabi_float_init
 .text.frem_0   0x10004c88       0x80 CMakeFiles\orchestra.dir\C_\PICO\pico-sdk\src\rp2_common\pico_float\float_math.c.obj
 .text.__wrap_asinf
                0x10004d08       0x42 CMakeFiles\orchestra.dir\C_\PICO\pico-sdk\src\rp2_common\pico_float\float_math.c.obj
                0x10004d08                __wrap_asinf
 .text.__wrap_acosf
                0x10004d4a       0x40 CMakeFiles\orchestra.dir\C_\PICO\pico-sdk\src\rp2_common\pico_float\float_math.c.obj
                0x10004d4a                __wrap_acosf
 .text.__wrap_remquof
                0x10004d8a       0xda CMakeFiles\orchestra.dir\C_\PICO\pico-sdk\src\rp2_common\pico_float\float_math.c.obj
                0x10004d8a                __wrap_remquof
 .text.__wrap_remainderf
                0x10004e64        0xa CMakeFiles\orchestra.dir\C_\PICO\pico-sdk\src\rp2_common\pico_float\float_math.c.obj
                0x10004e64                __wrap_remainderf
 *fill*         0x10004e6e        0x2 
 .text.float_table_shim_on_use_helper
                0x10004e70       0x34 CMakeFiles\orchestra.dir\C_\PICO\pico-sdk\src\rp2_common\pico_float\float_v1_rom_shim.S.obj
                0x10004e70                float_table_shim_on_use_helper
 .text.fatan2_shim
                0x10004ea4       0x88 CMakeFiles\orchestra.dir\C_\PICO\pico-sdk\src\rp2_common\pico_float\float_v1_rom_shim.S.obj
                0x10004ea4                fatan2_shim
 .text.float232_shims
                0x10004f2c       0x18 CMakeFiles\orchestra.dir\C_\PICO\pico-sdk\src\rp2_common\pico_float\float_v1_rom_shim.S.obj
                0x10004f2c                float2int_shim
                0x10004f2e                float2fix_shim
 .text.float2double_shim
                0x10004f44       0x30 CMakeFiles\orchestra.dir\C_\PICO\pico-sdk\src\rp2_common\pico_float\float_v1_rom_shim.S.obj
                0x10004f44                float2double_shim
 .text          0x10004f74       0x10 CMakeFiles\orchestra.dir\C_\PICO\pico-sdk\src\rp2_common\pico_mem_ops\mem_ops_aeabi.S.obj
                0x10004f74                __aeabi_mem_init
 .text.memset   0x10004f84        0xc CMakeFiles\orchestra.dir\C_\PICO\pico-sdk\src\rp2_common\pico_mem_ops\mem_ops_aeabi.S.obj
                0x10004f84                __wrap_memset
 .text.memcpy   0x10004f90        0xc CMakeFiles\orchestra.dir\C_\PICO\pico-sdk\src\rp2_common\pico_mem_ops\mem_ops_aeabi.S.obj
                0x10004f90                __wrap_memcpy
                0x10004f90                __wrap___aeabi_memcpy
 .text.stdio_out_chars_no_crlf
                0x10004f9c        0xe CMakeFiles\orchestra.dir\C_\PICO\pico-sdk\src\rp2_common\pico_stdio\stdio.c.obj
 *fill*         0x10004faa        0x2 
 .text.stdio_out_chars_crlf
                0x10004fac       0x80 CMakeFiles\orchestra.dir\C_\PICO\pico-sdk\src\rp2_common\pico_stdio\stdio.c.obj
 .text.stdio_stack_buffer_flush
                0x1000502c       0x44 CMakeFiles\orchestra.dir\C_\PICO\pico-sdk\src\rp2_common\pico_stdio\stdio.c.obj
 .text.stdio_buffered_printer
                0x10005070       0x20 CMakeFiles\orchestra.dir\C_\PICO\pico-sdk\src\rp2_common\pico_stdio\stdio.c.obj
 .text.stdout_serialize_begin
                0x10005090       0x30 CMakeFiles\orchestra.dir\C_\PICO\pico-sdk\src\rp2_common\pico_stdio\stdio.c.obj
                0x10005090                stdout_serialize_begin
 .text.stdout_serialize_end
                0x100050c0       0x10 CMakeFiles\orchestra.dir\C_\PICO\pico-sdk\src\rp2_common\pico_stdio\stdio.c.obj
                0x100050c0                stdout_serialize_end
 .text.stdio_put_string
                0x100050d0       0x98 CMakeFiles\orchestra.dir\C_\PICO\pico-sdk\src\rp2_common\pico_stdio\stdio.c.obj
 .text.stdio_flush
                0x10005168       0x20 CMakeFiles\orchestra.dir\C_\PICO\pico-sdk\src\rp2_common\pico_stdio\stdio.c.obj
                0x10005168                stdio_flush
 .text.__wrap_puts
                0x10005188       0x1e CMakeFiles\orchestra.dir\C_\PICO\pico-sdk\src\rp2_common\pico_stdio\stdio.c.obj
                0x10005188                __wrap_puts
 *fill*         0x100051a6        0x2 
 .text.__wrap_vprintf
                0x100051a8       0x44 CMakeFiles\orchestra.dir\C_\PICO\pico-sdk\src\rp2_common\pico_stdio\stdio.c.obj
                0x100051a8                __wrap_vprintf
 .text.__wrap_printf
                0x100051ec       0x18 CMakeFiles\orchestra.dir\C_\PICO\pico-sdk\src\rp2_common\pico_stdio\stdio.c.obj
                0x100051ec                __wrap_printf
 .text.strlen   0x10005204       0x5c c:/progra~2/gnuarm~1/102021~1.10/bin/../lib/gcc/arm-none-eabi/10.3.1/../../../../arm-none-eabi/lib/thumb/v6-m/nofp\libg.a(lib_a-strlen-stub.o)
                0x10005204                strlen
 *(.fini)
 .fini          0x10005260        0x4 c:/progra~2/gnuarm~1/102021~1.10/bin/../lib/gcc/arm-none-eabi/10.3.1/thumb/v6-m/nofp/crti.o
                0x10005260                _fini
 *fill*         0x10005264        0x4 
 .fini.__stub   0x10005268       0x50 linker stubs
 *crtbegin.o(.ctors)
 *crtbegin?.o(.ctors)
 *(EXCLUDE_FILE(*crtend.o *crtend?.o) .ctors)
 *(SORT_BY_NAME(.ctors.*))
 *(.ctors)
 *crtbegin.o(.dtors)
 *crtbegin?.o(.dtors)
 *(EXCLUDE_FILE(*crtend.o *crtend?.o) .dtors)
 *(SORT_BY_NAME(.dtors.*))
 *(.dtors)
 *(.eh_frame*)
 .eh_frame      0x100052b8        0x0 c:/progra~2/gnuarm~1/102021~1.10/bin/../lib/gcc/arm-none-eabi/10.3.1/thumb/v6-m/nofp/crtbegin.o
                0x100052b8                . = ALIGN (0x4)

.glue_7         0x100052b8        0x0
 .glue_7        0x100052b8        0x0 linker stubs

.glue_7t        0x100052b8        0x0
 .glue_7t       0x100052b8        0x0 linker stubs

.vfp11_veneer   0x100052b8        0x0
 .vfp11_veneer  0x100052b8        0x0 linker stubs

.v4_bx          0x100052b8        0x0
 .v4_bx         0x100052b8        0x0 linker stubs

.iplt           0x100052b8        0x0
 .iplt          0x100052b8        0x0 c:/progra~2/gnuarm~1/102021~1.10/bin/../lib/gcc/arm-none-eabi/10.3.1/thumb/v6-m/nofp/crtbegin.o

.rodata         0x100052b8      0xd90
 *(EXCLUDE_FILE(*libm.a: *libc.a:*lib_a-mem*.o *libgcc.a:) .rodata*)
 .rodata.main.str1.4
                0x100052b8        0xd CMakeFiles\orchestra.dir\orchestra.cpp.obj
 *fill*         0x100052c5        0x3 
 .rodata.repeating_timer_callback.str1.4
                0x100052c8       0x41 CMakeFiles\orchestra.dir\C_\PICO\pico-sdk\src\common\pico_time\time.c.obj
 *fill*         0x10005309        0x3 
 .rodata.alarm_pool_dump_key.str1.4
                0x1000530c       0x33 CMakeFiles\orchestra.dir\C_\PICO\pico-sdk\src\common\pico_time\time.c.obj
 *fill*         0x1000533f        0x1 
 .rodata.ph_add_child_node.str1.4
                0x10005340       0x8a CMakeFiles\orchestra.dir\C_\PICO\pico-sdk\src\common\pico_time\time.c.obj
 *fill*         0x100053ca        0x2 
 .rodata.add_alarm_under_lock.str1.4
                0x100053cc       0x28 CMakeFiles\orchestra.dir\C_\PICO\pico-sdk\src\common\pico_time\time.c.obj
                                 0x2b (size before relaxing)
 .rodata.alarm_pool_alarm_callback.str1.4
                0x100053f4       0xda CMakeFiles\orchestra.dir\C_\PICO\pico-sdk\src\common\pico_time\time.c.obj
 *fill*         0x100054ce        0x2 
 .rodata.alarm_pool_get_default.str1.4
                0x100054d0       0x21 CMakeFiles\orchestra.dir\C_\PICO\pico-sdk\src\common\pico_time\time.c.obj
 *fill*         0x100054f1        0x3 
 .rodata.sleep_until.str1.4
                0x100054f4       0x4d CMakeFiles\orchestra.dir\C_\PICO\pico-sdk\src\common\pico_time\time.c.obj
 *fill*         0x10005541        0x3 
 .rodata.__func__.10
                0x10005544       0x15 CMakeFiles\orchestra.dir\C_\PICO\pico-sdk\src\common\pico_time\time.c.obj
 *fill*         0x10005559        0x3 
 .rodata.__func__.11
                0x1000555c       0x1a CMakeFiles\orchestra.dir\C_\PICO\pico-sdk\src\common\pico_time\time.c.obj
 *fill*         0x10005576        0x2 
 .rodata.__func__.12
                0x10005578        0xa CMakeFiles\orchestra.dir\C_\PICO\pico-sdk\src\common\pico_time\time.c.obj
 *fill*         0x10005582        0x2 
 .rodata.__func__.3
                0x10005584       0x17 CMakeFiles\orchestra.dir\C_\PICO\pico-sdk\src\common\pico_time\time.c.obj
 *fill*         0x1000559b        0x1 
 .rodata.__func__.4
                0x1000559c       0x12 CMakeFiles\orchestra.dir\C_\PICO\pico-sdk\src\common\pico_time\time.c.obj
 *fill*         0x100055ae        0x2 
 .rodata.__func__.5
                0x100055b0        0xd CMakeFiles\orchestra.dir\C_\PICO\pico-sdk\src\common\pico_time\time.c.obj
 *fill*         0x100055bd        0x3 
 .rodata.__func__.6
                0x100055c0       0x12 CMakeFiles\orchestra.dir\C_\PICO\pico-sdk\src\common\pico_time\time.c.obj
 *fill*         0x100055d2        0x2 
 .rodata.__func__.7
                0x100055d4        0xf CMakeFiles\orchestra.dir\C_\PICO\pico-sdk\src\common\pico_time\time.c.obj
 *fill*         0x100055e3        0x1 
 .rodata.__func__.8
                0x100055e4        0xc CMakeFiles\orchestra.dir\C_\PICO\pico-sdk\src\common\pico_time\time.c.obj
 .rodata.__func__.9
                0x100055f0       0x15 CMakeFiles\orchestra.dir\C_\PICO\pico-sdk\src\common\pico_time\time.c.obj
 *fill*         0x10005605        0x3 
 .rodata.hardware_alarm_claim.str1.4
                0x10005608       0x22 CMakeFiles\orchestra.dir\C_\PICO\pico-sdk\src\rp2_common\hardware_timer\timer.c.obj
 *fill*         0x1000562a        0x2 
 .rodata.hardware_alarm_set_target.str1.4
                0x1000562c       0x5b CMakeFiles\orchestra.dir\C_\PICO\pico-sdk\src\rp2_common\hardware_timer\timer.c.obj
 *fill*         0x10005687        0x1 
 .rodata.__func__.0
                0x10005688       0x1a CMakeFiles\orchestra.dir\C_\PICO\pico-sdk\src\rp2_common\hardware_timer\timer.c.obj
 *fill*         0x100056a2        0x2 
 .rodata.str1.4
                0x100056a4       0x81 CMakeFiles\orchestra.dir\C_\PICO\pico-sdk\src\common\pico_sync\mutex.c.obj
                                 0xd9 (size before relaxing)
 *fill*         0x10005725        0x3 
 .rodata.__func__.1
                0x10005728        0xb CMakeFiles\orchestra.dir\C_\PICO\pico-sdk\src\common\pico_sync\mutex.c.obj
 .rodata.ph_add_child_node.str1.4
                0x10005733       0x8a CMakeFiles\orchestra.dir\C_\PICO\pico-sdk\src\common\pico_util\pheap.c.obj
 *fill*         0x10005733        0x1 
 .rodata.ph_remove_any_head.str1.4
                0x10005734       0x84 CMakeFiles\orchestra.dir\C_\PICO\pico-sdk\src\common\pico_util\pheap.c.obj
 .rodata.ph_remove_and_free_node.str1.4
                0x100057b8       0x26 CMakeFiles\orchestra.dir\C_\PICO\pico-sdk\src\common\pico_util\pheap.c.obj
 *fill*         0x100057de        0x2 
 .rodata.__func__.0
                0x100057e0       0x18 CMakeFiles\orchestra.dir\C_\PICO\pico-sdk\src\common\pico_util\pheap.c.obj
 .rodata.__func__.1
                0x100057f8       0x13 CMakeFiles\orchestra.dir\C_\PICO\pico-sdk\src\common\pico_util\pheap.c.obj
 *fill*         0x1000580b        0x1 
 .rodata.__func__.2
                0x1000580c       0x12 CMakeFiles\orchestra.dir\C_\PICO\pico-sdk\src\common\pico_util\pheap.c.obj
 *fill*         0x1000581e        0x2 
 .rodata.__func__.3
                0x10005820        0xc CMakeFiles\orchestra.dir\C_\PICO\pico-sdk\src\common\pico_util\pheap.c.obj
 .rodata.__assert_func.str1.4
                0x1000582c       0x3f CMakeFiles\orchestra.dir\C_\PICO\pico-sdk\src\rp2_common\pico_runtime\runtime.c.obj
                                 0x43 (size before relaxing)
 *fill*         0x1000586b        0x1 
 .rodata.runtime_init.str1.4
                0x1000586c       0x57 CMakeFiles\orchestra.dir\C_\PICO\pico-sdk\src\rp2_common\pico_runtime\runtime.c.obj
 *fill*         0x100058c3        0x1 
 .rodata.panic.str1.4
                0x100058c4       0x12 CMakeFiles\orchestra.dir\C_\PICO\pico-sdk\src\rp2_common\pico_runtime\runtime.c.obj
 *fill*         0x100058d6        0x2 
 .rodata.__func__.1
                0x100058d8        0xd CMakeFiles\orchestra.dir\C_\PICO\pico-sdk\src\rp2_common\pico_runtime\runtime.c.obj
 *fill*         0x100058e5        0x3 
 .rodata.clock_configure.str1.4
                0x100058e8       0x4d CMakeFiles\orchestra.dir\C_\PICO\pico-sdk\src\rp2_common\hardware_clocks\clocks.c.obj
 *fill*         0x10005935        0x3 
 .rodata.__func__.1
                0x10005938       0x10 CMakeFiles\orchestra.dir\C_\PICO\pico-sdk\src\rp2_common\hardware_clocks\clocks.c.obj
 .rodata.make_branch.str1.4
                0x10005948       0x43 CMakeFiles\orchestra.dir\C_\PICO\pico-sdk\src\rp2_common\hardware_irq\irq.c.obj
 *fill*         0x1000598b        0x1 
 .rodata.irq_set_exclusive_handler.str1.4
                0x1000598c       0x36 CMakeFiles\orchestra.dir\C_\PICO\pico-sdk\src\rp2_common\hardware_irq\irq.c.obj
 *fill*         0x100059c2        0x2 
 .rodata.irq_add_shared_handler.str1.4
                0x100059c4       0xd9 CMakeFiles\orchestra.dir\C_\PICO\pico-sdk\src\rp2_common\hardware_irq\irq.c.obj
 *fill*         0x10005a9d        0x3 
 .rodata.irq_remove_handler.str1.4
                0x10005aa0       0x2a CMakeFiles\orchestra.dir\C_\PICO\pico-sdk\src\rp2_common\hardware_irq\irq.c.obj
 *fill*         0x10005aca        0x2 
 .rodata.irq_add_tail_to_free_list.str1.4
                0x10005acc       0x32 CMakeFiles\orchestra.dir\C_\PICO\pico-sdk\src\rp2_common\hardware_irq\irq.c.obj
                                 0x3a (size before relaxing)
 *fill*         0x10005afe        0x2 
 .rodata.__func__.0
                0x10005b00       0x1a CMakeFiles\orchestra.dir\C_\PICO\pico-sdk\src\rp2_common\hardware_irq\irq.c.obj
 *fill*         0x10005b1a        0x2 
 .rodata.__func__.1
                0x10005b1c       0x17 CMakeFiles\orchestra.dir\C_\PICO\pico-sdk\src\rp2_common\hardware_irq\irq.c.obj
 *fill*         0x10005b33        0x1 
 .rodata.__func__.2
                0x10005b34       0x13 CMakeFiles\orchestra.dir\C_\PICO\pico-sdk\src\rp2_common\hardware_irq\irq.c.obj
 *fill*         0x10005b47        0x1 
 .rodata.__func__.3
                0x10005b48        0xc CMakeFiles\orchestra.dir\C_\PICO\pico-sdk\src\rp2_common\hardware_irq\irq.c.obj
 .rodata.__func__.4
                0x10005b54        0xf CMakeFiles\orchestra.dir\C_\PICO\pico-sdk\src\rp2_common\hardware_irq\irq.c.obj
 *fill*         0x10005b63        0x1 
 .rodata.__func__.6
                0x10005b64       0x1a CMakeFiles\orchestra.dir\C_\PICO\pico-sdk\src\rp2_common\hardware_irq\irq.c.obj
 *fill*         0x10005b7e        0x2 
 .rodata.pll_init.str1.4
                0x10005b80       0xcf CMakeFiles\orchestra.dir\C_\PICO\pico-sdk\src\rp2_common\hardware_pll\pll.c.obj
 *fill*         0x10005c4f        0x1 
 .rodata.__func__.0
                0x10005c50        0x9 CMakeFiles\orchestra.dir\C_\PICO\pico-sdk\src\rp2_common\hardware_pll\pll.c.obj
 *fill*         0x10005c59        0x3 
 .rodata._ftoa.str1.4
                0x10005c5c       0x15 CMakeFiles\orchestra.dir\C_\PICO\pico-sdk\src\rp2_common\pico_printf\printf.c.obj
 *fill*         0x10005c71        0x3 
 .rodata._vsnprintf
                0x10005c74      0x1e0 CMakeFiles\orchestra.dir\C_\PICO\pico-sdk\src\rp2_common\pico_printf\printf.c.obj
 *fill*         0x10005e54        0x4 
 .rodata.pow10.0
                0x10005e58       0x50 CMakeFiles\orchestra.dir\C_\PICO\pico-sdk\src\rp2_common\pico_printf\printf.c.obj
 .rodata.__aeabi_double_init.str1.4
                0x10005ea8       0x9e CMakeFiles\orchestra.dir\C_\PICO\pico-sdk\src\rp2_common\pico_double\double_init_rom.c.obj
 *fill*         0x10005f46        0x2 
 .rodata.__func__.0
                0x10005f48       0x14 CMakeFiles\orchestra.dir\C_\PICO\pico-sdk\src\rp2_common\pico_double\double_init_rom.c.obj
 .rodata.__aeabi_float_init.str1.4
                0x10005f5c       0x70 CMakeFiles\orchestra.dir\C_\PICO\pico-sdk\src\rp2_common\pico_float\float_init_rom.c.obj
                                 0x74 (size before relaxing)
 .rodata.__func__.0
                0x10005fcc       0x13 CMakeFiles\orchestra.dir\C_\PICO\pico-sdk\src\rp2_common\pico_float\float_init_rom.c.obj
 *fill*         0x10005fdf        0x1 
 .rodata.str1.4
                0x10005fe0       0x40 CMakeFiles\orchestra.dir\C_\PICO\pico-sdk\src\rp2_common\pico_standard_link\binary_info.c.obj
 .rodata.__bi_44
                0x10006020        0xc CMakeFiles\orchestra.dir\C_\PICO\pico-sdk\src\rp2_common\pico_standard_link\binary_info.c.obj
 .rodata.__bi_75
                0x1000602c        0xc CMakeFiles\orchestra.dir\C_\PICO\pico-sdk\src\rp2_common\pico_standard_link\binary_info.c.obj
 .rodata.__bi_81
                0x10006038        0xc CMakeFiles\orchestra.dir\C_\PICO\pico-sdk\src\rp2_common\pico_standard_link\binary_info.c.obj
 .rodata.crlf_str.3
                0x10006044        0x2 CMakeFiles\orchestra.dir\C_\PICO\pico-sdk\src\rp2_common\pico_stdio\stdio.c.obj
                0x10006048                . = ALIGN (0x4)
 *fill*         0x10006046        0x2 
 *(SORT_BY_ALIGNMENT(SORT_BY_NAME(.flashdata*)))
                0x10006048                . = ALIGN (0x4)

.rel.dyn        0x10006048        0x0
 .rel.iplt      0x10006048        0x0 c:/progra~2/gnuarm~1/102021~1.10/bin/../lib/gcc/arm-none-eabi/10.3.1/thumb/v6-m/nofp/crtbegin.o

.ARM.extab
 *(.ARM.extab* .gnu.linkonce.armextab.*)
                0x10006048                __exidx_start = .

.ARM.exidx
 *(.ARM.exidx* .gnu.linkonce.armexidx.*)
                0x10006048                __exidx_end = .
                0x10006048                . = ALIGN (0x4)
                0x10006048                __binary_info_start = .

.binary_info    0x10006048       0x1c
 *(.binary_info.keep.*)
 .binary_info.keep.__bi_ptr22
                0x10006048        0x4 CMakeFiles\orchestra.dir\C_\PICO\pico-sdk\src\rp2_common\pico_standard_link\binary_info.c.obj
 .binary_info.keep.__bi_ptr30
                0x1000604c        0x4 CMakeFiles\orchestra.dir\C_\PICO\pico-sdk\src\rp2_common\pico_standard_link\binary_info.c.obj
 .binary_info.keep.__bi_ptr38
                0x10006050        0x4 CMakeFiles\orchestra.dir\C_\PICO\pico-sdk\src\rp2_common\pico_standard_link\binary_info.c.obj
 .binary_info.keep.__bi_ptr44
                0x10006054        0x4 CMakeFiles\orchestra.dir\C_\PICO\pico-sdk\src\rp2_common\pico_standard_link\binary_info.c.obj
 .binary_info.keep.__bi_ptr50
                0x10006058        0x4 CMakeFiles\orchestra.dir\C_\PICO\pico-sdk\src\rp2_common\pico_standard_link\binary_info.c.obj
 .binary_info.keep.__bi_ptr75
                0x1000605c        0x4 CMakeFiles\orchestra.dir\C_\PICO\pico-sdk\src\rp2_common\pico_standard_link\binary_info.c.obj
 .binary_info.keep.__bi_ptr81
                0x10006060        0x4 CMakeFiles\orchestra.dir\C_\PICO\pico-sdk\src\rp2_common\pico_standard_link\binary_info.c.obj
 *(.binary_info.*)
                0x10006064                __binary_info_end = .
                0x10006064                . = ALIGN (0x4)
                0x10006064                __etext = .

.ram_vector_table
                0x20000000       0xc0
 *(.ram_vector_table)
 .ram_vector_table
                0x20000000       0xc0 CMakeFiles\orchestra.dir\C_\PICO\pico-sdk\src\rp2_common\pico_runtime\runtime.c.obj
                0x20000000                ram_vector_table

.data           0x200000c0      0x1ac load address 0x10006064
                0x200000c0                __data_start__ = .
 *(vtable)
 *(.time_critical*)
 .time_critical.mutex_enter_blocking
                0x200000c0       0x48 CMakeFiles\orchestra.dir\C_\PICO\pico-sdk\src\common\pico_sync\mutex.c.obj
                0x200000c0                mutex_enter_blocking
 .time_critical.mutex_try_enter
                0x20000108       0x46 CMakeFiles\orchestra.dir\C_\PICO\pico-sdk\src\common\pico_sync\mutex.c.obj
                0x20000108                mutex_try_enter
 *fill*         0x2000014e        0x2 
 .time_critical.mutex_exit
                0x20000150       0x4c CMakeFiles\orchestra.dir\C_\PICO\pico-sdk\src\common\pico_sync\mutex.c.obj
                0x20000150                mutex_exit
 *(.text*)
 .text          0x2000019c        0x4 c:/progra~2/gnuarm~1/102021~1.10/bin/../lib/gcc/arm-none-eabi/10.3.1/thumb/v6-m/nofp\libgcc.a(_dvmd_tls.o)
                0x2000019c                __aeabi_idiv0
                0x2000019c                __aeabi_ldiv0
 .text.__stub   0x200001a0       0x10 linker stubs
                0x200001b0                . = ALIGN (0x4)
 *(.rodata*)
                0x200001b0                . = ALIGN (0x4)
 *(.data*)
 .data.striped_spin_lock_num
                0x200001b0        0x1 CMakeFiles\orchestra.dir\C_\PICO\pico-sdk\src\rp2_common\hardware_sync\sync.c.obj
 *fill*         0x200001b1        0x3 
 .data.default_alarm_pool
                0x200001b4       0x18 CMakeFiles\orchestra.dir\C_\PICO\pico-sdk\src\common\pico_time\time.c.obj
 .data.default_alarm_pool_heap
                0x200001cc       0x10 CMakeFiles\orchestra.dir\C_\PICO\pico-sdk\src\common\pico_time\time.c.obj
 .data          0x200001dc       0x48 CMakeFiles\orchestra.dir\C_\PICO\pico-sdk\src\rp2_common\hardware_irq\irq_handler_chain.S.obj
                0x200001dc                irq_handler_chain_slots
                0x2000020c                irq_handler_chain_first_slot
                0x20000216                irq_handler_chain_remove_tail
 *fill*         0x20000224        0xc 
 .data.aeabi_bits_funcs
                0x20000230       0x10 CMakeFiles\orchestra.dir\C_\PICO\pico-sdk\src\rp2_common\pico_bit_ops\bit_ops_aeabi.S.obj
                0x20000230                aeabi_bits_funcs
                0x20000240                aeabi_bits_funcs_end
 .data.aeabi_mem_funcs
                0x20000240       0x10 CMakeFiles\orchestra.dir\C_\PICO\pico-sdk\src\rp2_common\pico_mem_ops\mem_ops_aeabi.S.obj
                0x20000240                aeabi_mem_funcs
                0x20000250                aeabi_mem_funcs_end
                0x20000250                . = ALIGN (0x4)
 *(.after_data.*)
                0x20000250                . = ALIGN (0x4)
                0x20000250                PROVIDE (__mutex_array_start = .)
 *(SORT_BY_NAME(.mutex_array.*))
 *(.mutex_array)
 .mutex_array   0x20000250        0x8 CMakeFiles\orchestra.dir\C_\PICO\pico-sdk\src\rp2_common\pico_stdio\stdio.c.obj
                0x20000258                PROVIDE (__mutex_array_end = .)
                0x20000258                . = ALIGN (0x4)
                0x20000258                PROVIDE (__preinit_array_start = .)
 *(SORT_BY_NAME(.preinit_array.*))
 .preinit_array.00001
                0x20000258        0x4 CMakeFiles\orchestra.dir\C_\PICO\pico-sdk\src\rp2_common\pico_mem_ops\mem_ops_aeabi.S.obj
 .preinit_array.00010
                0x2000025c        0x4 CMakeFiles\orchestra.dir\C_\PICO\pico-sdk\src\rp2_common\pico_bit_ops\bit_ops_aeabi.S.obj
 .preinit_array.00020
                0x20000260        0x4 CMakeFiles\orchestra.dir\C_\PICO\pico-sdk\src\rp2_common\pico_double\double_aeabi.S.obj
 .preinit_array.00020
                0x20000264        0x4 CMakeFiles\orchestra.dir\C_\PICO\pico-sdk\src\rp2_common\pico_float\float_aeabi.S.obj
 *(.preinit_array)
                0x20000268                PROVIDE (__preinit_array_end = .)
                0x20000268                . = ALIGN (0x4)
                0x20000268                PROVIDE (__init_array_start = .)
 *(SORT_BY_NAME(.init_array.*))
 *(.init_array)
 .init_array    0x20000268        0x4 c:/progra~2/gnuarm~1/102021~1.10/bin/../lib/gcc/arm-none-eabi/10.3.1/thumb/v6-m/nofp/crtbegin.o
                0x2000026c                PROVIDE (__init_array_end = .)
                0x2000026c                . = ALIGN (0x4)
                [!provide]                PROVIDE (__fini_array_start = .)
 *(SORT_BY_NAME(.fini_array.*))
 *(.fini_array)
                [!provide]                PROVIDE (__fini_array_end = .)
 *(.jcr)
                0x2000026c                . = ALIGN (0x4)
                0x2000026c                __data_end__ = .

.igot.plt       0x2000026c        0x0 load address 0x10006210
 .igot.plt      0x2000026c        0x0 c:/progra~2/gnuarm~1/102021~1.10/bin/../lib/gcc/arm-none-eabi/10.3.1/thumb/v6-m/nofp/crtbegin.o

.uninitialized_data
                0x2000026c        0x0 load address 0x10006210
                0x2000026c                . = ALIGN (0x4)
 *(.uninitialized_data*)

.scratch_x      0x20040000        0x0 load address 0x10006210
                0x20040000                __scratch_x_start__ = .
 *(.scratch_x.*)
                0x20040000                . = ALIGN (0x4)
                0x20040000                __scratch_x_end__ = .
                0x10006210                __scratch_x_source__ = LOADADDR (.scratch_x)

.scratch_y      0x20041000        0x0 load address 0x10006210
                0x20041000                __scratch_y_start__ = .
 *(.scratch_y.*)
                0x20041000                . = ALIGN (0x4)
                0x20041000                __scratch_y_end__ = .
                0x10006210                __scratch_y_source__ = LOADADDR (.scratch_y)

.bss            0x20000270      0x3cc
                0x20000270                . = ALIGN (0x4)
                0x20000270                __bss_start__ = .
 *(SORT_BY_ALIGNMENT(SORT_BY_NAME(.bss*)))
 .bss.default_alarm_pool_entries
                0x20000270      0x100 CMakeFiles\orchestra.dir\C_\PICO\pico-sdk\src\common\pico_time\time.c.obj
 .bss           0x20000370       0x1c c:/progra~2/gnuarm~1/102021~1.10/bin/../lib/gcc/arm-none-eabi/10.3.1/thumb/v6-m/nofp/crtbegin.o
 .bss.alarm_callbacks
                0x2000038c       0x10 CMakeFiles\orchestra.dir\C_\PICO\pico-sdk\src\rp2_common\hardware_timer\timer.c.obj
 .bss.configured_freq
                0x2000039c       0x28 CMakeFiles\orchestra.dir\C_\PICO\pico-sdk\src\rp2_common\hardware_clocks\clocks.c.obj
 .bss.default_alarm_pool_entry_ids_high
                0x200003c4       0x10 CMakeFiles\orchestra.dir\C_\PICO\pico-sdk\src\common\pico_time\time.c.obj
 .bss.default_alarm_pool_heap_nodes
                0x200003d4       0x30 CMakeFiles\orchestra.dir\C_\PICO\pico-sdk\src\common\pico_time\time.c.obj
 .bss.drivers   0x20000404        0x4 CMakeFiles\orchestra.dir\C_\PICO\pico-sdk\src\rp2_common\pico_stdio\stdio.c.obj
 .bss.filter    0x20000408        0x4 CMakeFiles\orchestra.dir\C_\PICO\pico-sdk\src\rp2_common\pico_stdio\stdio.c.obj
 .bss.pools     0x2000040c       0x10 CMakeFiles\orchestra.dir\C_\PICO\pico-sdk\src\common\pico_time\time.c.obj
 .bss.sd_table  0x2000041c      0x100 CMakeFiles\orchestra.dir\C_\PICO\pico-sdk\src\rp2_common\pico_double\double_init_rom.c.obj
                0x2000041c                sd_table
 .bss.sf_clz_func
                0x2000051c        0x4 CMakeFiles\orchestra.dir\C_\PICO\pico-sdk\src\rp2_common\pico_double\double_init_rom.c.obj
                0x2000051c                sf_clz_func
 .bss.sf_table  0x20000520      0x100 CMakeFiles\orchestra.dir\C_\PICO\pico-sdk\src\rp2_common\pico_float\float_init_rom.c.obj
                0x20000520                sf_table
 .bss.sleep_notifier
                0x20000620        0x4 CMakeFiles\orchestra.dir\C_\PICO\pico-sdk\src\common\pico_time\time.c.obj
 .bss.target_hi
                0x20000624       0x10 CMakeFiles\orchestra.dir\C_\PICO\pico-sdk\src\rp2_common\hardware_timer\timer.c.obj
 .bss.uart_char_to_line_feed
                0x20000634        0x4 CMakeFiles\orchestra.dir\C_\PICO\pico-sdk\src\rp2_common\hardware_uart\uart.c.obj
                0x20000634                uart_char_to_line_feed
 .bss.claimed   0x20000638        0x1 CMakeFiles\orchestra.dir\C_\PICO\pico-sdk\src\rp2_common\hardware_timer\timer.c.obj
 .bss.irq_hander_chain_free_slot_head
                0x20000639        0x1 CMakeFiles\orchestra.dir\C_\PICO\pico-sdk\src\rp2_common\hardware_irq\irq.c.obj
 .bss.timer_callbacks_pending
                0x2000063a        0x1 CMakeFiles\orchestra.dir\C_\PICO\pico-sdk\src\rp2_common\hardware_timer\timer.c.obj
 *(COMMON)
                0x2000063c                . = ALIGN (0x4)
 *fill*         0x2000063b        0x1 
                0x2000063c                __bss_end__ = .

.heap           0x2000063c      0x800
                0x2000063c                __end__ = .
                0x2000063c                end = __end__
 *(.heap*)
 .heap          0x2000063c      0x800 CMakeFiles\orchestra.dir\C_\PICO\pico-sdk\src\rp2_common\pico_standard_link\crt0.S.obj
                0x20000e3c                __HeapLimit = .

.stack1_dummy   0x20040000        0x0
 *(.stack1*)

.stack_dummy    0x20041000      0x800
 *(.stack*)
 .stack         0x20041000      0x800 CMakeFiles\orchestra.dir\C_\PICO\pico-sdk\src\rp2_common\pico_standard_link\crt0.S.obj

.flash_end      0x10006210        0x0
                0x10006210                __flash_binary_end = .
                0x20040000                __StackLimit = (ORIGIN (RAM) + LENGTH (RAM))
                0x20041000                __StackOneTop = (ORIGIN (SCRATCH_X) + LENGTH (SCRATCH_X))
                0x20042000                __StackTop = (ORIGIN (SCRATCH_Y) + LENGTH (SCRATCH_Y))
                0x20041000                __StackOneBottom = (__StackOneTop - SIZEOF (.stack1_dummy))
                0x20041800                __StackBottom = (__StackTop - SIZEOF (.stack_dummy))
                0x20042000                PROVIDE (__stack = __StackTop)
                0x00000001                ASSERT ((__StackLimit >= __HeapLimit), region RAM overflowed)
                0x00000001                ASSERT (((__binary_info_header_end - __logical_binary_start) <= 0x100), Binary info must be in first 256 bytes of the binary)
LOAD CMakeFiles\orchestra.dir\orchestra.cpp.obj
LOAD CMakeFiles\orchestra.dir\C_\PICO\pico-sdk\src\rp2_common\pico_stdlib\stdlib.c.obj
LOAD CMakeFiles\orchestra.dir\C_\PICO\pico-sdk\src\rp2_common\hardware_gpio\gpio.c.obj
LOAD CMakeFiles\orchestra.dir\C_\PICO\pico-sdk\src\rp2_common\hardware_claim\claim.c.obj
LOAD CMakeFiles\orchestra.dir\C_\PICO\pico-sdk\src\rp2_common\pico_platform\platform.c.obj
LOAD CMakeFiles\orchestra.dir\C_\PICO\pico-sdk\src\rp2_common\hardware_sync\sync.c.obj
LOAD CMakeFiles\orchestra.dir\C_\PICO\pico-sdk\src\rp2_common\hardware_uart\uart.c.obj
LOAD CMakeFiles\orchestra.dir\C_\PICO\pico-sdk\src\rp2_common\hardware_divider\divider.S.obj
LOAD CMakeFiles\orchestra.dir\C_\PICO\pico-sdk\src\common\pico_time\time.c.obj
LOAD CMakeFiles\orchestra.dir\C_\PICO\pico-sdk\src\common\pico_time\timeout_helper.c.obj
LOAD CMakeFiles\orchestra.dir\C_\PICO\pico-sdk\src\rp2_common\hardware_timer\timer.c.obj
LOAD CMakeFiles\orchestra.dir\C_\PICO\pico-sdk\src\common\pico_sync\sem.c.obj
LOAD CMakeFiles\orchestra.dir\C_\PICO\pico-sdk\src\common\pico_sync\lock_core.c.obj
LOAD CMakeFiles\orchestra.dir\C_\PICO\pico-sdk\src\common\pico_sync\mutex.c.obj
LOAD CMakeFiles\orchestra.dir\C_\PICO\pico-sdk\src\common\pico_sync\critical_section.c.obj
LOAD CMakeFiles\orchestra.dir\C_\PICO\pico-sdk\src\common\pico_util\datetime.c.obj
LOAD CMakeFiles\orchestra.dir\C_\PICO\pico-sdk\src\common\pico_util\pheap.c.obj
LOAD CMakeFiles\orchestra.dir\C_\PICO\pico-sdk\src\common\pico_util\queue.c.obj
LOAD CMakeFiles\orchestra.dir\C_\PICO\pico-sdk\src\rp2_common\pico_runtime\runtime.c.obj
LOAD CMakeFiles\orchestra.dir\C_\PICO\pico-sdk\src\rp2_common\hardware_clocks\clocks.c.obj
LOAD CMakeFiles\orchestra.dir\C_\PICO\pico-sdk\src\rp2_common\hardware_irq\irq.c.obj
LOAD CMakeFiles\orchestra.dir\C_\PICO\pico-sdk\src\rp2_common\hardware_irq\irq_handler_chain.S.obj
LOAD CMakeFiles\orchestra.dir\C_\PICO\pico-sdk\src\rp2_common\hardware_pll\pll.c.obj
LOAD CMakeFiles\orchestra.dir\C_\PICO\pico-sdk\src\rp2_common\hardware_vreg\vreg.c.obj
LOAD CMakeFiles\orchestra.dir\C_\PICO\pico-sdk\src\rp2_common\hardware_watchdog\watchdog.c.obj
LOAD CMakeFiles\orchestra.dir\C_\PICO\pico-sdk\src\rp2_common\hardware_xosc\xosc.c.obj
LOAD CMakeFiles\orchestra.dir\C_\PICO\pico-sdk\src\rp2_common\pico_printf\printf.c.obj
LOAD CMakeFiles\orchestra.dir\C_\PICO\pico-sdk\src\rp2_common\pico_bit_ops\bit_ops_aeabi.S.obj
LOAD CMakeFiles\orchestra.dir\C_\PICO\pico-sdk\src\rp2_common\pico_bootrom\bootrom.c.obj
LOAD CMakeFiles\orchestra.dir\C_\PICO\pico-sdk\src\rp2_common\pico_divider\divider.S.obj
LOAD CMakeFiles\orchestra.dir\C_\PICO\pico-sdk\src\rp2_common\pico_double\double_aeabi.S.obj
LOAD CMakeFiles\orchestra.dir\C_\PICO\pico-sdk\src\rp2_common\pico_double\double_init_rom.c.obj
LOAD CMakeFiles\orchestra.dir\C_\PICO\pico-sdk\src\rp2_common\pico_double\double_math.c.obj
LOAD CMakeFiles\orchestra.dir\C_\PICO\pico-sdk\src\rp2_common\pico_double\double_v1_rom_shim.S.obj
LOAD CMakeFiles\orchestra.dir\C_\PICO\pico-sdk\src\rp2_common\pico_int64_ops\pico_int64_ops_aeabi.S.obj
LOAD CMakeFiles\orchestra.dir\C_\PICO\pico-sdk\src\rp2_common\pico_float\float_aeabi.S.obj
LOAD CMakeFiles\orchestra.dir\C_\PICO\pico-sdk\src\rp2_common\pico_float\float_init_rom.c.obj
LOAD CMakeFiles\orchestra.dir\C_\PICO\pico-sdk\src\rp2_common\pico_float\float_math.c.obj
LOAD CMakeFiles\orchestra.dir\C_\PICO\pico-sdk\src\rp2_common\pico_float\float_v1_rom_shim.S.obj
LOAD CMakeFiles\orchestra.dir\C_\PICO\pico-sdk\src\rp2_common\pico_malloc\pico_malloc.c.obj
LOAD CMakeFiles\orchestra.dir\C_\PICO\pico-sdk\src\rp2_common\pico_mem_ops\mem_ops_aeabi.S.obj
LOAD CMakeFiles\orchestra.dir\C_\PICO\pico-sdk\src\rp2_common\pico_standard_link\crt0.S.obj
LOAD CMakeFiles\orchestra.dir\C_\PICO\pico-sdk\src\rp2_common\pico_standard_link\new_delete.cpp.obj
LOAD CMakeFiles\orchestra.dir\C_\PICO\pico-sdk\src\rp2_common\pico_standard_link\binary_info.c.obj
LOAD CMakeFiles\orchestra.dir\C_\PICO\pico-sdk\src\rp2_common\pico_stdio\stdio.c.obj
LOAD CMakeFiles\orchestra.dir\C_\PICO\pico-sdk\src\rp2_common\pico_stdio_uart\stdio_uart.c.obj
LOAD C:\Users\krzys\AppData\Local\Temp\ccUeApfv.o
LOAD c:/progra~2/gnuarm~1/102021~1.10/bin/../lib/gcc/arm-none-eabi/10.3.1/../../../../arm-none-eabi/lib/thumb/v6-m/nofp\libstdc++.a
LOAD c:/progra~2/gnuarm~1/102021~1.10/bin/../lib/gcc/arm-none-eabi/10.3.1/../../../../arm-none-eabi/lib/thumb/v6-m/nofp\libm.a
START GROUP
LOAD c:/progra~2/gnuarm~1/102021~1.10/bin/../lib/gcc/arm-none-eabi/10.3.1/thumb/v6-m/nofp\libgcc.a
LOAD c:/progra~2/gnuarm~1/102021~1.10/bin/../lib/gcc/arm-none-eabi/10.3.1/../../../../arm-none-eabi/lib/thumb/v6-m/nofp\libg.a
LOAD c:/progra~2/gnuarm~1/102021~1.10/bin/../lib/gcc/arm-none-eabi/10.3.1/../../../../arm-none-eabi/lib/thumb/v6-m/nofp\libc.a
END GROUP
START GROUP
LOAD c:/progra~2/gnuarm~1/102021~1.10/bin/../lib/gcc/arm-none-eabi/10.3.1/thumb/v6-m/nofp\libgcc.a
LOAD c:/progra~2/gnuarm~1/102021~1.10/bin/../lib/gcc/arm-none-eabi/10.3.1/../../../../arm-none-eabi/lib/thumb/v6-m/nofp\libc.a
LOAD c:/progra~2/gnuarm~1/102021~1.10/bin/../lib/gcc/arm-none-eabi/10.3.1/../../../../arm-none-eabi/lib/thumb/v6-m/nofp\libnosys.a
END GROUP
LOAD c:/progra~2/gnuarm~1/102021~1.10/bin/../lib/gcc/arm-none-eabi/10.3.1/thumb/v6-m/nofp/crtend.o
LOAD c:/progra~2/gnuarm~1/102021~1.10/bin/../lib/gcc/arm-none-eabi/10.3.1/thumb/v6-m/nofp/crtn.o
OUTPUT(orchestra.elf elf32-littlearm)
LOAD linker stubs

.ARM.attributes
                0x00000000       0x28
 .ARM.attributes
                0x00000000       0x1e c:/progra~2/gnuarm~1/102021~1.10/bin/../lib/gcc/arm-none-eabi/10.3.1/thumb/v6-m/nofp/crti.o
 .ARM.attributes
                0x0000001e       0x2c c:/progra~2/gnuarm~1/102021~1.10/bin/../lib/gcc/arm-none-eabi/10.3.1/thumb/v6-m/nofp/crtbegin.o
 .ARM.attributes
                0x0000004a       0x2c CMakeFiles\orchestra.dir\orchestra.cpp.obj
 .ARM.attributes
                0x00000076       0x2c CMakeFiles\orchestra.dir\C_\PICO\pico-sdk\src\rp2_common\hardware_gpio\gpio.c.obj
 .ARM.attributes
                0x000000a2       0x2c CMakeFiles\orchestra.dir\C_\PICO\pico-sdk\src\rp2_common\hardware_claim\claim.c.obj
 .ARM.attributes
                0x000000ce       0x2c CMakeFiles\orchestra.dir\C_\PICO\pico-sdk\src\rp2_common\pico_platform\platform.c.obj
 .ARM.attributes
                0x000000fa       0x2c CMakeFiles\orchestra.dir\C_\PICO\pico-sdk\src\rp2_common\hardware_sync\sync.c.obj
 .ARM.attributes
                0x00000126       0x2c CMakeFiles\orchestra.dir\C_\PICO\pico-sdk\src\rp2_common\hardware_uart\uart.c.obj
 .ARM.attributes
                0x00000152       0x2c CMakeFiles\orchestra.dir\C_\PICO\pico-sdk\src\common\pico_time\time.c.obj
 .ARM.attributes
                0x0000017e       0x2c CMakeFiles\orchestra.dir\C_\PICO\pico-sdk\src\rp2_common\hardware_timer\timer.c.obj
 .ARM.attributes
                0x000001aa       0x2c CMakeFiles\orchestra.dir\C_\PICO\pico-sdk\src\common\pico_sync\lock_core.c.obj
 .ARM.attributes
                0x000001d6       0x2c CMakeFiles\orchestra.dir\C_\PICO\pico-sdk\src\common\pico_sync\mutex.c.obj
 .ARM.attributes
                0x00000202       0x2c CMakeFiles\orchestra.dir\C_\PICO\pico-sdk\src\common\pico_util\pheap.c.obj
 .ARM.attributes
                0x0000022e       0x2c CMakeFiles\orchestra.dir\C_\PICO\pico-sdk\src\rp2_common\pico_runtime\runtime.c.obj
 .ARM.attributes
                0x0000025a       0x2c CMakeFiles\orchestra.dir\C_\PICO\pico-sdk\src\rp2_common\hardware_clocks\clocks.c.obj
 .ARM.attributes
                0x00000286       0x2c CMakeFiles\orchestra.dir\C_\PICO\pico-sdk\src\rp2_common\hardware_irq\irq.c.obj
 .ARM.attributes
                0x000002b2       0x22 CMakeFiles\orchestra.dir\C_\PICO\pico-sdk\src\rp2_common\hardware_irq\irq_handler_chain.S.obj
 .ARM.attributes
                0x000002d4       0x2c CMakeFiles\orchestra.dir\C_\PICO\pico-sdk\src\rp2_common\hardware_pll\pll.c.obj
 .ARM.attributes
                0x00000300       0x2c CMakeFiles\orchestra.dir\C_\PICO\pico-sdk\src\rp2_common\hardware_watchdog\watchdog.c.obj
 .ARM.attributes
                0x0000032c       0x2c CMakeFiles\orchestra.dir\C_\PICO\pico-sdk\src\rp2_common\hardware_xosc\xosc.c.obj
 .ARM.attributes
                0x00000358       0x2c CMakeFiles\orchestra.dir\C_\PICO\pico-sdk\src\rp2_common\pico_printf\printf.c.obj
 .ARM.attributes
                0x00000384       0x22 CMakeFiles\orchestra.dir\C_\PICO\pico-sdk\src\rp2_common\pico_bit_ops\bit_ops_aeabi.S.obj
 .ARM.attributes
                0x000003a6       0x2c CMakeFiles\orchestra.dir\C_\PICO\pico-sdk\src\rp2_common\pico_bootrom\bootrom.c.obj
 .ARM.attributes
                0x000003d2       0x22 CMakeFiles\orchestra.dir\C_\PICO\pico-sdk\src\rp2_common\pico_divider\divider.S.obj
 .ARM.attributes
                0x000003f4       0x22 CMakeFiles\orchestra.dir\C_\PICO\pico-sdk\src\rp2_common\pico_double\double_aeabi.S.obj
 .ARM.attributes
                0x00000416       0x2c CMakeFiles\orchestra.dir\C_\PICO\pico-sdk\src\rp2_common\pico_double\double_init_rom.c.obj
 .ARM.attributes
                0x00000442       0x22 CMakeFiles\orchestra.dir\C_\PICO\pico-sdk\src\rp2_common\pico_double\double_v1_rom_shim.S.obj
 .ARM.attributes
                0x00000464       0x22 CMakeFiles\orchestra.dir\C_\PICO\pico-sdk\src\rp2_common\pico_int64_ops\pico_int64_ops_aeabi.S.obj
 .ARM.attributes
                0x00000486       0x22 CMakeFiles\orchestra.dir\C_\PICO\pico-sdk\src\rp2_common\pico_float\float_aeabi.S.obj
 .ARM.attributes
                0x000004a8       0x2c CMakeFiles\orchestra.dir\C_\PICO\pico-sdk\src\rp2_common\pico_float\float_init_rom.c.obj
 .ARM.attributes
                0x000004d4       0x2c CMakeFiles\orchestra.dir\C_\PICO\pico-sdk\src\rp2_common\pico_float\float_math.c.obj
 .ARM.attributes
                0x00000500       0x22 CMakeFiles\orchestra.dir\C_\PICO\pico-sdk\src\rp2_common\pico_float\float_v1_rom_shim.S.obj
 .ARM.attributes
                0x00000522       0x22 CMakeFiles\orchestra.dir\C_\PICO\pico-sdk\src\rp2_common\pico_mem_ops\mem_ops_aeabi.S.obj
 .ARM.attributes
                0x00000544       0x22 CMakeFiles\orchestra.dir\C_\PICO\pico-sdk\src\rp2_common\pico_standard_link\crt0.S.obj
 .ARM.attributes
                0x00000566       0x2c CMakeFiles\orchestra.dir\C_\PICO\pico-sdk\src\rp2_common\pico_standard_link\binary_info.c.obj
 .ARM.attributes
                0x00000592       0x2c CMakeFiles\orchestra.dir\C_\PICO\pico-sdk\src\rp2_common\pico_stdio\stdio.c.obj
 .ARM.attributes
                0x000005be       0x22 C:\Users\krzys\AppData\Local\Temp\ccUeApfv.o
 .ARM.attributes
                0x000005e0       0x1e c:/progra~2/gnuarm~1/102021~1.10/bin/../lib/gcc/arm-none-eabi/10.3.1/thumb/v6-m/nofp\libgcc.a(_dvmd_tls.o)
 .ARM.attributes
                0x000005fe       0x2c c:/progra~2/gnuarm~1/102021~1.10/bin/../lib/gcc/arm-none-eabi/10.3.1/../../../../arm-none-eabi/lib/thumb/v6-m/nofp\libg.a(lib_a-strlen-stub.o)

.comment        0x00000000       0x49
 .comment       0x00000000       0x49 CMakeFiles\orchestra.dir\orchestra.cpp.obj
                                 0x4a (size before relaxing)
 .comment       0x00000049       0x4a CMakeFiles\orchestra.dir\C_\PICO\pico-sdk\src\rp2_common\hardware_gpio\gpio.c.obj
 .comment       0x00000049       0x4a CMakeFiles\orchestra.dir\C_\PICO\pico-sdk\src\rp2_common\hardware_claim\claim.c.obj
 .comment       0x00000049       0x4a CMakeFiles\orchestra.dir\C_\PICO\pico-sdk\src\rp2_common\pico_platform\platform.c.obj
 .comment       0x00000049       0x4a CMakeFiles\orchestra.dir\C_\PICO\pico-sdk\src\rp2_common\hardware_sync\sync.c.obj
 .comment       0x00000049       0x4a CMakeFiles\orchestra.dir\C_\PICO\pico-sdk\src\rp2_common\hardware_uart\uart.c.obj
 .comment       0x00000049       0x4a CMakeFiles\orchestra.dir\C_\PICO\pico-sdk\src\common\pico_time\time.c.obj
 .comment       0x00000049       0x4a CMakeFiles\orchestra.dir\C_\PICO\pico-sdk\src\rp2_common\hardware_timer\timer.c.obj
 .comment       0x00000049       0x4a CMakeFiles\orchestra.dir\C_\PICO\pico-sdk\src\common\pico_sync\lock_core.c.obj
 .comment       0x00000049       0x4a CMakeFiles\orchestra.dir\C_\PICO\pico-sdk\src\common\pico_sync\mutex.c.obj
 .comment       0x00000049       0x4a CMakeFiles\orchestra.dir\C_\PICO\pico-sdk\src\common\pico_util\pheap.c.obj
 .comment       0x00000049       0x4a CMakeFiles\orchestra.dir\C_\PICO\pico-sdk\src\rp2_common\pico_runtime\runtime.c.obj
 .comment       0x00000049       0x4a CMakeFiles\orchestra.dir\C_\PICO\pico-sdk\src\rp2_common\hardware_clocks\clocks.c.obj
 .comment       0x00000049       0x4a CMakeFiles\orchestra.dir\C_\PICO\pico-sdk\src\rp2_common\hardware_irq\irq.c.obj
 .comment       0x00000049       0x4a CMakeFiles\orchestra.dir\C_\PICO\pico-sdk\src\rp2_common\hardware_pll\pll.c.obj
 .comment       0x00000049       0x4a CMakeFiles\orchestra.dir\C_\PICO\pico-sdk\src\rp2_common\hardware_watchdog\watchdog.c.obj
 .comment       0x00000049       0x4a CMakeFiles\orchestra.dir\C_\PICO\pico-sdk\src\rp2_common\hardware_xosc\xosc.c.obj
 .comment       0x00000049       0x4a CMakeFiles\orchestra.dir\C_\PICO\pico-sdk\src\rp2_common\pico_printf\printf.c.obj
 .comment       0x00000049       0x4a CMakeFiles\orchestra.dir\C_\PICO\pico-sdk\src\rp2_common\pico_bootrom\bootrom.c.obj
 .comment       0x00000049       0x4a CMakeFiles\orchestra.dir\C_\PICO\pico-sdk\src\rp2_common\pico_double\double_init_rom.c.obj
 .comment       0x00000049       0x4a CMakeFiles\orchestra.dir\C_\PICO\pico-sdk\src\rp2_common\pico_float\float_init_rom.c.obj
 .comment       0x00000049       0x4a CMakeFiles\orchestra.dir\C_\PICO\pico-sdk\src\rp2_common\pico_float\float_math.c.obj
 .comment       0x00000049       0x4a CMakeFiles\orchestra.dir\C_\PICO\pico-sdk\src\rp2_common\pico_standard_link\binary_info.c.obj
 .comment       0x00000049       0x4a CMakeFiles\orchestra.dir\C_\PICO\pico-sdk\src\rp2_common\pico_stdio\stdio.c.obj

.debug_info     0x00000000    0x1c41c
 .debug_info    0x00000000     0x4c9a CMakeFiles\orchestra.dir\orchestra.cpp.obj
 .debug_info    0x00004c9a     0x1491 CMakeFiles\orchestra.dir\C_\PICO\pico-sdk\src\rp2_common\hardware_gpio\gpio.c.obj
 .debug_info    0x0000612b      0x6bb CMakeFiles\orchestra.dir\C_\PICO\pico-sdk\src\rp2_common\hardware_claim\claim.c.obj
 .debug_info    0x000067e6      0x1e3 CMakeFiles\orchestra.dir\C_\PICO\pico-sdk\src\rp2_common\pico_platform\platform.c.obj
 .debug_info    0x000069c9      0x58e CMakeFiles\orchestra.dir\C_\PICO\pico-sdk\src\rp2_common\hardware_sync\sync.c.obj
 .debug_info    0x00006f57      0xb65 CMakeFiles\orchestra.dir\C_\PICO\pico-sdk\src\rp2_common\hardware_uart\uart.c.obj
 .debug_info    0x00007abc     0x3b3b CMakeFiles\orchestra.dir\C_\PICO\pico-sdk\src\common\pico_time\time.c.obj
 .debug_info    0x0000b5f7     0x1134 CMakeFiles\orchestra.dir\C_\PICO\pico-sdk\src\rp2_common\hardware_timer\timer.c.obj
 .debug_info    0x0000c72b      0x1a4 CMakeFiles\orchestra.dir\C_\PICO\pico-sdk\src\common\pico_sync\lock_core.c.obj
 .debug_info    0x0000c8cf     0x2022 CMakeFiles\orchestra.dir\C_\PICO\pico-sdk\src\common\pico_sync\mutex.c.obj
 .debug_info    0x0000e8f1     0x120c CMakeFiles\orchestra.dir\C_\PICO\pico-sdk\src\common\pico_util\pheap.c.obj
 .debug_info    0x0000fafd      0xa87 CMakeFiles\orchestra.dir\C_\PICO\pico-sdk\src\rp2_common\pico_runtime\runtime.c.obj
 .debug_info    0x00010584      0xf6c CMakeFiles\orchestra.dir\C_\PICO\pico-sdk\src\rp2_common\hardware_clocks\clocks.c.obj
 .debug_info    0x000114f0     0x1968 CMakeFiles\orchestra.dir\C_\PICO\pico-sdk\src\rp2_common\hardware_irq\irq.c.obj
 .debug_info    0x00012e58      0x51b CMakeFiles\orchestra.dir\C_\PICO\pico-sdk\src\rp2_common\hardware_pll\pll.c.obj
 .debug_info    0x00013373      0x4ee CMakeFiles\orchestra.dir\C_\PICO\pico-sdk\src\rp2_common\hardware_watchdog\watchdog.c.obj
 .debug_info    0x00013861      0x1d8 CMakeFiles\orchestra.dir\C_\PICO\pico-sdk\src\rp2_common\hardware_xosc\xosc.c.obj
 .debug_info    0x00013a39     0x1a5f CMakeFiles\orchestra.dir\C_\PICO\pico-sdk\src\rp2_common\pico_printf\printf.c.obj
 .debug_info    0x00015498       0x22 CMakeFiles\orchestra.dir\C_\PICO\pico-sdk\src\rp2_common\pico_bit_ops\bit_ops_aeabi.S.obj
 .debug_info    0x000154ba      0x27c CMakeFiles\orchestra.dir\C_\PICO\pico-sdk\src\rp2_common\pico_bootrom\bootrom.c.obj
 .debug_info    0x00015736       0x22 CMakeFiles\orchestra.dir\C_\PICO\pico-sdk\src\rp2_common\pico_divider\divider.S.obj
 .debug_info    0x00015758       0x22 CMakeFiles\orchestra.dir\C_\PICO\pico-sdk\src\rp2_common\pico_double\double_aeabi.S.obj
 .debug_info    0x0001577a      0x2d1 CMakeFiles\orchestra.dir\C_\PICO\pico-sdk\src\rp2_common\pico_double\double_init_rom.c.obj
 .debug_info    0x00015a4b       0x22 CMakeFiles\orchestra.dir\C_\PICO\pico-sdk\src\rp2_common\pico_double\double_v1_rom_shim.S.obj
 .debug_info    0x00015a6d       0x26 CMakeFiles\orchestra.dir\C_\PICO\pico-sdk\src\rp2_common\pico_int64_ops\pico_int64_ops_aeabi.S.obj
 .debug_info    0x00015a93       0x22 CMakeFiles\orchestra.dir\C_\PICO\pico-sdk\src\rp2_common\pico_float\float_aeabi.S.obj
 .debug_info    0x00015ab5      0x2eb CMakeFiles\orchestra.dir\C_\PICO\pico-sdk\src\rp2_common\pico_float\float_init_rom.c.obj
 .debug_info    0x00015da0     0x5033 CMakeFiles\orchestra.dir\C_\PICO\pico-sdk\src\rp2_common\pico_float\float_math.c.obj
 .debug_info    0x0001add3       0x22 CMakeFiles\orchestra.dir\C_\PICO\pico-sdk\src\rp2_common\pico_float\float_v1_rom_shim.S.obj
 .debug_info    0x0001adf5       0x22 CMakeFiles\orchestra.dir\C_\PICO\pico-sdk\src\rp2_common\pico_mem_ops\mem_ops_aeabi.S.obj
 .debug_info    0x0001ae17       0x22 CMakeFiles\orchestra.dir\C_\PICO\pico-sdk\src\rp2_common\pico_standard_link\crt0.S.obj
 .debug_info    0x0001ae39      0x2f6 CMakeFiles\orchestra.dir\C_\PICO\pico-sdk\src\rp2_common\pico_standard_link\binary_info.c.obj
 .debug_info    0x0001b12f     0x12ed CMakeFiles\orchestra.dir\C_\PICO\pico-sdk\src\rp2_common\pico_stdio\stdio.c.obj

.debug_abbrev   0x00000000     0x425e
 .debug_abbrev  0x00000000      0x589 CMakeFiles\orchestra.dir\orchestra.cpp.obj
 .debug_abbrev  0x00000589      0x2c4 CMakeFiles\orchestra.dir\C_\PICO\pico-sdk\src\rp2_common\hardware_gpio\gpio.c.obj
 .debug_abbrev  0x0000084d      0x2e9 CMakeFiles\orchestra.dir\C_\PICO\pico-sdk\src\rp2_common\hardware_claim\claim.c.obj
 .debug_abbrev  0x00000b36       0xeb CMakeFiles\orchestra.dir\C_\PICO\pico-sdk\src\rp2_common\pico_platform\platform.c.obj
 .debug_abbrev  0x00000c21      0x21b CMakeFiles\orchestra.dir\C_\PICO\pico-sdk\src\rp2_common\hardware_sync\sync.c.obj
 .debug_abbrev  0x00000e3c      0x2d2 CMakeFiles\orchestra.dir\C_\PICO\pico-sdk\src\rp2_common\hardware_uart\uart.c.obj
 .debug_abbrev  0x0000110e      0x54d CMakeFiles\orchestra.dir\C_\PICO\pico-sdk\src\common\pico_time\time.c.obj
 .debug_abbrev  0x0000165b      0x3a2 CMakeFiles\orchestra.dir\C_\PICO\pico-sdk\src\rp2_common\hardware_timer\timer.c.obj
 .debug_abbrev  0x000019fd      0x116 CMakeFiles\orchestra.dir\C_\PICO\pico-sdk\src\common\pico_sync\lock_core.c.obj
 .debug_abbrev  0x00001b13      0x386 CMakeFiles\orchestra.dir\C_\PICO\pico-sdk\src\common\pico_sync\mutex.c.obj
 .debug_abbrev  0x00001e99      0x297 CMakeFiles\orchestra.dir\C_\PICO\pico-sdk\src\common\pico_util\pheap.c.obj
 .debug_abbrev  0x00002130      0x3aa CMakeFiles\orchestra.dir\C_\PICO\pico-sdk\src\rp2_common\pico_runtime\runtime.c.obj
 .debug_abbrev  0x000024da      0x3a5 CMakeFiles\orchestra.dir\C_\PICO\pico-sdk\src\rp2_common\hardware_clocks\clocks.c.obj
 .debug_abbrev  0x0000287f      0x4cd CMakeFiles\orchestra.dir\C_\PICO\pico-sdk\src\rp2_common\hardware_irq\irq.c.obj
 .debug_abbrev  0x00002d4c      0x1ea CMakeFiles\orchestra.dir\C_\PICO\pico-sdk\src\rp2_common\hardware_pll\pll.c.obj
 .debug_abbrev  0x00002f36      0x1a8 CMakeFiles\orchestra.dir\C_\PICO\pico-sdk\src\rp2_common\hardware_watchdog\watchdog.c.obj
 .debug_abbrev  0x000030de      0x109 CMakeFiles\orchestra.dir\C_\PICO\pico-sdk\src\rp2_common\hardware_xosc\xosc.c.obj
 .debug_abbrev  0x000031e7      0x384 CMakeFiles\orchestra.dir\C_\PICO\pico-sdk\src\rp2_common\pico_printf\printf.c.obj
 .debug_abbrev  0x0000356b       0x12 CMakeFiles\orchestra.dir\C_\PICO\pico-sdk\src\rp2_common\pico_bit_ops\bit_ops_aeabi.S.obj
 .debug_abbrev  0x0000357d      0x13b CMakeFiles\orchestra.dir\C_\PICO\pico-sdk\src\rp2_common\pico_bootrom\bootrom.c.obj
 .debug_abbrev  0x000036b8       0x12 CMakeFiles\orchestra.dir\C_\PICO\pico-sdk\src\rp2_common\pico_divider\divider.S.obj
 .debug_abbrev  0x000036ca       0x12 CMakeFiles\orchestra.dir\C_\PICO\pico-sdk\src\rp2_common\pico_double\double_aeabi.S.obj
 .debug_abbrev  0x000036dc      0x179 CMakeFiles\orchestra.dir\C_\PICO\pico-sdk\src\rp2_common\pico_double\double_init_rom.c.obj
 .debug_abbrev  0x00003855       0x12 CMakeFiles\orchestra.dir\C_\PICO\pico-sdk\src\rp2_common\pico_double\double_v1_rom_shim.S.obj
 .debug_abbrev  0x00003867       0x14 CMakeFiles\orchestra.dir\C_\PICO\pico-sdk\src\rp2_common\pico_int64_ops\pico_int64_ops_aeabi.S.obj
 .debug_abbrev  0x0000387b       0x12 CMakeFiles\orchestra.dir\C_\PICO\pico-sdk\src\rp2_common\pico_float\float_aeabi.S.obj
 .debug_abbrev  0x0000388d      0x18c CMakeFiles\orchestra.dir\C_\PICO\pico-sdk\src\rp2_common\pico_float\float_init_rom.c.obj
 .debug_abbrev  0x00003a19      0x2bb CMakeFiles\orchestra.dir\C_\PICO\pico-sdk\src\rp2_common\pico_float\float_math.c.obj
 .debug_abbrev  0x00003cd4       0x12 CMakeFiles\orchestra.dir\C_\PICO\pico-sdk\src\rp2_common\pico_float\float_v1_rom_shim.S.obj
 .debug_abbrev  0x00003ce6       0x12 CMakeFiles\orchestra.dir\C_\PICO\pico-sdk\src\rp2_common\pico_mem_ops\mem_ops_aeabi.S.obj
 .debug_abbrev  0x00003cf8       0x12 CMakeFiles\orchestra.dir\C_\PICO\pico-sdk\src\rp2_common\pico_standard_link\crt0.S.obj
 .debug_abbrev  0x00003d0a       0xad CMakeFiles\orchestra.dir\C_\PICO\pico-sdk\src\rp2_common\pico_standard_link\binary_info.c.obj
 .debug_abbrev  0x00003db7      0x4a7 CMakeFiles\orchestra.dir\C_\PICO\pico-sdk\src\rp2_common\pico_stdio\stdio.c.obj

.debug_loc      0x00000000    0x15a6e
 .debug_loc     0x00000000     0x29b5 CMakeFiles\orchestra.dir\orchestra.cpp.obj
 .debug_loc     0x000029b5      0xede CMakeFiles\orchestra.dir\C_\PICO\pico-sdk\src\rp2_common\hardware_gpio\gpio.c.obj
 .debug_loc     0x00003893      0x45f CMakeFiles\orchestra.dir\C_\PICO\pico-sdk\src\rp2_common\hardware_claim\claim.c.obj
 .debug_loc     0x00003cf2       0xe9 CMakeFiles\orchestra.dir\C_\PICO\pico-sdk\src\rp2_common\pico_platform\platform.c.obj
 .debug_loc     0x00003ddb      0x233 CMakeFiles\orchestra.dir\C_\PICO\pico-sdk\src\rp2_common\hardware_sync\sync.c.obj
 .debug_loc     0x0000400e      0x520 CMakeFiles\orchestra.dir\C_\PICO\pico-sdk\src\rp2_common\hardware_uart\uart.c.obj
 .debug_loc     0x0000452e     0x2e2a CMakeFiles\orchestra.dir\C_\PICO\pico-sdk\src\common\pico_time\time.c.obj
 .debug_loc     0x00007358      0x952 CMakeFiles\orchestra.dir\C_\PICO\pico-sdk\src\rp2_common\hardware_timer\timer.c.obj
 .debug_loc     0x00007caa       0x60 CMakeFiles\orchestra.dir\C_\PICO\pico-sdk\src\common\pico_sync\lock_core.c.obj
 .debug_loc     0x00007d0a     0x1469 CMakeFiles\orchestra.dir\C_\PICO\pico-sdk\src\common\pico_sync\mutex.c.obj
 .debug_loc     0x00009173     0x1439 CMakeFiles\orchestra.dir\C_\PICO\pico-sdk\src\common\pico_util\pheap.c.obj
 .debug_loc     0x0000a5ac      0x3f0 CMakeFiles\orchestra.dir\C_\PICO\pico-sdk\src\rp2_common\pico_runtime\runtime.c.obj
 .debug_loc     0x0000a99c      0x7eb CMakeFiles\orchestra.dir\C_\PICO\pico-sdk\src\rp2_common\hardware_clocks\clocks.c.obj
 .debug_loc     0x0000b187     0x1274 CMakeFiles\orchestra.dir\C_\PICO\pico-sdk\src\rp2_common\hardware_irq\irq.c.obj
 .debug_loc     0x0000c3fb      0x300 CMakeFiles\orchestra.dir\C_\PICO\pico-sdk\src\rp2_common\hardware_pll\pll.c.obj
 .debug_loc     0x0000c6fb      0x2ec CMakeFiles\orchestra.dir\C_\PICO\pico-sdk\src\rp2_common\hardware_watchdog\watchdog.c.obj
 .debug_loc     0x0000c9e7       0x71 CMakeFiles\orchestra.dir\C_\PICO\pico-sdk\src\rp2_common\hardware_xosc\xosc.c.obj
 .debug_loc     0x0000ca58     0x2095 CMakeFiles\orchestra.dir\C_\PICO\pico-sdk\src\rp2_common\pico_printf\printf.c.obj
 .debug_loc     0x0000eaed      0x1a1 CMakeFiles\orchestra.dir\C_\PICO\pico-sdk\src\rp2_common\pico_bootrom\bootrom.c.obj
 .debug_loc     0x0000ec8e       0x59 CMakeFiles\orchestra.dir\C_\PICO\pico-sdk\src\rp2_common\pico_double\double_init_rom.c.obj
 .debug_loc     0x0000ece7       0x73 CMakeFiles\orchestra.dir\C_\PICO\pico-sdk\src\rp2_common\pico_float\float_init_rom.c.obj
 .debug_loc     0x0000ed5a     0x6167 CMakeFiles\orchestra.dir\C_\PICO\pico-sdk\src\rp2_common\pico_float\float_math.c.obj
 .debug_loc     0x00014ec1      0xbad CMakeFiles\orchestra.dir\C_\PICO\pico-sdk\src\rp2_common\pico_stdio\stdio.c.obj

.debug_aranges  0x00000000      0xe60
 .debug_aranges
                0x00000000       0x40 CMakeFiles\orchestra.dir\orchestra.cpp.obj
 .debug_aranges
                0x00000040       0xd8 CMakeFiles\orchestra.dir\C_\PICO\pico-sdk\src\rp2_common\hardware_gpio\gpio.c.obj
 .debug_aranges
                0x00000118       0x48 CMakeFiles\orchestra.dir\C_\PICO\pico-sdk\src\rp2_common\hardware_claim\claim.c.obj
 .debug_aranges
                0x00000160       0x28 CMakeFiles\orchestra.dir\C_\PICO\pico-sdk\src\rp2_common\pico_platform\platform.c.obj
 .debug_aranges
                0x00000188       0x58 CMakeFiles\orchestra.dir\C_\PICO\pico-sdk\src\rp2_common\hardware_sync\sync.c.obj
 .debug_aranges
                0x000001e0       0x40 CMakeFiles\orchestra.dir\C_\PICO\pico-sdk\src\rp2_common\hardware_uart\uart.c.obj
 .debug_aranges
                0x00000220       0xd0 CMakeFiles\orchestra.dir\C_\PICO\pico-sdk\src\common\pico_time\time.c.obj
 .debug_aranges
                0x000002f0       0x78 CMakeFiles\orchestra.dir\C_\PICO\pico-sdk\src\rp2_common\hardware_timer\timer.c.obj
 .debug_aranges
                0x00000368       0x20 CMakeFiles\orchestra.dir\C_\PICO\pico-sdk\src\common\pico_sync\lock_core.c.obj
 .debug_aranges
                0x00000388       0x88 CMakeFiles\orchestra.dir\C_\PICO\pico-sdk\src\common\pico_sync\mutex.c.obj
 .debug_aranges
                0x00000410       0x78 CMakeFiles\orchestra.dir\C_\PICO\pico-sdk\src\common\pico_util\pheap.c.obj
 .debug_aranges
                0x00000488       0x60 CMakeFiles\orchestra.dir\C_\PICO\pico-sdk\src\rp2_common\pico_runtime\runtime.c.obj
 .debug_aranges
                0x000004e8       0x70 CMakeFiles\orchestra.dir\C_\PICO\pico-sdk\src\rp2_common\hardware_clocks\clocks.c.obj
 .debug_aranges
                0x00000558       0x98 CMakeFiles\orchestra.dir\C_\PICO\pico-sdk\src\rp2_common\hardware_irq\irq.c.obj
 .debug_aranges
                0x000005f0       0x28 CMakeFiles\orchestra.dir\C_\PICO\pico-sdk\src\rp2_common\hardware_pll\pll.c.obj
 .debug_aranges
                0x00000618       0x58 CMakeFiles\orchestra.dir\C_\PICO\pico-sdk\src\rp2_common\hardware_watchdog\watchdog.c.obj
 .debug_aranges
                0x00000670       0x30 CMakeFiles\orchestra.dir\C_\PICO\pico-sdk\src\rp2_common\hardware_xosc\xosc.c.obj
 .debug_aranges
                0x000006a0       0x90 CMakeFiles\orchestra.dir\C_\PICO\pico-sdk\src\rp2_common\pico_printf\printf.c.obj
 .debug_aranges
                0x00000730       0x68 CMakeFiles\orchestra.dir\C_\PICO\pico-sdk\src\rp2_common\pico_bit_ops\bit_ops_aeabi.S.obj
 .debug_aranges
                0x00000798       0x30 CMakeFiles\orchestra.dir\C_\PICO\pico-sdk\src\rp2_common\pico_bootrom\bootrom.c.obj
 .debug_aranges
                0x000007c8       0x40 CMakeFiles\orchestra.dir\C_\PICO\pico-sdk\src\rp2_common\pico_divider\divider.S.obj
 .debug_aranges
                0x00000808      0x140 CMakeFiles\orchestra.dir\C_\PICO\pico-sdk\src\rp2_common\pico_double\double_aeabi.S.obj
 .debug_aranges
                0x00000948       0x20 CMakeFiles\orchestra.dir\C_\PICO\pico-sdk\src\rp2_common\pico_double\double_init_rom.c.obj
 .debug_aranges
                0x00000968       0xc8 CMakeFiles\orchestra.dir\C_\PICO\pico-sdk\src\rp2_common\pico_double\double_v1_rom_shim.S.obj
 .debug_aranges
                0x00000a30       0x20 CMakeFiles\orchestra.dir\C_\PICO\pico-sdk\src\rp2_common\pico_int64_ops\pico_int64_ops_aeabi.S.obj
 .debug_aranges
                0x00000a50      0x130 CMakeFiles\orchestra.dir\C_\PICO\pico-sdk\src\rp2_common\pico_float\float_aeabi.S.obj
 .debug_aranges
                0x00000b80       0x20 CMakeFiles\orchestra.dir\C_\PICO\pico-sdk\src\rp2_common\pico_float\float_init_rom.c.obj
 .debug_aranges
                0x00000ba0      0x128 CMakeFiles\orchestra.dir\C_\PICO\pico-sdk\src\rp2_common\pico_float\float_math.c.obj
 .debug_aranges
                0x00000cc8       0x50 CMakeFiles\orchestra.dir\C_\PICO\pico-sdk\src\rp2_common\pico_float\float_v1_rom_shim.S.obj
 .debug_aranges
                0x00000d18       0x38 CMakeFiles\orchestra.dir\C_\PICO\pico-sdk\src\rp2_common\pico_mem_ops\mem_ops_aeabi.S.obj
 .debug_aranges
                0x00000d50       0x28 CMakeFiles\orchestra.dir\C_\PICO\pico-sdk\src\rp2_common\pico_standard_link\crt0.S.obj
 .debug_aranges
                0x00000d78       0x18 CMakeFiles\orchestra.dir\C_\PICO\pico-sdk\src\rp2_common\pico_standard_link\binary_info.c.obj
 .debug_aranges
                0x00000d90       0xd0 CMakeFiles\orchestra.dir\C_\PICO\pico-sdk\src\rp2_common\pico_stdio\stdio.c.obj

.debug_ranges   0x00000000     0x3e18
 .debug_ranges  0x00000000      0xc48 CMakeFiles\orchestra.dir\orchestra.cpp.obj
 .debug_ranges  0x00000c48       0xe0 CMakeFiles\orchestra.dir\C_\PICO\pico-sdk\src\rp2_common\hardware_gpio\gpio.c.obj
 .debug_ranges  0x00000d28       0xd8 CMakeFiles\orchestra.dir\C_\PICO\pico-sdk\src\rp2_common\hardware_claim\claim.c.obj
 .debug_ranges  0x00000e00       0x18 CMakeFiles\orchestra.dir\C_\PICO\pico-sdk\src\rp2_common\pico_platform\platform.c.obj
 .debug_ranges  0x00000e18       0xf0 CMakeFiles\orchestra.dir\C_\PICO\pico-sdk\src\rp2_common\hardware_sync\sync.c.obj
 .debug_ranges  0x00000f08       0xf8 CMakeFiles\orchestra.dir\C_\PICO\pico-sdk\src\rp2_common\hardware_uart\uart.c.obj
 .debug_ranges  0x00001000      0xba0 CMakeFiles\orchestra.dir\C_\PICO\pico-sdk\src\common\pico_time\time.c.obj
 .debug_ranges  0x00001ba0      0x320 CMakeFiles\orchestra.dir\C_\PICO\pico-sdk\src\rp2_common\hardware_timer\timer.c.obj
 .debug_ranges  0x00001ec0       0x10 CMakeFiles\orchestra.dir\C_\PICO\pico-sdk\src\common\pico_sync\lock_core.c.obj
 .debug_ranges  0x00001ed0      0xab8 CMakeFiles\orchestra.dir\C_\PICO\pico-sdk\src\common\pico_sync\mutex.c.obj
 .debug_ranges  0x00002988      0x248 CMakeFiles\orchestra.dir\C_\PICO\pico-sdk\src\common\pico_util\pheap.c.obj
 .debug_ranges  0x00002bd0       0x80 CMakeFiles\orchestra.dir\C_\PICO\pico-sdk\src\rp2_common\pico_runtime\runtime.c.obj
 .debug_ranges  0x00002c50       0x60 CMakeFiles\orchestra.dir\C_\PICO\pico-sdk\src\rp2_common\hardware_clocks\clocks.c.obj
 .debug_ranges  0x00002cb0      0x3d0 CMakeFiles\orchestra.dir\C_\PICO\pico-sdk\src\rp2_common\hardware_irq\irq.c.obj
 .debug_ranges  0x00003080       0x30 CMakeFiles\orchestra.dir\C_\PICO\pico-sdk\src\rp2_common\hardware_pll\pll.c.obj
 .debug_ranges  0x000030b0       0x48 CMakeFiles\orchestra.dir\C_\PICO\pico-sdk\src\rp2_common\hardware_watchdog\watchdog.c.obj
 .debug_ranges  0x000030f8       0x20 CMakeFiles\orchestra.dir\C_\PICO\pico-sdk\src\rp2_common\hardware_xosc\xosc.c.obj
 .debug_ranges  0x00003118      0x108 CMakeFiles\orchestra.dir\C_\PICO\pico-sdk\src\rp2_common\pico_printf\printf.c.obj
 .debug_ranges  0x00003220       0x60 CMakeFiles\orchestra.dir\C_\PICO\pico-sdk\src\rp2_common\pico_bit_ops\bit_ops_aeabi.S.obj
 .debug_ranges  0x00003280       0x38 CMakeFiles\orchestra.dir\C_\PICO\pico-sdk\src\rp2_common\pico_bootrom\bootrom.c.obj
 .debug_ranges  0x000032b8       0x38 CMakeFiles\orchestra.dir\C_\PICO\pico-sdk\src\rp2_common\pico_divider\divider.S.obj
 .debug_ranges  0x000032f0      0x138 CMakeFiles\orchestra.dir\C_\PICO\pico-sdk\src\rp2_common\pico_double\double_aeabi.S.obj
 .debug_ranges  0x00003428       0x30 CMakeFiles\orchestra.dir\C_\PICO\pico-sdk\src\rp2_common\pico_double\double_init_rom.c.obj
 .debug_ranges  0x00003458       0xc0 CMakeFiles\orchestra.dir\C_\PICO\pico-sdk\src\rp2_common\pico_double\double_v1_rom_shim.S.obj
 .debug_ranges  0x00003518      0x128 CMakeFiles\orchestra.dir\C_\PICO\pico-sdk\src\rp2_common\pico_float\float_aeabi.S.obj
 .debug_ranges  0x00003640       0x28 CMakeFiles\orchestra.dir\C_\PICO\pico-sdk\src\rp2_common\pico_float\float_init_rom.c.obj
 .debug_ranges  0x00003668      0x568 CMakeFiles\orchestra.dir\C_\PICO\pico-sdk\src\rp2_common\pico_float\float_math.c.obj
 .debug_ranges  0x00003bd0       0x48 CMakeFiles\orchestra.dir\C_\PICO\pico-sdk\src\rp2_common\pico_float\float_v1_rom_shim.S.obj
 .debug_ranges  0x00003c18       0x30 CMakeFiles\orchestra.dir\C_\PICO\pico-sdk\src\rp2_common\pico_mem_ops\mem_ops_aeabi.S.obj
 .debug_ranges  0x00003c48       0x20 CMakeFiles\orchestra.dir\C_\PICO\pico-sdk\src\rp2_common\pico_standard_link\crt0.S.obj
 .debug_ranges  0x00003c68      0x1b0 CMakeFiles\orchestra.dir\C_\PICO\pico-sdk\src\rp2_common\pico_stdio\stdio.c.obj

.debug_line     0x00000000    0x10329
 .debug_line    0x00000000     0x1af3 CMakeFiles\orchestra.dir\orchestra.cpp.obj
 .debug_line    0x00001af3      0x97f CMakeFiles\orchestra.dir\C_\PICO\pico-sdk\src\rp2_common\hardware_gpio\gpio.c.obj
 .debug_line    0x00002472      0x433 CMakeFiles\orchestra.dir\C_\PICO\pico-sdk\src\rp2_common\hardware_claim\claim.c.obj
 .debug_line    0x000028a5      0x24c CMakeFiles\orchestra.dir\C_\PICO\pico-sdk\src\rp2_common\pico_platform\platform.c.obj
 .debug_line    0x00002af1      0x42f CMakeFiles\orchestra.dir\C_\PICO\pico-sdk\src\rp2_common\hardware_sync\sync.c.obj
 .debug_line    0x00002f20      0x6c7 CMakeFiles\orchestra.dir\C_\PICO\pico-sdk\src\rp2_common\hardware_uart\uart.c.obj