Archive member included to satisfy reference by file (symbol)

c:/progra~2/gnuarm~1/102021~1.10/bin/../lib/gcc/arm-none-eabi/10.3.1/thumb/v6-m/nofp\libgcc.a(_dvmd_tls.o)
                              CMakeFiles\orchestra.dir\C_\PICO\pico-sdk\src\rp2_common\pico_divider\divider.S.obj (__aeabi_idiv0)
c:/progra~2/gnuarm~1/102021~1.10/bin/../lib/gcc/arm-none-eabi/10.3.1/../../../../arm-none-eabi/lib/thumb/v6-m/nofp\libg.a(lib_a-calloc.o)
                              CMakeFiles\orchestra.dir\C_\PICO\pico-sdk\src\rp2_common\pico_malloc\pico_malloc.c.obj (calloc)
c:/progra~2/gnuarm~1/102021~1.10/bin/../lib/gcc/arm-none-eabi/10.3.1/../../../../arm-none-eabi/lib/thumb/v6-m/nofp\libg.a(lib_a-callocr.o)
                              c:/progra~2/gnuarm~1/102021~1.10/bin/../lib/gcc/arm-none-eabi/10.3.1/../../../../arm-none-eabi/lib/thumb/v6-m/nofp\libg.a(lib_a-calloc.o) (_calloc_r)
c:/progra~2/gnuarm~1/102021~1.10/bin/../lib/gcc/arm-none-eabi/10.3.1/../../../../arm-none-eabi/lib/thumb/v6-m/nofp\libg.a(lib_a-errno.o)
                              c:/progra~2/gnuarm~1/102021~1.10/bin/../lib/gcc/arm-none-eabi/10.3.1/../../../../arm-none-eabi/lib/thumb/v6-m/nofp\libg.a(lib_a-callocr.o) (__errno)
c:/progra~2/gnuarm~1/102021~1.10/bin/../lib/gcc/arm-none-eabi/10.3.1/../../../../arm-none-eabi/lib/thumb/v6-m/nofp\libg.a(lib_a-impure.o)
                              c:/progra~2/gnuarm~1/102021~1.10/bin/../lib/gcc/arm-none-eabi/10.3.1/../../../../arm-none-eabi/lib/thumb/v6-m/nofp\libg.a(lib_a-calloc.o) (_impure_ptr)
c:/progra~2/gnuarm~1/102021~1.10/bin/../lib/gcc/arm-none-eabi/10.3.1/../../../../arm-none-eabi/lib/thumb/v6-m/nofp\libg.a(lib_a-init.o)
                              c:/progra~2/gnuarm~1/102021~1.10/bin/../lib/gcc/arm-none-eabi/10.3.1/../../../../arm-none-eabi/lib/thumb/v6-m/nofp/crt0.o (__libc_init_array)
c:/progra~2/gnuarm~1/102021~1.10/bin/../lib/gcc/arm-none-eabi/10.3.1/../../../../arm-none-eabi/lib/thumb/v6-m/nofp\libg.a(lib_a-malloc.o)
                              CMakeFiles\orchestra.dir\C_\PICO\pico-sdk\src\rp2_common\pico_malloc\pico_malloc.c.obj (malloc)
c:/progra~2/gnuarm~1/102021~1.10/bin/../lib/gcc/arm-none-eabi/10.3.1/../../../../arm-none-eabi/lib/thumb/v6-m/nofp\libg.a(lib_a-mallocr.o)
                              c:/progra~2/gnuarm~1/102021~1.10/bin/../lib/gcc/arm-none-eabi/10.3.1/../../../../arm-none-eabi/lib/thumb/v6-m/nofp\libg.a(lib_a-callocr.o) (_malloc_r)
c:/progra~2/gnuarm~1/102021~1.10/bin/../lib/gcc/arm-none-eabi/10.3.1/../../../../arm-none-eabi/lib/thumb/v6-m/nofp\libg.a(lib_a-mlock.o)
                              c:/progra~2/gnuarm~1/102021~1.10/bin/../lib/gcc/arm-none-eabi/10.3.1/../../../../arm-none-eabi/lib/thumb/v6-m/nofp\libg.a(lib_a-mallocr.o) (__malloc_lock)
c:/progra~2/gnuarm~1/102021~1.10/bin/../lib/gcc/arm-none-eabi/10.3.1/../../../../arm-none-eabi/lib/thumb/v6-m/nofp\libg.a(lib_a-sbrkr.o)
                              c:/progra~2/gnuarm~1/102021~1.10/bin/../lib/gcc/arm-none-eabi/10.3.1/../../../../arm-none-eabi/lib/thumb/v6-m/nofp\libg.a(lib_a-mallocr.o) (_sbrk_r)
c:/progra~2/gnuarm~1/102021~1.10/bin/../lib/gcc/arm-none-eabi/10.3.1/../../../../arm-none-eabi/lib/thumb/v6-m/nofp\libg.a(lib_a-strlen-stub.o)
                              CMakeFiles\orchestra.dir\C_\PICO\pico-sdk\src\rp2_common\pico_stdio\stdio.c.obj (strlen)
c:/progra~2/gnuarm~1/102021~1.10/bin/../lib/gcc/arm-none-eabi/10.3.1/../../../../arm-none-eabi/lib/thumb/v6-m/nofp\libg.a(lib_a-freer.o)
                              c:/progra~2/gnuarm~1/102021~1.10/bin/../lib/gcc/arm-none-eabi/10.3.1/../../../../arm-none-eabi/lib/thumb/v6-m/nofp\libg.a(lib_a-malloc.o) (_free_r)
c:/progra~2/gnuarm~1/102021~1.10/bin/../lib/gcc/arm-none-eabi/10.3.1/../../../../arm-none-eabi/lib/thumb/v6-m/nofp\libg.a(lib_a-lock.o)
                              c:/progra~2/gnuarm~1/102021~1.10/bin/../lib/gcc/arm-none-eabi/10.3.1/../../../../arm-none-eabi/lib/thumb/v6-m/nofp\libg.a(lib_a-mlock.o) (__retarget_lock_acquire_recursive)
c:/progra~2/gnuarm~1/102021~1.10/bin/../lib/gcc/arm-none-eabi/10.3.1/../../../../arm-none-eabi/lib/thumb/v6-m/nofp\libg.a(lib_a-reent.o)
                              c:/progra~2/gnuarm~1/102021~1.10/bin/../lib/gcc/arm-none-eabi/10.3.1/../../../../arm-none-eabi/lib/thumb/v6-m/nofp\libg.a(lib_a-sbrkr.o) (errno)

Discarded input sections

 .text          0x00000000        0x0 c:/progra~2/gnuarm~1/102021~1.10/bin/../lib/gcc/arm-none-eabi/10.3.1/thumb/v6-m/nofp/crti.o
 .data          0x00000000        0x0 c:/progra~2/gnuarm~1/102021~1.10/bin/../lib/gcc/arm-none-eabi/10.3.1/thumb/v6-m/nofp/crti.o
 .bss           0x00000000        0x0 c:/progra~2/gnuarm~1/102021~1.10/bin/../lib/gcc/arm-none-eabi/10.3.1/thumb/v6-m/nofp/crti.o
 .data          0x00000000        0x4 c:/progra~2/gnuarm~1/102021~1.10/bin/../lib/gcc/arm-none-eabi/10.3.1/thumb/v6-m/nofp/crtbegin.o
 .rodata        0x00000000       0x24 c:/progra~2/gnuarm~1/102021~1.10/bin/../lib/gcc/arm-none-eabi/10.3.1/thumb/v6-m/nofp/crtbegin.o
[...]
Memory Configuration

Name             Origin             Length             Attributes
FLASH            0x10000000         0x00200000         xr
RAM              0x20000000         0x00040000         xrw
SCRATCH_X        0x20040000         0x00001000         xrw
SCRATCH_Y        0x20041000         0x00001000         xrw
*default*        0x00000000         0xffffffff

Linker script and memory map

LOAD c:/progra~2/gnuarm~1/102021~1.10/bin/../lib/gcc/arm-none-eabi/10.3.1/thumb/v6-m/nofp/crti.o
LOAD c:/progra~2/gnuarm~1/102021~1.10/bin/../lib/gcc/arm-none-eabi/10.3.1/thumb/v6-m/nofp/crtbegin.o
LOAD c:/progra~2/gnuarm~1/102021~1.10/bin/../lib/gcc/arm-none-eabi/10.3.1/../../../../arm-none-eabi/lib/thumb/v6-m/nofp/crt0.o

.flash_begin    0x10000000        0x0
                0x10000000                __flash_binary_start = .

.boot2          0x10000000      0x100
                0x10000000                __boot2_start__ = .
 *(.boot2)
 .boot2         0x10000000      0x100 C:\Users\krzys\AppData\Local\Temp\cci4FQ1F.o
                0x10000100                __boot2_end__ = .
                0x00000001                ASSERT (((__boot2_end__ - __boot2_start__) == 0x100), ERROR: Pico second stage bootloader must be 256 bytes in size)

.text           0x10000100     0x6410
                0x10000100                __logical_binary_start = .
 *(.vectors)
 .vectors       0x10000100       0xd4 CMakeFiles\orchestra.dir\C_\PICO\pico-sdk\src\rp2_common\pico_standard_link\crt0.S.obj
                0x10000100                __VECTOR_TABLE
                0x10000100                __vectors
                0x100001c0                isr_invalid
                0x100001c0                __default_isrs_start
                0x100001c2                isr_nmi
                0x100001c4                isr_hardfault
                0x100001c6                isr_svcall
                0x100001c8                isr_pendsv
                0x100001ca                isr_systick
                0x100001cc                isr_irq23
                0x100001cc                isr_irq18
                0x100001cc                isr_irq11
                0x100001cc                isr_irq28
                0x100001cc                isr_irq19
                0x100001cc                isr_irq0
                0x100001cc                isr_irq6
                0x100001cc                isr_irq5
                0x100001cc                isr_irq12
                0x100001cc                isr_irq22
                0x100001cc                isr_irq31
                0x100001cc                isr_irq17
                0x100001cc                isr_irq27
                0x100001cc                isr_irq30
                0x100001cc                isr_irq2
                0x100001cc                isr_irq10
                0x100001cc                isr_irq8
                0x100001cc                isr_irq24
                0x100001cc                isr_irq1
                0x100001cc                isr_irq7
                0x100001cc                isr_irq21
                0x100001cc                isr_irq20
                0x100001cc                isr_irq15
                0x100001cc                isr_irq25
                0x100001cc                isr_irq13
                0x100001cc                __unhandled_user_irq
                0x100001cc                isr_irq4
                0x100001cc                isr_irq16
                0x100001cc                isr_irq29
                0x100001cc                isr_irq26
                0x100001cc                __default_isrs_end
                0x100001cc                isr_irq3
                0x100001cc                isr_irq14
                0x100001cc                isr_irq9
                0x100001d2                unhandled_user_irq_num_in_r0
 *(.binary_info_header)
 .binary_info_header
                0x100001d4       0x14 CMakeFiles\orchestra.dir\C_\PICO\pico-sdk\src\rp2_common\pico_standard_link\crt0.S.obj
                0x100001e8                __binary_info_header_end = .
 *(.reset)
 .reset         0x100001e8       0xa8 CMakeFiles\orchestra.dir\C_\PICO\pico-sdk\src\rp2_common\pico_standard_link\crt0.S.obj
                0x100001e8                _entry_point
                0x10000266                __get_current_exception
 .reset         0x10000290       0x30 CMakeFiles\orchestra.dir\C_\PICO\pico-sdk\src\rp2_common\pico_standard_link\binary_info.c.obj
 *(.init)
 .init          0x100002c0        0x4 c:/progra~2/gnuarm~1/102021~1.10/bin/../lib/gcc/arm-none-eabi/10.3.1/thumb/v6-m/nofp/crti.o
                0x100002c0                _init
 *(EXCLUDE_FILE(*libm.a: *libc.a:*lib_a-mem*.o *libgcc.a:) .text*)
 .text          0x100002c4       0x48 c:/progra~2/gnuarm~1/102021~1.10/bin/../lib/gcc/arm-none-eabi/10.3.1/thumb/v6-m/nofp/crtbegin.o
 .text.uart_puts
                0x1000030c       0x98 CMakeFiles\orchestra.dir\orchestra.cpp.obj
 .text._Z10on_uart_rxv
                0x100003a4      0x244 CMakeFiles\orchestra.dir\orchestra.cpp.obj
                0x100003a4                on_uart_rx()
 .text._Z3mapftttt
                0x100005e8       0x5c CMakeFiles\orchestra.dir\orchestra.cpp.obj
                0x100005e8                map(float, unsigned short, unsigned short, unsigned short, unsigned short)
 .text._Z9UART_INITi
                0x10000644       0x50 CMakeFiles\orchestra.dir\orchestra.cpp.obj
                0x10000644                UART_INIT(int)
 .text._Z8ADC_INITv
                0x10000694       0x5c CMakeFiles\orchestra.dir\orchestra.cpp.obj
                0x10000694                ADC_INIT()
 .text._Z14MeasureBatteryv
                0x100006f0       0x70 CMakeFiles\orchestra.dir\orchestra.cpp.obj
                0x100006f0                MeasureBattery()
 .text._ZN5Servo12GoToPositionEv
                0x10000760      0x18c CMakeFiles\orchestra.dir\orchestra.cpp.obj
                0x10000760                Servo::GoToPosition()
 .text._ZN4BodyC2EPhS0_
                0x100008ec      0x604 CMakeFiles\orchestra.dir\orchestra.cpp.obj
                0x100008ec                Body::Body(unsigned char*, unsigned char*)
                0x100008ec                Body::Body(unsigned char*, unsigned char*)
 .text._ZN4Body12StateChangedE4Mode
                0x10000ef0      0x360 CMakeFiles\orchestra.dir\orchestra.cpp.obj
                0x10000ef0                Body::StateChanged(Mode)
 .text._ZN4Body4MoveEv
                0x10001250      0xa60 CMakeFiles\orchestra.dir\orchestra.cpp.obj
                0x10001250                Body::Move()
 .text.main     0x10001cb0      0x2cc CMakeFiles\orchestra.dir\orchestra.cpp.obj
                0x10001cb0                main
 .text.gpio_set_function
                0x10001f7c       0x30 CMakeFiles\orchestra.dir\C_\PICO\pico-sdk\src\rp2_common\hardware_gpio\gpio.c.obj
                0x10001f7c                gpio_set_function
 .text.gpio_set_pulls
                0x10001fac       0x34 CMakeFiles\orchestra.dir\C_\PICO\pico-sdk\src\rp2_common\hardware_gpio\gpio.c.obj
                0x10001fac                gpio_set_pulls
 .text.gpio_set_input_enabled
                0x10001fe0       0x30 CMakeFiles\orchestra.dir\C_\PICO\pico-sdk\src\rp2_common\hardware_gpio\gpio.c.obj
                0x10001fe0                gpio_set_input_enabled
 .text.gpio_init
                0x10002010       0x16 CMakeFiles\orchestra.dir\C_\PICO\pico-sdk\src\rp2_common\hardware_gpio\gpio.c.obj
                0x10002010                gpio_init
 *fill*         0x10002026        0x2 
 .text.hw_claim_lock
                0x10002028       0x18 CMakeFiles\orchestra.dir\C_\PICO\pico-sdk\src\rp2_common\hardware_claim\claim.c.obj
                0x10002028                hw_claim_lock
 .text.hw_claim_unlock
                0x10002040       0x14 CMakeFiles\orchestra.dir\C_\PICO\pico-sdk\src\rp2_common\hardware_claim\claim.c.obj
                0x10002040                hw_claim_unlock
 .text.hw_claim_or_assert
                0x10002054       0x32 CMakeFiles\orchestra.dir\C_\PICO\pico-sdk\src\rp2_common\hardware_claim\claim.c.obj
                0x10002054                hw_claim_or_assert
 *fill*         0x10002086        0x2 
 .text.running_on_fpga
                0x10002088       0x14 CMakeFiles\orchestra.dir\C_\PICO\pico-sdk\src\rp2_common\pico_platform\platform.c.obj
                0x10002088                running_on_fpga
 .text.spin_locks_reset
                0x1000209c       0x20 CMakeFiles\orchestra.dir\C_\PICO\pico-sdk\src\rp2_common\hardware_sync\sync.c.obj
                0x1000209c                spin_locks_reset
 .text.next_striped_spin_lock_num
                0x100020bc       0x1c CMakeFiles\orchestra.dir\C_\PICO\pico-sdk\src\rp2_common\hardware_sync\sync.c.obj
                0x100020bc                next_striped_spin_lock_num
 .text.uart_set_baudrate
                0x100020d8       0x5c CMakeFiles\orchestra.dir\C_\PICO\pico-sdk\src\rp2_common\hardware_uart\uart.c.obj
                0x100020d8                uart_set_baudrate
 .text.uart_set_translate_crlf
                0x10002134       0x28 CMakeFiles\orchestra.dir\C_\PICO\pico-sdk\src\rp2_common\hardware_uart\uart.c.obj
                0x10002134                uart_set_translate_crlf
 .text.uart_init
                0x1000215c       0x80 CMakeFiles\orchestra.dir\C_\PICO\pico-sdk\src\rp2_common\hardware_uart\uart.c.obj
                0x1000215c                uart_init
 .text.alarm_pool_post_alloc_init
                0x100021dc       0x40 CMakeFiles\orchestra.dir\C_\PICO\pico-sdk\src\common\pico_time\time.c.obj
 .text.sleep_until_callback
                0x1000221c       0x30 CMakeFiles\orchestra.dir\C_\PICO\pico-sdk\src\common\pico_time\time.c.obj
 .text.timer_pool_entry_comparator
                0x1000224c       0x7c CMakeFiles\orchestra.dir\C_\PICO\pico-sdk\src\common\pico_time\time.c.obj
                0x1000224c                timer_pool_entry_comparator
 .text.ph_add_child_node
                0x100022c8       0xa4 CMakeFiles\orchestra.dir\C_\PICO\pico-sdk\src\common\pico_time\time.c.obj
 .text.ph_merge_nodes
                0x1000236c       0x3e CMakeFiles\orchestra.dir\C_\PICO\pico-sdk\src\common\pico_time\time.c.obj
 *fill*         0x100023aa        0x2 
 .text.add_alarm_under_lock
                0x100023ac      0x174 CMakeFiles\orchestra.dir\C_\PICO\pico-sdk\src\common\pico_time\time.c.obj
 .text.alarm_pool_alarm_callback
                0x10002520      0x328 CMakeFiles\orchestra.dir\C_\PICO\pico-sdk\src\common\pico_time\time.c.obj
 .text.alarm_pool_init_default
                0x10002848       0x38 CMakeFiles\orchestra.dir\C_\PICO\pico-sdk\src\common\pico_time\time.c.obj
                0x10002848                alarm_pool_init_default
 .text.alarm_pool_get_default
                0x10002880       0x2c CMakeFiles\orchestra.dir\C_\PICO\pico-sdk\src\common\pico_time\time.c.obj
                0x10002880                alarm_pool_get_default
 .text.alarm_pool_add_alarm_at
                0x100028ac      0x170 CMakeFiles\orchestra.dir\C_\PICO\pico-sdk\src\common\pico_time\time.c.obj
                0x100028ac                alarm_pool_add_alarm_at
 .text.sleep_until
                0x10002a1c       0xfc CMakeFiles\orchestra.dir\C_\PICO\pico-sdk\src\common\pico_time\time.c.obj
                0x10002a1c                sleep_until
 .text.sleep_us
                0x10002b18       0x58 CMakeFiles\orchestra.dir\C_\PICO\pico-sdk\src\common\pico_time\time.c.obj
                0x10002b18                sleep_us
 .text.sleep_ms
                0x10002b70       0x14 CMakeFiles\orchestra.dir\C_\PICO\pico-sdk\src\common\pico_time\time.c.obj
                0x10002b70                sleep_ms
 .text.hardware_alarm_irq_handler
                0x10002b84       0x8c CMakeFiles\orchestra.dir\C_\PICO\pico-sdk\src\rp2_common\hardware_timer\timer.c.obj
 .text.hardware_alarm_claim
                0x10002c10       0x18 CMakeFiles\orchestra.dir\C_\PICO\pico-sdk\src\rp2_common\hardware_timer\timer.c.obj
                0x10002c10                hardware_alarm_claim
 .text.time_us_64
                0x10002c28       0x18 CMakeFiles\orchestra.dir\C_\PICO\pico-sdk\src\rp2_common\hardware_timer\timer.c.obj
                0x10002c28                time_us_64
 .text.busy_wait_until
                0x10002c40       0x28 CMakeFiles\orchestra.dir\C_\PICO\pico-sdk\src\rp2_common\hardware_timer\timer.c.obj
                0x10002c40                busy_wait_until
 .text.hardware_alarm_set_callback
                0x10002c68       0x90 CMakeFiles\orchestra.dir\C_\PICO\pico-sdk\src\rp2_common\hardware_timer\timer.c.obj
                0x10002c68                hardware_alarm_set_callback
 .text.hardware_alarm_set_target
                0x10002cf8       0xe8 CMakeFiles\orchestra.dir\C_\PICO\pico-sdk\src\rp2_common\hardware_timer\timer.c.obj
                0x10002cf8                hardware_alarm_set_target
 .text.hardware_alarm_cancel
                0x10002de0       0x40 CMakeFiles\orchestra.dir\C_\PICO\pico-sdk\src\rp2_common\hardware_timer\timer.c.obj
                0x10002de0                hardware_alarm_cancel
 .text.lock_init
                0x10002e20       0x10 CMakeFiles\orchestra.dir\C_\PICO\pico-sdk\src\common\pico_sync\lock_core.c.obj
                0x10002e20                lock_init
 .text.mutex_init
                0x10002e30       0x1a CMakeFiles\orchestra.dir\C_\PICO\pico-sdk\src\common\pico_sync\mutex.c.obj
                0x10002e30                mutex_init
 .text.recursive_mutex_init
                0x10002e4a       0x1e CMakeFiles\orchestra.dir\C_\PICO\pico-sdk\src\common\pico_sync\mutex.c.obj
                0x10002e4a                recursive_mutex_init
 .text.ph_add_child_node
                0x10002e68       0xa4 CMakeFiles\orchestra.dir\C_\PICO\pico-sdk\src\common\pico_util\pheap.c.obj
 .text.ph_merge_nodes
                0x10002f0c       0x3e CMakeFiles\orchestra.dir\C_\PICO\pico-sdk\src\common\pico_util\pheap.c.obj
 *fill*         0x10002f4a        0x2 
 .text.ph_clear
                0x10002f4c       0x70 CMakeFiles\orchestra.dir\C_\PICO\pico-sdk\src\common\pico_util\pheap.c.obj
                0x10002f4c                ph_clear
 .text.ph_post_alloc_init
                0x10002fbc        0xe CMakeFiles\orchestra.dir\C_\PICO\pico-sdk\src\common\pico_util\pheap.c.obj
                0x10002fbc                ph_post_alloc_init
 *fill*         0x10002fca        0x2 
 .text.ph_merge_two_pass
                0x10002fcc       0xa8 CMakeFiles\orchestra.dir\C_\PICO\pico-sdk\src\common\pico_util\pheap.c.obj
                0x10002fcc                ph_merge_two_pass
 .text.ph_remove_any_head
                0x10003074      0x108 CMakeFiles\orchestra.dir\C_\PICO\pico-sdk\src\common\pico_util\pheap.c.obj
 .text.ph_remove_head
                0x1000317c       0x14 CMakeFiles\orchestra.dir\C_\PICO\pico-sdk\src\common\pico_util\pheap.c.obj
                0x1000317c                ph_remove_head
 .text.ph_remove_and_free_node
                0x10003190       0xf8 CMakeFiles\orchestra.dir\C_\PICO\pico-sdk\src\common\pico_util\pheap.c.obj
                0x10003190                ph_remove_and_free_node
 .text._exit    0x10003288        0x4 CMakeFiles\orchestra.dir\C_\PICO\pico-sdk\src\rp2_common\pico_runtime\runtime.c.obj
                0x10003288                _exit
 .text.exit     0x1000328c        0x6 CMakeFiles\orchestra.dir\C_\PICO\pico-sdk\src\rp2_common\pico_runtime\runtime.c.obj
                0x1000328c                exit
 *fill*         0x10003292        0x2 
 .text.__assert_func
                0x10003294       0x3c CMakeFiles\orchestra.dir\C_\PICO\pico-sdk\src\rp2_common\pico_runtime\runtime.c.obj
                0x10003294                __assert_func
 .text.runtime_init
                0x100032d0       0xf8 CMakeFiles\orchestra.dir\C_\PICO\pico-sdk\src\rp2_common\pico_runtime\runtime.c.obj
                0x100032d0                runtime_init
 .text.panic    0x100033c8       0x30 CMakeFiles\orchestra.dir\C_\PICO\pico-sdk\src\rp2_common\pico_runtime\runtime.c.obj
                0x100033c8                panic
 .text.clock_configure
                0x100033f8      0x104 CMakeFiles\orchestra.dir\C_\PICO\pico-sdk\src\rp2_common\hardware_clocks\clocks.c.obj
                0x100033f8                clock_configure
 .text.clocks_init
                0x100034fc      0x100 CMakeFiles\orchestra.dir\C_\PICO\pico-sdk\src\rp2_common\hardware_clocks\clocks.c.obj
                0x100034fc                clocks_init
 .text.clock_get_hz
                0x100035fc        0xc CMakeFiles\orchestra.dir\C_\PICO\pico-sdk\src\rp2_common\hardware_clocks\clocks.c.obj
                0x100035fc                clock_get_hz
 .text.set_raw_irq_handler_and_unlock
                0x10003608       0x28 CMakeFiles\orchestra.dir\C_\PICO\pico-sdk\src\rp2_common\hardware_irq\irq.c.obj
 .text.make_branch
                0x10003630       0x34 CMakeFiles\orchestra.dir\C_\PICO\pico-sdk\src\rp2_common\hardware_irq\irq.c.obj
 .text.insert_branch_and_link
                0x10003664       0x40 CMakeFiles\orchestra.dir\C_\PICO\pico-sdk\src\rp2_common\hardware_irq\irq.c.obj
 .text.irq_is_enabled
                0x100036a4       0x18 CMakeFiles\orchestra.dir\C_\PICO\pico-sdk\src\rp2_common\hardware_irq\irq.c.obj
                0x100036a4                irq_is_enabled
 .text.irq_set_mask_enabled
                0x100036bc       0x20 CMakeFiles\orchestra.dir\C_\PICO\pico-sdk\src\rp2_common\hardware_irq\irq.c.obj
                0x100036bc                irq_set_mask_enabled
 .text.irq_set_enabled
                0x100036dc        0xe CMakeFiles\orchestra.dir\C_\PICO\pico-sdk\src\rp2_common\hardware_irq\irq.c.obj
                0x100036dc                irq_set_enabled
 *fill*         0x100036ea        0x2 
 .text.irq_get_vtable_handler
                0x100036ec       0x10 CMakeFiles\orchestra.dir\C_\PICO\pico-sdk\src\rp2_common\hardware_irq\irq.c.obj
                0x100036ec                irq_get_vtable_handler
 .text.irq_set_exclusive_handler
                0x100036fc       0x54 CMakeFiles\orchestra.dir\C_\PICO\pico-sdk\src\rp2_common\hardware_irq\irq.c.obj
                0x100036fc                irq_set_exclusive_handler
 .text.irq_remove_handler
                0x10003750      0x1ac CMakeFiles\orchestra.dir\C_\PICO\pico-sdk\src\rp2_common\hardware_irq\irq.c.obj
                0x10003750                irq_remove_handler
 .text.irq_add_tail_to_free_list
                0x100038fc       0xf0 CMakeFiles\orchestra.dir\C_\PICO\pico-sdk\src\rp2_common\hardware_irq\irq.c.obj
                0x100038fc                irq_add_tail_to_free_list
 .text.irq_init_priorities
                0x100039ec       0x1c CMakeFiles\orchestra.dir\C_\PICO\pico-sdk\src\rp2_common\hardware_irq\irq.c.obj
                0x100039ec                irq_init_priorities
 .text.pll_init
                0x10003a08      0x118 CMakeFiles\orchestra.dir\C_\PICO\pico-sdk\src\rp2_common\hardware_pll\pll.c.obj
                0x10003a08                pll_init
 .text.watchdog_start_tick
                0x10003b20       0x10 CMakeFiles\orchestra.dir\C_\PICO\pico-sdk\src\rp2_common\hardware_watchdog\watchdog.c.obj
                0x10003b20                watchdog_start_tick
 .text.xosc_init
                0x10003b30       0x28 CMakeFiles\orchestra.dir\C_\PICO\pico-sdk\src\rp2_common\hardware_xosc\xosc.c.obj
                0x10003b30                xosc_init
 .text._out_null
                0x10003b58        0x2 CMakeFiles\orchestra.dir\C_\PICO\pico-sdk\src\rp2_common\pico_printf\printf.c.obj
 .text._out_fct
                0x10003b5a        0xe CMakeFiles\orchestra.dir\C_\PICO\pico-sdk\src\rp2_common\pico_printf\printf.c.obj
 .text._atoi    0x10003b68       0x24 CMakeFiles\orchestra.dir\C_\PICO\pico-sdk\src\rp2_common\pico_printf\printf.c.obj
 .text._out_rev
                0x10003b8c       0xae CMakeFiles\orchestra.dir\C_\PICO\pico-sdk\src\rp2_common\pico_printf\printf.c.obj
 .text._ntoa_format
                0x10003c3a      0x112 CMakeFiles\orchestra.dir\C_\PICO\pico-sdk\src\rp2_common\pico_printf\printf.c.obj
 .text._ntoa_long
                0x10003d4c       0xbc CMakeFiles\orchestra.dir\C_\PICO\pico-sdk\src\rp2_common\pico_printf\printf.c.obj
 .text._ntoa_long_long
                0x10003e08       0xe2 CMakeFiles\orchestra.dir\C_\PICO\pico-sdk\src\rp2_common\pico_printf\printf.c.obj
 *fill*         0x10003eea        0x2 
 .text._etoa    0x10003eec      0x414 CMakeFiles\orchestra.dir\C_\PICO\pico-sdk\src\rp2_common\pico_printf\printf.c.obj
 .text._ftoa    0x10004300      0x354 CMakeFiles\orchestra.dir\C_\PICO\pico-sdk\src\rp2_common\pico_printf\printf.c.obj
 .text._vsnprintf
                0x10004654      0x624 CMakeFiles\orchestra.dir\C_\PICO\pico-sdk\src\rp2_common\pico_printf\printf.c.obj
 .text.vfctprintf
                0x10004c78       0x20 CMakeFiles\orchestra.dir\C_\PICO\pico-sdk\src\rp2_common\pico_printf\printf.c.obj
                0x10004c78                vfctprintf
 .text          0x10004c98       0x10 CMakeFiles\orchestra.dir\C_\PICO\pico-sdk\src\rp2_common\pico_bit_ops\bit_ops_aeabi.S.obj
 .text.rom_func_lookup
                0x10004ca8       0x10 CMakeFiles\orchestra.dir\C_\PICO\pico-sdk\src\rp2_common\pico_bootrom\bootrom.c.obj
                0x10004ca8                rom_func_lookup
 .text.rom_data_lookup
                0x10004cb8       0x10 CMakeFiles\orchestra.dir\C_\PICO\pico-sdk\src\rp2_common\pico_bootrom\bootrom.c.obj
                0x10004cb8                rom_data_lookup
 .text.rom_funcs_lookup
                0x10004cc8       0x36 CMakeFiles\orchestra.dir\C_\PICO\pico-sdk\src\rp2_common\pico_bootrom\bootrom.c.obj
                0x10004cc8                rom_funcs_lookup
 *fill*         0x10004cfe        0x2 
 .text.__wrap___aeabi_idiv
                0x10004d00       0x50 CMakeFiles\orchestra.dir\C_\PICO\pico-sdk\src\rp2_common\pico_divider\divider.S.obj
                0x10004d00                __wrap___aeabi_idivmod
                0x10004d00                divmod_s32s32
                0x10004d00                div_s32s32
                0x10004d00                __wrap___aeabi_idiv
                0x10004d08                divmod_s32s32_unsafe
                0x10004d34                divmod_s32s32_savestate
 .text.__wrap___aeabi_uidiv
                0x10004d50       0x4c CMakeFiles\orchestra.dir\C_\PICO\pico-sdk\src\rp2_common\pico_divider\divider.S.obj
                0x10004d50                __wrap___aeabi_uidiv
                0x10004d50                __wrap___aeabi_uidivmod
                0x10004d50                div_u32u32
                0x10004d50                divmod_u32u32
                0x10004d58                divmod_u32u32_unsafe
                0x10004d80                divmod_u32u32_savestate
 .text.__wrap___aeabi_ldiv
                0x10004d9c      0x434 CMakeFiles\orchestra.dir\C_\PICO\pico-sdk\src\rp2_common\pico_divider\divider.S.obj
                0x10004d9c                div_s64s64
                0x10004d9c                divmod_s64s64
                0x10004d9c                __wrap___aeabi_ldivmod
                0x10004dd4                divmod_u64u64
                0x10004dd4                div_u64u64
                0x10004dd4                __wrap___aeabi_uldivmod
                0x10004de4                divmod_u64u64_savestate
                0x10004e0c                divmod_s64s64_unsafe
                0x10004e94                divmod_u64u64_unsafe
 .text.__wrap___aeabi_darithmetic
                0x100051d0       0x80 CMakeFiles\orchestra.dir\C_\PICO\pico-sdk\src\rp2_common\pico_double\double_aeabi.S.obj
                0x100051d0                __wrap___aeabi_drsub
                0x100051d6                __wrap___aeabi_dsub
                0x100051e8                __wrap___aeabi_dadd
                0x100051fa                __wrap___aeabi_ddiv
                0x10005236                __wrap___aeabi_dmul
 .text.__wrap___aeabi_cdcmple
                0x10005250       0x6c CMakeFiles\orchestra.dir\C_\PICO\pico-sdk\src\rp2_common\pico_double\double_aeabi.S.obj
                0x10005250                __wrap___aeabi_cdrcmple
                0x10005260                __wrap___aeabi_cdcmpeq
                0x10005260                __wrap___aeabi_cdcmple
 .text.__wrap___aeabi_dcmplt
                0x100052bc        0xc CMakeFiles\orchestra.dir\C_\PICO\pico-sdk\src\rp2_common\pico_double\double_aeabi.S.obj
                0x100052bc                __wrap___aeabi_dcmplt
 .text.__wrap___aeabi_dcmple
                0x100052c8       0x10 CMakeFiles\orchestra.dir\C_\PICO\pico-sdk\src\rp2_common\pico_double\double_aeabi.S.obj
                0x100052c8                __wrap___aeabi_dcmple
 .text.__wrap___aeabi_dcmpge
                0x100052d8       0x10 CMakeFiles\orchestra.dir\C_\PICO\pico-sdk\src\rp2_common\pico_double\double_aeabi.S.obj
                0x100052d8                __wrap___aeabi_dcmpge
 .text.__wrap___aeabi_dcmpgt
                0x100052e8        0xa CMakeFiles\orchestra.dir\C_\PICO\pico-sdk\src\rp2_common\pico_double\double_aeabi.S.obj
                0x100052e8                __wrap___aeabi_dcmpgt
 .text.__wrap___aeabi_dcmpun
                0x100052f2       0x1c CMakeFiles\orchestra.dir\C_\PICO\pico-sdk\src\rp2_common\pico_double\double_aeabi.S.obj
                0x100052f2                __wrap___aeabi_dcmpun
 *fill*         0x1000530e        0x2 
 .text.__wrap___aeabi_i2d
                0x10005310       0x38 CMakeFiles\orchestra.dir\C_\PICO\pico-sdk\src\rp2_common\pico_double\double_aeabi.S.obj
                0x10005310                __wrap___aeabi_ui2d
                0x10005318                __wrap___aeabi_i2d
 .text.__wrap___aeabi_d2iz
                0x10005348       0x48 CMakeFiles\orchestra.dir\C_\PICO\pico-sdk\src\rp2_common\pico_double\double_aeabi.S.obj
                0x10005348                double2int_z
                0x10005348                __wrap___aeabi_d2iz
 .text.__wrap___aeabi_d2uiz
                0x10005390       0x18 CMakeFiles\orchestra.dir\C_\PICO\pico-sdk\src\rp2_common\pico_double\double_aeabi.S.obj
                0x10005390                __wrap___aeabi_d2uiz
                0x10005390                double2uint
 .text.__wrap___aeabi_d2f
                0x100053a8       0x18 CMakeFiles\orchestra.dir\C_\PICO\pico-sdk\src\rp2_common\pico_double\double_aeabi.S.obj
                0x100053a8                __wrap___aeabi_d2f
 .text.__aeabi_double_init
                0x100053c0       0xc8 CMakeFiles\orchestra.dir\C_\PICO\pico-sdk\src\rp2_common\pico_double\double_init_rom.c.obj
                0x100053c0                __aeabi_double_init
 .text.double_table_shim_on_use_helper
                0x10005488       0x34 CMakeFiles\orchestra.dir\C_\PICO\pico-sdk\src\rp2_common\pico_double\double_v1_rom_shim.S.obj
                0x10005488                double_table_shim_on_use_helper
 .text.__wrap___aeabi_dsub
                0x100054bc       0x10 CMakeFiles\orchestra.dir\C_\PICO\pico-sdk\src\rp2_common\pico_double\double_v1_rom_shim.S.obj
                0x100054bc                drsub_shim
                0x100054c2                dsub_shim
 .text.dadd_shim
                0x100054cc      0x15c CMakeFiles\orchestra.dir\C_\PICO\pico-sdk\src\rp2_common\pico_double\double_v1_rom_shim.S.obj
                0x100054cc                dadd_shim
 .text.dmul_shim
                0x10005628      0x15c CMakeFiles\orchestra.dir\C_\PICO\pico-sdk\src\rp2_common\pico_double\double_v1_rom_shim.S.obj
                0x10005628                dmul_shim
 .text.ddiv_shim
                0x10005784      0x1b0 CMakeFiles\orchestra.dir\C_\PICO\pico-sdk\src\rp2_common\pico_double\double_v1_rom_shim.S.obj
                0x10005784                ddiv_shim
 .text.double2uint_shim
                0x10005934        0xe CMakeFiles\orchestra.dir\C_\PICO\pico-sdk\src\rp2_common\pico_double\double_v1_rom_shim.S.obj
                0x10005934                double2uint_shim
                0x10005936                double2ufix_shim
 *fill*         0x10005942        0x2 
 .text.double2uint64_shim
                0x10005944       0x70 CMakeFiles\orchestra.dir\C_\PICO\pico-sdk\src\rp2_common\pico_double\double_v1_rom_shim.S.obj
                0x10005944                double2uint64_shim
                0x10005946                double2ufix64_shim
                0x10005966                d2fix_a
 .text.double2float_shim
                0x100059b4       0x5c CMakeFiles\orchestra.dir\C_\PICO\pico-sdk\src\rp2_common\pico_double\double_v1_rom_shim.S.obj
                0x100059b4                double2float_shim
 .text.dunpacks
                0x10005a10       0x3c CMakeFiles\orchestra.dir\C_\PICO\pico-sdk\src\rp2_common\pico_double\double_v1_rom_shim.S.obj
                0x10005a10                dunpacks
 .text.__aeabi_lmul
                0x10005a4c       0x32 CMakeFiles\orchestra.dir\C_\PICO\pico-sdk\src\rp2_common\pico_int64_ops\pico_int64_ops_aeabi.S.obj
                0x10005a4c                __wrap___aeabi_lmul
 *fill*         0x10005a7e        0x2 
 .text.__wrap___aeabi_farithmetic
                0x10005a80       0x58 CMakeFiles\orchestra.dir\C_\PICO\pico-sdk\src\rp2_common\pico_float\float_aeabi.S.obj
                0x10005a80                __wrap___aeabi_frsub
                0x10005a86                __wrap___aeabi_fsub
                0x10005a90                __wrap___aeabi_fadd
                0x10005a9a                __wrap___aeabi_fdiv
                0x10005ac6                __wrap___aeabi_fmul
 .text.__wrap___aeabi_cfcmple
                0x10005ad8       0x50 CMakeFiles\orchestra.dir\C_\PICO\pico-sdk\src\rp2_common\pico_float\float_aeabi.S.obj
                0x10005ad8                __wrap___aeabi_cfrcmple
                0x10005ae4                __wrap___aeabi_cfcmple
                0x10005ae4                __wrap___aeabi_cfcmpeq
 .text.__wrap___aeabi_fcmplt
                0x10005b28        0xc CMakeFiles\orchestra.dir\C_\PICO\pico-sdk\src\rp2_common\pico_float\float_aeabi.S.obj
                0x10005b28                __wrap___aeabi_fcmplt
 .text.__wrap___aeabi_fcmpgt
                0x10005b34        0xa CMakeFiles\orchestra.dir\C_\PICO\pico-sdk\src\rp2_common\pico_float\float_aeabi.S.obj
                0x10005b34                __wrap___aeabi_fcmpgt
 .text.__wrap___aeabi_ui2f
                0x10005b3e        0xa CMakeFiles\orchestra.dir\C_\PICO\pico-sdk\src\rp2_common\pico_float\float_aeabi.S.obj
                0x10005b3e                __wrap___aeabi_ui2f
 .text.__wrap___aeabi_i2f
                0x10005b48       0x44 CMakeFiles\orchestra.dir\C_\PICO\pico-sdk\src\rp2_common\pico_float\float_aeabi.S.obj
                0x10005b48                __wrap___aeabi_i2f
 .text.__wrap___aeabi_f2iz
                0x10005b8c       0x4e CMakeFiles\orchestra.dir\C_\PICO\pico-sdk\src\rp2_common\pico_float\float_aeabi.S.obj
                0x10005b8c                float2int_z
                0x10005b8c                __wrap___aeabi_f2iz
 *fill*         0x10005bda        0x2 
 .text.float2int
                0x10005bdc       0x14 CMakeFiles\orchestra.dir\C_\PICO\pico-sdk\src\rp2_common\pico_float\float_aeabi.S.obj
                0x10005bdc                float2int
 .text.__wrap___aeabi_f2uiz
                0x10005bf0       0x10 CMakeFiles\orchestra.dir\C_\PICO\pico-sdk\src\rp2_common\pico_float\float_aeabi.S.obj
                0x10005bf0                __wrap___aeabi_f2uiz
 .text.fix2float
                0x10005c00       0x10 CMakeFiles\orchestra.dir\C_\PICO\pico-sdk\src\rp2_common\pico_float\float_aeabi.S.obj
                0x10005c00                fix2float
 .text.__wrap___aeabi_f2d
                0x10005c10       0x14 CMakeFiles\orchestra.dir\C_\PICO\pico-sdk\src\rp2_common\pico_float\float_aeabi.S.obj
                0x10005c10                __wrap___aeabi_f2d
 .text.__wrap_srqtf
                0x10005c24       0x24 CMakeFiles\orchestra.dir\C_\PICO\pico-sdk\src\rp2_common\pico_float\float_aeabi.S.obj
                0x10005c24                __wrap_sqrtf
 .text.__wrap_cosf
                0x10005c48       0x28 CMakeFiles\orchestra.dir\C_\PICO\pico-sdk\src\rp2_common\pico_float\float_aeabi.S.obj
                0x10005c48                __wrap_cosf
 .text.__wrap_atan2f
                0x10005c70       0x14 CMakeFiles\orchestra.dir\C_\PICO\pico-sdk\src\rp2_common\pico_float\float_aeabi.S.obj
                0x10005c70                __wrap_atan2f
 .text.__aeabi_float_init
                0x10005c84       0xfc CMakeFiles\orchestra.dir\C_\PICO\pico-sdk\src\rp2_common\pico_float\float_init_rom.c.obj
                0x10005c84                __aeabi_float_init
 .text.frem_0   0x10005d80       0x80 CMakeFiles\orchestra.dir\C_\PICO\pico-sdk\src\rp2_common\pico_float\float_math.c.obj
 .text.__wrap_asinf
                0x10005e00       0x42 CMakeFiles\orchestra.dir\C_\PICO\pico-sdk\src\rp2_common\pico_float\float_math.c.obj
                0x10005e00                __wrap_asinf
 .text.__wrap_remquof
                0x10005e42       0xda CMakeFiles\orchestra.dir\C_\PICO\pico-sdk\src\rp2_common\pico_float\float_math.c.obj
                0x10005e42                __wrap_remquof
 .text.__wrap_remainderf
                0x10005f1c        0xa CMakeFiles\orchestra.dir\C_\PICO\pico-sdk\src\rp2_common\pico_float\float_math.c.obj
                0x10005f1c                __wrap_remainderf
 *fill*         0x10005f26        0x2 
 .text.float_table_shim_on_use_helper
                0x10005f28       0x34 CMakeFiles\orchestra.dir\C_\PICO\pico-sdk\src\rp2_common\pico_float\float_v1_rom_shim.S.obj
                0x10005f28                float_table_shim_on_use_helper
 .text.fatan2_shim
                0x10005f5c       0x88 CMakeFiles\orchestra.dir\C_\PICO\pico-sdk\src\rp2_common\pico_float\float_v1_rom_shim.S.obj
                0x10005f5c                fatan2_shim
 .text.float232_shims
                0x10005fe4       0x18 CMakeFiles\orchestra.dir\C_\PICO\pico-sdk\src\rp2_common\pico_float\float_v1_rom_shim.S.obj
                0x10005fe4                float2int_shim
                0x10005fe6                float2fix_shim
 .text.float2double_shim
                0x10005ffc       0x30 CMakeFiles\orchestra.dir\C_\PICO\pico-sdk\src\rp2_common\pico_float\float_v1_rom_shim.S.obj
                0x10005ffc                float2double_shim
 .text          0x1000602c       0x10 CMakeFiles\orchestra.dir\C_\PICO\pico-sdk\src\rp2_common\pico_mem_ops\mem_ops_aeabi.S.obj
                0x1000602c                __aeabi_mem_init
 .text.memset   0x1000603c        0xc CMakeFiles\orchestra.dir\C_\PICO\pico-sdk\src\rp2_common\pico_mem_ops\mem_ops_aeabi.S.obj
                0x1000603c                __wrap_memset
 .text.memcpy   0x10006048        0xc CMakeFiles\orchestra.dir\C_\PICO\pico-sdk\src\rp2_common\pico_mem_ops\mem_ops_aeabi.S.obj
                0x10006048                __wrap_memcpy
                0x10006048                __wrap___aeabi_memcpy
 .text.stdio_out_chars_no_crlf
                0x10006054        0xe CMakeFiles\orchestra.dir\C_\PICO\pico-sdk\src\rp2_common\pico_stdio\stdio.c.obj
 *fill*         0x10006062        0x2 
 .text.stdio_out_chars_crlf
                0x10006064       0x80 CMakeFiles\orchestra.dir\C_\PICO\pico-sdk\src\rp2_common\pico_stdio\stdio.c.obj
 .text.stdio_stack_buffer_flush
                0x100060e4       0x44 CMakeFiles\orchestra.dir\C_\PICO\pico-sdk\src\rp2_common\pico_stdio\stdio.c.obj
 .text.stdio_buffered_printer
                0x10006128       0x20 CMakeFiles\orchestra.dir\C_\PICO\pico-sdk\src\rp2_common\pico_stdio\stdio.c.obj
 .text.stdout_serialize_begin
                0x10006148       0x30 CMakeFiles\orchestra.dir\C_\PICO\pico-sdk\src\rp2_common\pico_stdio\stdio.c.obj
                0x10006148                stdout_serialize_begin
 .text.stdout_serialize_end
                0x10006178       0x10 CMakeFiles\orchestra.dir\C_\PICO\pico-sdk\src\rp2_common\pico_stdio\stdio.c.obj
                0x10006178                stdout_serialize_end
 .text.stdio_put_string
                0x10006188       0x98 CMakeFiles\orchestra.dir\C_\PICO\pico-sdk\src\rp2_common\pico_stdio\stdio.c.obj
 .text.stdio_set_driver_enabled
                0x10006220       0x38 CMakeFiles\orchestra.dir\C_\PICO\pico-sdk\src\rp2_common\pico_stdio\stdio.c.obj
                0x10006220                stdio_set_driver_enabled
 .text.stdio_flush
                0x10006258       0x20 CMakeFiles\orchestra.dir\C_\PICO\pico-sdk\src\rp2_common\pico_stdio\stdio.c.obj
                0x10006258                stdio_flush
 .text.__wrap_puts
                0x10006278       0x1e CMakeFiles\orchestra.dir\C_\PICO\pico-sdk\src\rp2_common\pico_stdio\stdio.c.obj
                0x10006278                __wrap_puts
 *fill*         0x10006296        0x2 
 .text.__wrap_vprintf
                0x10006298       0x44 CMakeFiles\orchestra.dir\C_\PICO\pico-sdk\src\rp2_common\pico_stdio\stdio.c.obj
                0x10006298                __wrap_vprintf
 .text.__wrap_printf
                0x100062dc       0x18 CMakeFiles\orchestra.dir\C_\PICO\pico-sdk\src\rp2_common\pico_stdio\stdio.c.obj
                0x100062dc                __wrap_printf
 .text.stdio_init_all
                0x100062f4        0x8 CMakeFiles\orchestra.dir\C_\PICO\pico-sdk\src\rp2_common\pico_stdio\stdio.c.obj
                0x100062f4                stdio_init_all
 .text.stdio_uart_out_chars
                0x100062fc       0x74 CMakeFiles\orchestra.dir\C_\PICO\pico-sdk\src\rp2_common\pico_stdio_uart\stdio_uart.c.obj
 .text.stdio_uart_in_chars
                0x10006370       0x58 CMakeFiles\orchestra.dir\C_\PICO\pico-sdk\src\rp2_common\pico_stdio_uart\stdio_uart.c.obj
                0x10006370                stdio_uart_in_chars
 .text.stdio_uart_init_full
                0x100063c8       0x3c CMakeFiles\orchestra.dir\C_\PICO\pico-sdk\src\rp2_common\pico_stdio_uart\stdio_uart.c.obj
                0x100063c8                stdio_uart_init_full
 .text.stdio_uart_init
                0x10006404       0x28 CMakeFiles\orchestra.dir\C_\PICO\pico-sdk\src\rp2_common\pico_stdio_uart\stdio_uart.c.obj
                0x10006404                stdio_uart_init
 .text.adc_init
                0x1000642c       0x34 CMakeFiles\orchestra.dir\C_\PICO\pico-sdk\src\rp2_common\hardware_adc\adc.c.obj
                0x1000642c                adc_init
 .text.strlen   0x10006460       0x5c c:/progra~2/gnuarm~1/102021~1.10/bin/../lib/gcc/arm-none-eabi/10.3.1/../../../../arm-none-eabi/lib/thumb/v6-m/nofp\libg.a(lib_a-strlen-stub.o)
                0x10006460                strlen
 *(.fini)
 .fini          0x100064bc        0x4 c:/progra~2/gnuarm~1/102021~1.10/bin/../lib/gcc/arm-none-eabi/10.3.1/thumb/v6-m/nofp/crti.o
                0x100064bc                _fini
 .fini.__stub   0x100064c0       0x50 linker stubs
 *crtbegin.o(.ctors)
 *crtbegin?.o(.ctors)
 *(EXCLUDE_FILE(*crtend.o *crtend?.o) .ctors)
 *(SORT_BY_NAME(.ctors.*))
 *(.ctors)
 *crtbegin.o(.dtors)
 *crtbegin?.o(.dtors)
 *(EXCLUDE_FILE(*crtend.o *crtend?.o) .dtors)
 *(SORT_BY_NAME(.dtors.*))
 *(.dtors)
 *(.eh_frame*)
 .eh_frame      0x10006510        0x0 c:/progra~2/gnuarm~1/102021~1.10/bin/../lib/gcc/arm-none-eabi/10.3.1/thumb/v6-m/nofp/crtbegin.o
                0x10006510                . = ALIGN (0x4)

.glue_7         0x10006510        0x0
 .glue_7        0x10006510        0x0 linker stubs

.glue_7t        0x10006510        0x0
 .glue_7t       0x10006510        0x0 linker stubs

.vfp11_veneer   0x10006510        0x0
 .vfp11_veneer  0x10006510        0x0 linker stubs

.v4_bx          0x10006510        0x0
 .v4_bx         0x10006510        0x0 linker stubs

.iplt           0x10006510        0x0
 .iplt          0x10006510        0x0 c:/progra~2/gnuarm~1/102021~1.10/bin/../lib/gcc/arm-none-eabi/10.3.1/thumb/v6-m/nofp/crtbegin.o

.rodata         0x10006510      0xec8
 *(EXCLUDE_FILE(*libm.a: *libc.a:*lib_a-mem*.o *libgcc.a:) .rodata*)
 .rodata._Z10on_uart_rxv.str1.4
                0x10006510        0xb CMakeFiles\orchestra.dir\orchestra.cpp.obj
                                  0xe (size before relaxing)
 *fill*         0x1000651b        0x1 
 .rodata._Z10on_uart_rxv
                0x1000651c       0x90 CMakeFiles\orchestra.dir\orchestra.cpp.obj
 .rodata._ZN4Body12StateChangedE4Mode
                0x100065ac       0x1c CMakeFiles\orchestra.dir\orchestra.cpp.obj
 .rodata._ZN4Body4MoveEv
                0x100065c8       0x3c CMakeFiles\orchestra.dir\orchestra.cpp.obj
 .rodata.main.str1.4
                0x10006604        0xe CMakeFiles\orchestra.dir\orchestra.cpp.obj
 *fill*         0x10006612        0x2 
 .rodata        0x10006614        0x7 CMakeFiles\orchestra.dir\orchestra.cpp.obj
 *fill*         0x1000661b        0x1 
 .rodata.repeating_timer_callback.str1.4
                0x1000661c       0x41 CMakeFiles\orchestra.dir\C_\PICO\pico-sdk\src\common\pico_time\time.c.obj
 *fill*         0x1000665d        0x3 
 .rodata.alarm_pool_dump_key.str1.4
                0x10006660       0x33 CMakeFiles\orchestra.dir\C_\PICO\pico-sdk\src\common\pico_time\time.c.obj
 *fill*         0x10006693        0x1 
 .rodata.ph_add_child_node.str1.4
                0x10006694       0x8a CMakeFiles\orchestra.dir\C_\PICO\pico-sdk\src\common\pico_time\time.c.obj
 *fill*         0x1000671e        0x2 
 .rodata.add_alarm_under_lock.str1.4
                0x10006720       0x28 CMakeFiles\orchestra.dir\C_\PICO\pico-sdk\src\common\pico_time\time.c.obj
                                 0x2b (size before relaxing)
 .rodata.alarm_pool_alarm_callback.str1.4
                0x10006748       0xda CMakeFiles\orchestra.dir\C_\PICO\pico-sdk\src\common\pico_time\time.c.obj
 *fill*         0x10006822        0x2 
 .rodata.alarm_pool_get_default.str1.4
                0x10006824       0x21 CMakeFiles\orchestra.dir\C_\PICO\pico-sdk\src\common\pico_time\time.c.obj
 *fill*         0x10006845        0x3 
 .rodata.sleep_until.str1.4
                0x10006848       0x4d CMakeFiles\orchestra.dir\C_\PICO\pico-sdk\src\common\pico_time\time.c.obj
 *fill*         0x10006895        0x3 
 .rodata.__func__.10
                0x10006898       0x15 CMakeFiles\orchestra.dir\C_\PICO\pico-sdk\src\common\pico_time\time.c.obj
 *fill*         0x100068ad        0x3 
 .rodata.__func__.11
                0x100068b0       0x1a CMakeFiles\orchestra.dir\C_\PICO\pico-sdk\src\common\pico_time\time.c.obj
 *fill*         0x100068ca        0x2 
 .rodata.__func__.12
                0x100068cc        0xa CMakeFiles\orchestra.dir\C_\PICO\pico-sdk\src\common\pico_time\time.c.obj
 *fill*         0x100068d6        0x2 
 .rodata.__func__.3
                0x100068d8       0x17 CMakeFiles\orchestra.dir\C_\PICO\pico-sdk\src\common\pico_time\time.c.obj
 *fill*         0x100068ef        0x1 
 .rodata.__func__.4
                0x100068f0       0x12 CMakeFiles\orchestra.dir\C_\PICO\pico-sdk\src\common\pico_time\time.c.obj
 *fill*         0x10006902        0x2 
 .rodata.__func__.5
                0x10006904        0xd CMakeFiles\orchestra.dir\C_\PICO\pico-sdk\src\common\pico_time\time.c.obj
 *fill*         0x10006911        0x3 
 .rodata.__func__.6
                0x10006914       0x12 CMakeFiles\orchestra.dir\C_\PICO\pico-sdk\src\common\pico_time\time.c.obj
 *fill*         0x10006926        0x2 
 .rodata.__func__.7
                0x10006928        0xf CMakeFiles\orchestra.dir\C_\PICO\pico-sdk\src\common\pico_time\time.c.obj
 *fill*         0x10006937        0x1 
 .rodata.__func__.8
                0x10006938        0xc CMakeFiles\orchestra.dir\C_\PICO\pico-sdk\src\common\pico_time\time.c.obj
 .rodata.__func__.9
                0x10006944       0x15 CMakeFiles\orchestra.dir\C_\PICO\pico-sdk\src\common\pico_time\time.c.obj
 *fill*         0x10006959        0x3 
 .rodata.hardware_alarm_claim.str1.4
                0x1000695c       0x22 CMakeFiles\orchestra.dir\C_\PICO\pico-sdk\src\rp2_common\hardware_timer\timer.c.obj
 *fill*         0x1000697e        0x2 
 .rodata.hardware_alarm_set_target.str1.4
                0x10006980       0x5b CMakeFiles\orchestra.dir\C_\PICO\pico-sdk\src\rp2_common\hardware_timer\timer.c.obj
 *fill*         0x100069db        0x1 
 .rodata.__func__.0
                0x100069dc       0x1a CMakeFiles\orchestra.dir\C_\PICO\pico-sdk\src\rp2_common\hardware_timer\timer.c.obj
 *fill*         0x100069f6        0x2 
 .rodata.str1.4
                0x100069f8       0x81 CMakeFiles\orchestra.dir\C_\PICO\pico-sdk\src\common\pico_sync\mutex.c.obj
                                 0xd9 (size before relaxing)
 *fill*         0x10006a79        0x3 
 .rodata.__func__.1
                0x10006a7c        0xb CMakeFiles\orchestra.dir\C_\PICO\pico-sdk\src\common\pico_sync\mutex.c.obj
 .rodata.ph_add_child_node.str1.4
                0x10006a87       0x8a CMakeFiles\orchestra.dir\C_\PICO\pico-sdk\src\common\pico_util\pheap.c.obj
 *fill*         0x10006a87        0x1 
 .rodata.ph_remove_any_head.str1.4
                0x10006a88       0x84 CMakeFiles\orchestra.dir\C_\PICO\pico-sdk\src\common\pico_util\pheap.c.obj
 .rodata.ph_remove_and_free_node.str1.4
                0x10006b0c       0x26 CMakeFiles\orchestra.dir\C_\PICO\pico-sdk\src\common\pico_util\pheap.c.obj
 *fill*         0x10006b32        0x2 
 .rodata.__func__.0
                0x10006b34       0x18 CMakeFiles\orchestra.dir\C_\PICO\pico-sdk\src\common\pico_util\pheap.c.obj
 .rodata.__func__.1
                0x10006b4c       0x13 CMakeFiles\orchestra.dir\C_\PICO\pico-sdk\src\common\pico_util\pheap.c.obj
 *fill*         0x10006b5f        0x1 
 .rodata.__func__.2
                0x10006b60       0x12 CMakeFiles\orchestra.dir\C_\PICO\pico-sdk\src\common\pico_util\pheap.c.obj
 *fill*         0x10006b72        0x2 
 .rodata.__func__.3
                0x10006b74        0xc CMakeFiles\orchestra.dir\C_\PICO\pico-sdk\src\common\pico_util\pheap.c.obj
 .rodata.__assert_func.str1.4
                0x10006b80       0x3f CMakeFiles\orchestra.dir\C_\PICO\pico-sdk\src\rp2_common\pico_runtime\runtime.c.obj
                                 0x43 (size before relaxing)
 *fill*         0x10006bbf        0x1 
 .rodata.runtime_init.str1.4
                0x10006bc0       0x57 CMakeFiles\orchestra.dir\C_\PICO\pico-sdk\src\rp2_common\pico_runtime\runtime.c.obj
 *fill*         0x10006c17        0x1 
 .rodata.panic.str1.4
                0x10006c18       0x10 CMakeFiles\orchestra.dir\C_\PICO\pico-sdk\src\rp2_common\pico_runtime\runtime.c.obj
                                 0x12 (size before relaxing)
 .rodata.__func__.1
                0x10006c28        0xd CMakeFiles\orchestra.dir\C_\PICO\pico-sdk\src\rp2_common\pico_runtime\runtime.c.obj
 *fill*         0x10006c35        0x3 
 .rodata.clock_configure.str1.4
                0x10006c38       0x4d CMakeFiles\orchestra.dir\C_\PICO\pico-sdk\src\rp2_common\hardware_clocks\clocks.c.obj
 *fill*         0x10006c85        0x3 
 .rodata.__func__.1
                0x10006c88       0x10 CMakeFiles\orchestra.dir\C_\PICO\pico-sdk\src\rp2_common\hardware_clocks\clocks.c.obj
 .rodata.make_branch.str1.4
                0x10006c98       0x43 CMakeFiles\orchestra.dir\C_\PICO\pico-sdk\src\rp2_common\hardware_irq\irq.c.obj
 *fill*         0x10006cdb        0x1 
 .rodata.irq_set_exclusive_handler.str1.4
                0x10006cdc       0x36 CMakeFiles\orchestra.dir\C_\PICO\pico-sdk\src\rp2_common\hardware_irq\irq.c.obj
 *fill*         0x10006d12        0x2 
 .rodata.irq_add_shared_handler.str1.4
                0x10006d14       0xd9 CMakeFiles\orchestra.dir\C_\PICO\pico-sdk\src\rp2_common\hardware_irq\irq.c.obj
 *fill*         0x10006ded        0x3 
 .rodata.irq_remove_handler.str1.4
                0x10006df0       0x2a CMakeFiles\orchestra.dir\C_\PICO\pico-sdk\src\rp2_common\hardware_irq\irq.c.obj
 *fill*         0x10006e1a        0x2 
 .rodata.irq_add_tail_to_free_list.str1.4
                0x10006e1c       0x32 CMakeFiles\orchestra.dir\C_\PICO\pico-sdk\src\rp2_common\hardware_irq\irq.c.obj
                                 0x3a (size before relaxing)
 *fill*         0x10006e4e        0x2 
 .rodata.__func__.0
                0x10006e50       0x1a CMakeFiles\orchestra.dir\C_\PICO\pico-sdk\src\rp2_common\hardware_irq\irq.c.obj
 *fill*         0x10006e6a        0x2 
 .rodata.__func__.1
                0x10006e6c       0x17 CMakeFiles\orchestra.dir\C_\PICO\pico-sdk\src\rp2_common\hardware_irq\irq.c.obj
 *fill*         0x10006e83        0x1 
 .rodata.__func__.2
                0x10006e84       0x13 CMakeFiles\orchestra.dir\C_\PICO\pico-sdk\src\rp2_common\hardware_irq\irq.c.obj
 *fill*         0x10006e97        0x1 
 .rodata.__func__.3
                0x10006e98        0xc CMakeFiles\orchestra.dir\C_\PICO\pico-sdk\src\rp2_common\hardware_irq\irq.c.obj
 .rodata.__func__.4
                0x10006ea4        0xf CMakeFiles\orchestra.dir\C_\PICO\pico-sdk\src\rp2_common\hardware_irq\irq.c.obj
 *fill*         0x10006eb3        0x1 
 .rodata.__func__.6
                0x10006eb4       0x1a CMakeFiles\orchestra.dir\C_\PICO\pico-sdk\src\rp2_common\hardware_irq\irq.c.obj
 *fill*         0x10006ece        0x2 
 .rodata.pll_init.str1.4
                0x10006ed0       0xcf CMakeFiles\orchestra.dir\C_\PICO\pico-sdk\src\rp2_common\hardware_pll\pll.c.obj
 *fill*         0x10006f9f        0x1 
 .rodata.__func__.0
                0x10006fa0        0x9 CMakeFiles\orchestra.dir\C_\PICO\pico-sdk\src\rp2_common\hardware_pll\pll.c.obj
 *fill*         0x10006fa9        0x3 
 .rodata._ftoa.str1.4
                0x10006fac       0x15 CMakeFiles\orchestra.dir\C_\PICO\pico-sdk\src\rp2_common\pico_printf\printf.c.obj
 *fill*         0x10006fc1        0x3 
 .rodata._vsnprintf
                0x10006fc4      0x1e0 CMakeFiles\orchestra.dir\C_\PICO\pico-sdk\src\rp2_common\pico_printf\printf.c.obj
 *fill*         0x100071a4        0x4 
 .rodata.pow10.0
                0x100071a8       0x50 CMakeFiles\orchestra.dir\C_\PICO\pico-sdk\src\rp2_common\pico_printf\printf.c.obj
 .rodata.__aeabi_double_init.str1.4
                0x100071f8       0x9e CMakeFiles\orchestra.dir\C_\PICO\pico-sdk\src\rp2_common\pico_double\double_init_rom.c.obj
 *fill*         0x10007296        0x2 
 .rodata.__func__.0
                0x10007298       0x14 CMakeFiles\orchestra.dir\C_\PICO\pico-sdk\src\rp2_common\pico_double\double_init_rom.c.obj
 .rodata.__aeabi_float_init.str1.4
                0x100072ac       0x70 CMakeFiles\orchestra.dir\C_\PICO\pico-sdk\src\rp2_common\pico_float\float_init_rom.c.obj
                                 0x74 (size before relaxing)
 .rodata.__func__.0
                0x1000731c       0x13 CMakeFiles\orchestra.dir\C_\PICO\pico-sdk\src\rp2_common\pico_float\float_init_rom.c.obj
 *fill*         0x1000732f        0x1 
 .rodata.str1.4
                0x10007330       0x40 CMakeFiles\orchestra.dir\C_\PICO\pico-sdk\src\rp2_common\pico_standard_link\binary_info.c.obj
 .rodata.__bi_44
                0x10007370        0xc CMakeFiles\orchestra.dir\C_\PICO\pico-sdk\src\rp2_common\pico_standard_link\binary_info.c.obj
 .rodata.__bi_75
                0x1000737c        0xc CMakeFiles\orchestra.dir\C_\PICO\pico-sdk\src\rp2_common\pico_standard_link\binary_info.c.obj
 .rodata.__bi_81
                0x10007388        0xc CMakeFiles\orchestra.dir\C_\PICO\pico-sdk\src\rp2_common\pico_standard_link\binary_info.c.obj
 .rodata.crlf_str.3
                0x10007394        0x2 CMakeFiles\orchestra.dir\C_\PICO\pico-sdk\src\rp2_common\pico_stdio\stdio.c.obj
 *fill*         0x10007396        0x2 
 .rodata.str1.4
                0x10007398       0x2c CMakeFiles\orchestra.dir\C_\PICO\pico-sdk\src\rp2_common\pico_stdio_uart\stdio_uart.c.obj
 .rodata.__bi_28.4
                0x100073c4        0xc CMakeFiles\orchestra.dir\C_\PICO\pico-sdk\src\rp2_common\pico_stdio_uart\stdio_uart.c.obj
 .rodata.__bi_29.5
                0x100073d0        0x8 CMakeFiles\orchestra.dir\C_\PICO\pico-sdk\src\rp2_common\pico_stdio_uart\stdio_uart.c.obj
                0x100073d8                . = ALIGN (0x4)
 *(SORT_BY_ALIGNMENT(SORT_BY_NAME(.flashdata*)))
                0x100073d8                . = ALIGN (0x4)

.rel.dyn        0x100073d8        0x0
 .rel.iplt      0x100073d8        0x0 c:/progra~2/gnuarm~1/102021~1.10/bin/../lib/gcc/arm-none-eabi/10.3.1/thumb/v6-m/nofp/crtbegin.o

.ARM.extab
 *(.ARM.extab* .gnu.linkonce.armextab.*)
                0x100073d8                __exidx_start = .

.ARM.exidx
 *(.ARM.exidx* .gnu.linkonce.armexidx.*)
                0x100073d8                __exidx_end = .
                0x100073d8                . = ALIGN (0x4)
                0x100073d8                __binary_info_start = .

.binary_info    0x100073d8       0x24
 *(.binary_info.keep.*)
 .binary_info.keep.__bi_ptr22
                0x100073d8        0x4 CMakeFiles\orchestra.dir\C_\PICO\pico-sdk\src\rp2_common\pico_standard_link\binary_info.c.obj
 .binary_info.keep.__bi_ptr30
                0x100073dc        0x4 CMakeFiles\orchestra.dir\C_\PICO\pico-sdk\src\rp2_common\pico_standard_link\binary_info.c.obj
 .binary_info.keep.__bi_ptr38
                0x100073e0        0x4 CMakeFiles\orchestra.dir\C_\PICO\pico-sdk\src\rp2_common\pico_standard_link\binary_info.c.obj
 .binary_info.keep.__bi_ptr44
                0x100073e4        0x4 CMakeFiles\orchestra.dir\C_\PICO\pico-sdk\src\rp2_common\pico_standard_link\binary_info.c.obj
 .binary_info.keep.__bi_ptr50
                0x100073e8        0x4 CMakeFiles\orchestra.dir\C_\PICO\pico-sdk\src\rp2_common\pico_standard_link\binary_info.c.obj
 .binary_info.keep.__bi_ptr75
                0x100073ec        0x4 CMakeFiles\orchestra.dir\C_\PICO\pico-sdk\src\rp2_common\pico_standard_link\binary_info.c.obj
 .binary_info.keep.__bi_ptr81
                0x100073f0        0x4 CMakeFiles\orchestra.dir\C_\PICO\pico-sdk\src\rp2_common\pico_standard_link\binary_info.c.obj
 *(.binary_info.*)
 .binary_info.__bi_ptr28
                0x100073f4        0x4 CMakeFiles\orchestra.dir\C_\PICO\pico-sdk\src\rp2_common\pico_stdio_uart\stdio_uart.c.obj
 .binary_info.__bi_ptr29
                0x100073f8        0x4 CMakeFiles\orchestra.dir\C_\PICO\pico-sdk\src\rp2_common\pico_stdio_uart\stdio_uart.c.obj
                0x100073fc                __binary_info_end = .
                0x100073fc                . = ALIGN (0x4)
                0x100073fc                __etext = .

.ram_vector_table
                0x20000000       0xc0
 *(.ram_vector_table)
 .ram_vector_table
                0x20000000       0xc0 CMakeFiles\orchestra.dir\C_\PICO\pico-sdk\src\rp2_common\pico_runtime\runtime.c.obj
                0x20000000                ram_vector_table

.data           0x200000c0      0x200 load address 0x100073fc
                0x200000c0                __data_start__ = .
 *(vtable)
 *(.time_critical*)
 .time_critical.mutex_enter_blocking
                0x200000c0       0x48 CMakeFiles\orchestra.dir\C_\PICO\pico-sdk\src\common\pico_sync\mutex.c.obj
                0x200000c0                mutex_enter_blocking
 .time_critical.mutex_try_enter
                0x20000108       0x46 CMakeFiles\orchestra.dir\C_\PICO\pico-sdk\src\common\pico_sync\mutex.c.obj
                0x20000108                mutex_try_enter
 *fill*         0x2000014e        0x2 
 .time_critical.mutex_exit
                0x20000150       0x4c CMakeFiles\orchestra.dir\C_\PICO\pico-sdk\src\common\pico_sync\mutex.c.obj
                0x20000150                mutex_exit
 *(.text*)
 .text          0x2000019c        0x4 c:/progra~2/gnuarm~1/102021~1.10/bin/../lib/gcc/arm-none-eabi/10.3.1/thumb/v6-m/nofp\libgcc.a(_dvmd_tls.o)
                0x2000019c                __aeabi_idiv0
                0x2000019c                __aeabi_ldiv0
 .text.__stub   0x200001a0       0x10 linker stubs
                0x200001b0                . = ALIGN (0x4)
 *(.rodata*)
                0x200001b0                . = ALIGN (0x4)
 *(.data*)
 .data.backStates
                0x200001b0        0xd CMakeFiles\orchestra.dir\orchestra.cpp.obj
                0x200001b0                backStates
 *fill*         0x200001bd        0x3 
 .data.forwardStates
                0x200001c0        0xd CMakeFiles\orchestra.dir\orchestra.cpp.obj
                0x200001c0                forwardStates
 *fill*         0x200001cd        0x3 
 .data.leftStates
                0x200001d0        0xd CMakeFiles\orchestra.dir\orchestra.cpp.obj
                0x200001d0                leftStates
 *fill*         0x200001dd        0x3 
 .data.resetStates
                0x200001e0        0x6 CMakeFiles\orchestra.dir\orchestra.cpp.obj
                0x200001e0                resetStates
 *fill*         0x200001e6        0x2 
 .data.rightStates
                0x200001e8        0xd CMakeFiles\orchestra.dir\orchestra.cpp.obj
                0x200001e8                rightStates
 *fill*         0x200001f5        0x3 
 .data.velocity
                0x200001f8        0x4 CMakeFiles\orchestra.dir\orchestra.cpp.obj
                0x200001f8                velocity
 .data.striped_spin_lock_num
                0x200001fc        0x1 CMakeFiles\orchestra.dir\C_\PICO\pico-sdk\src\rp2_common\hardware_sync\sync.c.obj
 *fill*         0x200001fd        0x3 
 .data.default_alarm_pool
                0x20000200       0x18 CMakeFiles\orchestra.dir\C_\PICO\pico-sdk\src\common\pico_time\time.c.obj
 .data.default_alarm_pool_heap
                0x20000218       0x10 CMakeFiles\orchestra.dir\C_\PICO\pico-sdk\src\common\pico_time\time.c.obj
 .data          0x20000228       0x48 CMakeFiles\orchestra.dir\C_\PICO\pico-sdk\src\rp2_common\hardware_irq\irq_handler_chain.S.obj
                0x20000228                irq_handler_chain_slots
                0x20000258                irq_handler_chain_first_slot
                0x20000262                irq_handler_chain_remove_tail
 .data.aeabi_bits_funcs
                0x20000270       0x10 CMakeFiles\orchestra.dir\C_\PICO\pico-sdk\src\rp2_common\pico_bit_ops\bit_ops_aeabi.S.obj
                0x20000270                aeabi_bits_funcs
                0x20000280                aeabi_bits_funcs_end
 .data.aeabi_mem_funcs
                0x20000280       0x10 CMakeFiles\orchestra.dir\C_\PICO\pico-sdk\src\rp2_common\pico_mem_ops\mem_ops_aeabi.S.obj
                0x20000280                aeabi_mem_funcs
                0x20000290                aeabi_mem_funcs_end
 .data.stdio_uart
                0x20000290       0x14 CMakeFiles\orchestra.dir\C_\PICO\pico-sdk\src\rp2_common\pico_stdio_uart\stdio_uart.c.obj
                0x20000290                stdio_uart
                0x200002a4                . = ALIGN (0x4)
 *(.after_data.*)
                0x200002a4                . = ALIGN (0x4)
                0x200002a4                PROVIDE (__mutex_array_start = .)
 *(SORT_BY_NAME(.mutex_array.*))
 *(.mutex_array)
 .mutex_array   0x200002a4        0x8 CMakeFiles\orchestra.dir\C_\PICO\pico-sdk\src\rp2_common\pico_stdio\stdio.c.obj
                0x200002ac                PROVIDE (__mutex_array_end = .)
                0x200002ac                . = ALIGN (0x4)
                0x200002ac                PROVIDE (__preinit_array_start = .)
 *(SORT_BY_NAME(.preinit_array.*))
 .preinit_array.00001
                0x200002ac        0x4 CMakeFiles\orchestra.dir\C_\PICO\pico-sdk\src\rp2_common\pico_mem_ops\mem_ops_aeabi.S.obj
 .preinit_array.00010
                0x200002b0        0x4 CMakeFiles\orchestra.dir\C_\PICO\pico-sdk\src\rp2_common\pico_bit_ops\bit_ops_aeabi.S.obj
 .preinit_array.00020
                0x200002b4        0x4 CMakeFiles\orchestra.dir\C_\PICO\pico-sdk\src\rp2_common\pico_double\double_aeabi.S.obj
 .preinit_array.00020
                0x200002b8        0x4 CMakeFiles\orchestra.dir\C_\PICO\pico-sdk\src\rp2_common\pico_float\float_aeabi.S.obj
 *(.preinit_array)
                0x200002bc                PROVIDE (__preinit_array_end = .)
                0x200002bc                . = ALIGN (0x4)
                0x200002bc                PROVIDE (__init_array_start = .)
 *(SORT_BY_NAME(.init_array.*))
 *(.init_array)
 .init_array    0x200002bc        0x4 c:/progra~2/gnuarm~1/102021~1.10/bin/../lib/gcc/arm-none-eabi/10.3.1/thumb/v6-m/nofp/crtbegin.o
                0x200002c0                PROVIDE (__init_array_end = .)
                0x200002c0                . = ALIGN (0x4)
                [!provide]                PROVIDE (__fini_array_start = .)
 *(SORT_BY_NAME(.fini_array.*))
 *(.fini_array)
                [!provide]                PROVIDE (__fini_array_end = .)
 *(.jcr)
                0x200002c0                . = ALIGN (0x4)
                0x200002c0                __data_end__ = .

.igot.plt       0x200002c0        0x0 load address 0x100075fc
 .igot.plt      0x200002c0        0x0 c:/progra~2/gnuarm~1/102021~1.10/bin/../lib/gcc/arm-none-eabi/10.3.1/thumb/v6-m/nofp/crtbegin.o

.uninitialized_data
                0x200002c0        0x0 load address 0x100075fc
                0x200002c0                . = ALIGN (0x4)
 *(.uninitialized_data*)

.scratch_x      0x20040000        0x0 load address 0x100075fc
                0x20040000                __scratch_x_start__ = .
 *(.scratch_x.*)
                0x20040000                . = ALIGN (0x4)
                0x20040000                __scratch_x_end__ = .
                0x100075fc                __scratch_x_source__ = LOADADDR (.scratch_x)

.scratch_y      0x20041000        0x0 load address 0x100075fc
                0x20041000                __scratch_y_start__ = .
 *(.scratch_y.*)
                0x20041000                . = ALIGN (0x4)
                0x20041000                __scratch_y_end__ = .
                0x100075fc                __scratch_y_source__ = LOADADDR (.scratch_y)

.bss            0x200002c0      0x3d4
                0x200002c0                . = ALIGN (0x4)
                0x200002c0                __bss_start__ = .
 *(SORT_BY_ALIGNMENT(SORT_BY_NAME(.bss*)))
 .bss.default_alarm_pool_entries
                0x200002c0      0x100 CMakeFiles\orchestra.dir\C_\PICO\pico-sdk\src\common\pico_time\time.c.obj
 .bss           0x200003c0       0x1c c:/progra~2/gnuarm~1/102021~1.10/bin/../lib/gcc/arm-none-eabi/10.3.1/thumb/v6-m/nofp/crtbegin.o
 .bss.alarm_callbacks
                0x200003dc       0x10 CMakeFiles\orchestra.dir\C_\PICO\pico-sdk\src\rp2_common\hardware_timer\timer.c.obj
 .bss.configured_freq
                0x200003ec       0x28 CMakeFiles\orchestra.dir\C_\PICO\pico-sdk\src\rp2_common\hardware_clocks\clocks.c.obj
 .bss.default_alarm_pool_entry_ids_high
                0x20000414       0x10 CMakeFiles\orchestra.dir\C_\PICO\pico-sdk\src\common\pico_time\time.c.obj
 .bss.default_alarm_pool_heap_nodes
                0x20000424       0x30 CMakeFiles\orchestra.dir\C_\PICO\pico-sdk\src\common\pico_time\time.c.obj
 .bss.drivers   0x20000454        0x4 CMakeFiles\orchestra.dir\C_\PICO\pico-sdk\src\rp2_common\pico_stdio\stdio.c.obj
 .bss.filter    0x20000458        0x4 CMakeFiles\orchestra.dir\C_\PICO\pico-sdk\src\rp2_common\pico_stdio\stdio.c.obj
 .bss.pools     0x2000045c       0x10 CMakeFiles\orchestra.dir\C_\PICO\pico-sdk\src\common\pico_time\time.c.obj
 .bss.sd_table  0x2000046c      0x100 CMakeFiles\orchestra.dir\C_\PICO\pico-sdk\src\rp2_common\pico_double\double_init_rom.c.obj
                0x2000046c                sd_table
 .bss.sf_clz_func
                0x2000056c        0x4 CMakeFiles\orchestra.dir\C_\PICO\pico-sdk\src\rp2_common\pico_double\double_init_rom.c.obj
                0x2000056c                sf_clz_func
 .bss.sf_table  0x20000570      0x100 CMakeFiles\orchestra.dir\C_\PICO\pico-sdk\src\rp2_common\pico_float\float_init_rom.c.obj
                0x20000570                sf_table
 .bss.sleep_notifier
                0x20000670        0x4 CMakeFiles\orchestra.dir\C_\PICO\pico-sdk\src\common\pico_time\time.c.obj
 .bss.target_hi
                0x20000674       0x10 CMakeFiles\orchestra.dir\C_\PICO\pico-sdk\src\rp2_common\hardware_timer\timer.c.obj
 .bss.uart_char_to_line_feed
                0x20000684        0x4 CMakeFiles\orchestra.dir\C_\PICO\pico-sdk\src\rp2_common\hardware_uart\uart.c.obj
                0x20000684                uart_char_to_line_feed
 .bss.uart_instance
                0x20000688        0x4 CMakeFiles\orchestra.dir\C_\PICO\pico-sdk\src\rp2_common\pico_stdio_uart\stdio_uart.c.obj
 .bss.changeVelocity
                0x2000068c        0x1 CMakeFiles\orchestra.dir\orchestra.cpp.obj
                0x2000068c                changeVelocity
 .bss.claimed   0x2000068d        0x1 CMakeFiles\orchestra.dir\C_\PICO\pico-sdk\src\rp2_common\hardware_timer\timer.c.obj
 .bss.irq_hander_chain_free_slot_head
                0x2000068e        0x1 CMakeFiles\orchestra.dir\C_\PICO\pico-sdk\src\rp2_common\hardware_irq\irq.c.obj
 .bss.state     0x2000068f        0x1 CMakeFiles\orchestra.dir\orchestra.cpp.obj
                0x2000068f                state
 .bss.timer_callbacks_pending
                0x20000690        0x1 CMakeFiles\orchestra.dir\C_\PICO\pico-sdk\src\rp2_common\hardware_timer\timer.c.obj
 .bss.velocityChanged
                0x20000691        0x1 CMakeFiles\orchestra.dir\orchestra.cpp.obj
                0x20000691                velocityChanged
 *(COMMON)
                0x20000694                . = ALIGN (0x4)
 *fill*         0x20000692        0x2 
                0x20000694                __bss_end__ = .

.heap           0x20000694      0x800
                0x20000694                __end__ = .
                0x20000694                end = __end__
 *(.heap*)
 .heap          0x20000694      0x800 CMakeFiles\orchestra.dir\C_\PICO\pico-sdk\src\rp2_common\pico_standard_link\crt0.S.obj
                0x20000e94                __HeapLimit = .

.stack1_dummy   0x20040000        0x0
 *(.stack1*)

.stack_dummy    0x20041000      0x800
 *(.stack*)
 .stack         0x20041000      0x800 CMakeFiles\orchestra.dir\C_\PICO\pico-sdk\src\rp2_common\pico_standard_link\crt0.S.obj

.flash_end      0x100075fc        0x0
                0x100075fc                __flash_binary_end = .
                0x20040000                __StackLimit = (ORIGIN (RAM) + LENGTH (RAM))
                0x20041000                __StackOneTop = (ORIGIN (SCRATCH_X) + LENGTH (SCRATCH_X))
                0x20042000                __StackTop = (ORIGIN (SCRATCH_Y) + LENGTH (SCRATCH_Y))
                0x20041000                __StackOneBottom = (__StackOneTop - SIZEOF (.stack1_dummy))
                0x20041800                __StackBottom = (__StackTop - SIZEOF (.stack_dummy))
                0x20042000                PROVIDE (__stack = __StackTop)
                0x00000001                ASSERT ((__StackLimit >= __HeapLimit), region RAM overflowed)
                0x00000001                ASSERT (((__binary_info_header_end - __logical_binary_start) <= 0x100), Binary info must be in first 256 bytes of the binary)
LOAD CMakeFiles\orchestra.dir\orchestra.cpp.obj
LOAD CMakeFiles\orchestra.dir\C_\PICO\pico-sdk\src\rp2_common\pico_stdlib\stdlib.c.obj
LOAD CMakeFiles\orchestra.dir\C_\PICO\pico-sdk\src\rp2_common\hardware_gpio\gpio.c.obj
LOAD CMakeFiles\orchestra.dir\C_\PICO\pico-sdk\src\rp2_common\hardware_claim\claim.c.obj
LOAD CMakeFiles\orchestra.dir\C_\PICO\pico-sdk\src\rp2_common\pico_platform\platform.c.obj
LOAD CMakeFiles\orchestra.dir\C_\PICO\pico-sdk\src\rp2_common\hardware_sync\sync.c.obj
LOAD CMakeFiles\orchestra.dir\C_\PICO\pico-sdk\src\rp2_common\hardware_uart\uart.c.obj
LOAD CMakeFiles\orchestra.dir\C_\PICO\pico-sdk\src\rp2_common\hardware_divider\divider.S.obj
LOAD CMakeFiles\orchestra.dir\C_\PICO\pico-sdk\src\common\pico_time\time.c.obj
LOAD CMakeFiles\orchestra.dir\C_\PICO\pico-sdk\src\common\pico_time\timeout_helper.c.obj
LOAD CMakeFiles\orchestra.dir\C_\PICO\pico-sdk\src\rp2_common\hardware_timer\timer.c.obj
LOAD CMakeFiles\orchestra.dir\C_\PICO\pico-sdk\src\common\pico_sync\sem.c.obj
LOAD CMakeFiles\orchestra.dir\C_\PICO\pico-sdk\src\common\pico_sync\lock_core.c.obj
LOAD CMakeFiles\orchestra.dir\C_\PICO\pico-sdk\src\common\pico_sync\mutex.c.obj
LOAD CMakeFiles\orchestra.dir\C_\PICO\pico-sdk\src\common\pico_sync\critical_section.c.obj
LOAD CMakeFiles\orchestra.dir\C_\PICO\pico-sdk\src\common\pico_util\datetime.c.obj
LOAD CMakeFiles\orchestra.dir\C_\PICO\pico-sdk\src\common\pico_util\pheap.c.obj
LOAD CMakeFiles\orchestra.dir\C_\PICO\pico-sdk\src\common\pico_util\queue.c.obj
LOAD CMakeFiles\orchestra.dir\C_\PICO\pico-sdk\src\rp2_common\pico_runtime\runtime.c.obj
LOAD CMakeFiles\orchestra.dir\C_\PICO\pico-sdk\src\rp2_common\hardware_clocks\clocks.c.obj
LOAD CMakeFiles\orchestra.dir\C_\PICO\pico-sdk\src\rp2_common\hardware_irq\irq.c.obj
LOAD CMakeFiles\orchestra.dir\C_\PICO\pico-sdk\src\rp2_common\hardware_irq\irq_handler_chain.S.obj
LOAD CMakeFiles\orchestra.dir\C_\PICO\pico-sdk\src\rp2_common\hardware_pll\pll.c.obj
LOAD CMakeFiles\orchestra.dir\C_\PICO\pico-sdk\src\rp2_common\hardware_vreg\vreg.c.obj
LOAD CMakeFiles\orchestra.dir\C_\PICO\pico-sdk\src\rp2_common\hardware_watchdog\watchdog.c.obj
LOAD CMakeFiles\orchestra.dir\C_\PICO\pico-sdk\src\rp2_common\hardware_xosc\xosc.c.obj
LOAD CMakeFiles\orchestra.dir\C_\PICO\pico-sdk\src\rp2_common\pico_printf\printf.c.obj
LOAD CMakeFiles\orchestra.dir\C_\PICO\pico-sdk\src\rp2_common\pico_bit_ops\bit_ops_aeabi.S.obj
LOAD CMakeFiles\orchestra.dir\C_\PICO\pico-sdk\src\rp2_common\pico_bootrom\bootrom.c.obj
LOAD CMakeFiles\orchestra.dir\C_\PICO\pico-sdk\src\rp2_common\pico_divider\divider.S.obj
LOAD CMakeFiles\orchestra.dir\C_\PICO\pico-sdk\src\rp2_common\pico_double\double_aeabi.S.obj
LOAD CMakeFiles\orchestra.dir\C_\PICO\pico-sdk\src\rp2_common\pico_double\double_init_rom.c.obj
LOAD CMakeFiles\orchestra.dir\C_\PICO\pico-sdk\src\rp2_common\pico_double\double_math.c.obj
LOAD CMakeFiles\orchestra.dir\C_\PICO\pico-sdk\src\rp2_common\pico_double\double_v1_rom_shim.S.obj
LOAD CMakeFiles\orchestra.dir\C_\PICO\pico-sdk\src\rp2_common\pico_int64_ops\pico_int64_ops_aeabi.S.obj
LOAD CMakeFiles\orchestra.dir\C_\PICO\pico-sdk\src\rp2_common\pico_float\float_aeabi.S.obj
LOAD CMakeFiles\orchestra.dir\C_\PICO\pico-sdk\src\rp2_common\pico_float\float_init_rom.c.obj
LOAD CMakeFiles\orchestra.dir\C_\PICO\pico-sdk\src\rp2_common\pico_float\float_math.c.obj
LOAD CMakeFiles\orchestra.dir\C_\PICO\pico-sdk\src\rp2_common\pico_float\float_v1_rom_shim.S.obj
LOAD CMakeFiles\orchestra.dir\C_\PICO\pico-sdk\src\rp2_common\pico_malloc\pico_malloc.c.obj
LOAD CMakeFiles\orchestra.dir\C_\PICO\pico-sdk\src\rp2_common\pico_mem_ops\mem_ops_aeabi.S.obj
LOAD CMakeFiles\orchestra.dir\C_\PICO\pico-sdk\src\rp2_common\pico_standard_link\crt0.S.obj
LOAD CMakeFiles\orchestra.dir\C_\PICO\pico-sdk\src\rp2_common\pico_standard_link\new_delete.cpp.obj
LOAD CMakeFiles\orchestra.dir\C_\PICO\pico-sdk\src\rp2_common\pico_standard_link\binary_info.c.obj
LOAD CMakeFiles\orchestra.dir\C_\PICO\pico-sdk\src\rp2_common\pico_stdio\stdio.c.obj
LOAD CMakeFiles\orchestra.dir\C_\PICO\pico-sdk\src\rp2_common\pico_stdio_uart\stdio_uart.c.obj
LOAD CMakeFiles\orchestra.dir\C_\PICO\pico-sdk\src\rp2_common\hardware_adc\adc.c.obj
LOAD C:\Users\krzys\AppData\Local\Temp\cci4FQ1F.o
LOAD c:/progra~2/gnuarm~1/102021~1.10/bin/../lib/gcc/arm-none-eabi/10.3.1/../../../../arm-none-eabi/lib/thumb/v6-m/nofp\libstdc++.a
LOAD c:/progra~2/gnuarm~1/102021~1.10/bin/../lib/gcc/arm-none-eabi/10.3.1/../../../../arm-none-eabi/lib/thumb/v6-m/nofp\libm.a
START GROUP
LOAD c:/progra~2/gnuarm~1/102021~1.10/bin/../lib/gcc/arm-none-eabi/10.3.1/thumb/v6-m/nofp\libgcc.a
LOAD c:/progra~2/gnuarm~1/102021~1.10/bin/../lib/gcc/arm-none-eabi/10.3.1/../../../../arm-none-eabi/lib/thumb/v6-m/nofp\libg.a
LOAD c:/progra~2/gnuarm~1/102021~1.10/bin/../lib/gcc/arm-none-eabi/10.3.1/../../../../arm-none-eabi/lib/thumb/v6-m/nofp\libc.a
END GROUP
START GROUP
LOAD c:/progra~2/gnuarm~1/102021~1.10/bin/../lib/gcc/arm-none-eabi/10.3.1/thumb/v6-m/nofp\libgcc.a
LOAD c:/progra~2/gnuarm~1/102021~1.10/bin/../lib/gcc/arm-none-eabi/10.3.1/../../../../arm-none-eabi/lib/thumb/v6-m/nofp\libc.a
LOAD c:/progra~2/gnuarm~1/102021~1.10/bin/../lib/gcc/arm-none-eabi/10.3.1/../../../../arm-none-eabi/lib/thumb/v6-m/nofp\libnosys.a
END GROUP
LOAD c:/progra~2/gnuarm~1/102021~1.10/bin/../lib/gcc/arm-none-eabi/10.3.1/thumb/v6-m/nofp/crtend.o
LOAD c:/progra~2/gnuarm~1/102021~1.10/bin/../lib/gcc/arm-none-eabi/10.3.1/thumb/v6-m/nofp/crtn.o
OUTPUT(orchestra.elf elf32-littlearm)
LOAD linker stubs

.ARM.attributes
                0x00000000       0x28
 .ARM.attributes
                0x00000000       0x1e c:/progra~2/gnuarm~1/102021~1.10/bin/../lib/gcc/arm-none-eabi/10.3.1/thumb/v6-m/nofp/crti.o
 .ARM.attributes
                0x0000001e       0x2c c:/progra~2/gnuarm~1/102021~1.10/bin/../lib/gcc/arm-none-eabi/10.3.1/thumb/v6-m/nofp/crtbegin.o
 .ARM.attributes
                0x0000004a       0x2c CMakeFiles\orchestra.dir\orchestra.cpp.obj
 .ARM.attributes
                0x00000076       0x2c CMakeFiles\orchestra.dir\C_\PICO\pico-sdk\src\rp2_common\hardware_gpio\gpio.c.obj
 .ARM.attributes
                0x000000a2       0x2c CMakeFiles\orchestra.dir\C_\PICO\pico-sdk\src\rp2_common\hardware_claim\claim.c.obj
 .ARM.attributes
                0x000000ce       0x2c CMakeFiles\orchestra.dir\C_\PICO\pico-sdk\src\rp2_common\pico_platform\platform.c.obj
 .ARM.attributes
                0x000000fa       0x2c CMakeFiles\orchestra.dir\C_\PICO\pico-sdk\src\rp2_common\hardware_sync\sync.c.obj
 .ARM.attributes
                0x00000126       0x2c CMakeFiles\orchestra.dir\C_\PICO\pico-sdk\src\rp2_common\hardware_uart\uart.c.obj
 .ARM.attributes
                0x00000152       0x2c CMakeFiles\orchestra.dir\C_\PICO\pico-sdk\src\common\pico_time\time.c.obj
 .ARM.attributes
                0x0000017e       0x2c CMakeFiles\orchestra.dir\C_\PICO\pico-sdk\src\rp2_common\hardware_timer\timer.c.obj
 .ARM.attributes
                0x000001aa       0x2c CMakeFiles\orchestra.dir\C_\PICO\pico-sdk\src\common\pico_sync\lock_core.c.obj
 .ARM.attributes
                0x000001d6       0x2c CMakeFiles\orchestra.dir\C_\PICO\pico-sdk\src\common\pico_sync\mutex.c.obj
 .ARM.attributes
                0x00000202       0x2c CMakeFiles\orchestra.dir\C_\PICO\pico-sdk\src\common\pico_util\pheap.c.obj
 .ARM.attributes
                0x0000022e       0x2c CMakeFiles\orchestra.dir\C_\PICO\pico-sdk\src\rp2_common\pico_runtime\runtime.c.obj
 .ARM.attributes
                0x0000025a       0x2c CMakeFiles\orchestra.dir\C_\PICO\pico-sdk\src\rp2_common\hardware_clocks\clocks.c.obj
 .ARM.attributes
                0x00000286       0x2c CMakeFiles\orchestra.dir\C_\PICO\pico-sdk\src\rp2_common\hardware_irq\irq.c.obj
 .ARM.attributes
                0x000002b2       0x22 CMakeFiles\orchestra.dir\C_\PICO\pico-sdk\src\rp2_common\hardware_irq\irq_handler_chain.S.obj
 .ARM.attributes
                0x000002d4       0x2c CMakeFiles\orchestra.dir\C_\PICO\pico-sdk\src\rp2_common\hardware_pll\pll.c.obj
 .ARM.attributes
                0x00000300       0x2c CMakeFiles\orchestra.dir\C_\PICO\pico-sdk\src\rp2_common\hardware_watchdog\watchdog.c.obj
 .ARM.attributes
                0x0000032c       0x2c CMakeFiles\orchestra.dir\C_\PICO\pico-sdk\src\rp2_common\hardware_xosc\xosc.c.obj
 .ARM.attributes
                0x00000358       0x2c CMakeFiles\orchestra.dir\C_\PICO\pico-sdk\src\rp2_common\pico_printf\printf.c.obj
 .ARM.attributes
                0x00000384       0x22 CMakeFiles\orchestra.dir\C_\PICO\pico-sdk\src\rp2_common\pico_bit_ops\bit_ops_aeabi.S.obj
 .ARM.attributes
                0x000003a6       0x2c CMakeFiles\orchestra.dir\C_\PICO\pico-sdk\src\rp2_common\pico_bootrom\bootrom.c.obj
 .ARM.attributes
                0x000003d2       0x22 CMakeFiles\orchestra.dir\C_\PICO\pico-sdk\src\rp2_common\pico_divider\divider.S.obj
 .ARM.attributes
                0x000003f4       0x22 CMakeFiles\orchestra.dir\C_\PICO\pico-sdk\src\rp2_common\pico_double\double_aeabi.S.obj
 .ARM.attributes
                0x00000416       0x2c CMakeFiles\orchestra.dir\C_\PICO\pico-sdk\src\rp2_common\pico_double\double_init_rom.c.obj
 .ARM.attributes
                0x00000442       0x22 CMakeFiles\orchestra.dir\C_\PICO\pico-sdk\src\rp2_common\pico_double\double_v1_rom_shim.S.obj
 .ARM.attributes
                0x00000464       0x22 CMakeFiles\orchestra.dir\C_\PICO\pico-sdk\src\rp2_common\pico_int64_ops\pico_int64_ops_aeabi.S.obj
 .ARM.attributes
                0x00000486       0x22 CMakeFiles\orchestra.dir\C_\PICO\pico-sdk\src\rp2_common\pico_float\float_aeabi.S.obj
 .ARM.attributes
                0x000004a8       0x2c CMakeFiles\orchestra.dir\C_\PICO\pico-sdk\src\rp2_common\pico_float\float_init_rom.c.obj
 .ARM.attributes
                0x000004d4       0x2c CMakeFiles\orchestra.dir\C_\PICO\pico-sdk\src\rp2_common\pico_float\float_math.c.obj
 .ARM.attributes
                0x00000500       0x22 CMakeFiles\orchestra.dir\C_\PICO\pico-sdk\src\rp2_common\pico_float\float_v1_rom_shim.S.obj
 .ARM.attributes
                0x00000522       0x22 CMakeFiles\orchestra.dir\C_\PICO\pico-sdk\src\rp2_common\pico_mem_ops\mem_ops_aeabi.S.obj
 .ARM.attributes
                0x00000544       0x22 CMakeFiles\orchestra.dir\C_\PICO\pico-sdk\src\rp2_common\pico_standard_link\crt0.S.obj
 .ARM.attributes
                0x00000566       0x2c CMakeFiles\orchestra.dir\C_\PICO\pico-sdk\src\rp2_common\pico_standard_link\binary_info.c.obj
 .ARM.attributes
                0x00000592       0x2c CMakeFiles\orchestra.dir\C_\PICO\pico-sdk\src\rp2_common\pico_stdio\stdio.c.obj
 .ARM.attributes
                0x000005be       0x2c CMakeFiles\orchestra.dir\C_\PICO\pico-sdk\src\rp2_common\pico_stdio_uart\stdio_uart.c.obj
 .ARM.attributes
                0x000005ea       0x2c CMakeFiles\orchestra.dir\C_\PICO\pico-sdk\src\rp2_common\hardware_adc\adc.c.obj
 .ARM.attributes
                0x00000616       0x22 C:\Users\krzys\AppData\Local\Temp\cci4FQ1F.o
 .ARM.attributes
                0x00000638       0x1e c:/progra~2/gnuarm~1/102021~1.10/bin/../lib/gcc/arm-none-eabi/10.3.1/thumb/v6-m/nofp\libgcc.a(_dvmd_tls.o)
 .ARM.attributes
                0x00000656       0x2c c:/progra~2/gnuarm~1/102021~1.10/bin/../lib/gcc/arm-none-eabi/10.3.1/../../../../arm-none-eabi/lib/thumb/v6-m/nofp\libg.a(lib_a-strlen-stub.o)

.comment        0x00000000       0x49
 .comment       0x00000000       0x49 CMakeFiles\orchestra.dir\orchestra.cpp.obj
                                 0x4a (size before relaxing)
 .comment       0x00000049       0x4a CMakeFiles\orchestra.dir\C_\PICO\pico-sdk\src\rp2_common\hardware_gpio\gpio.c.obj
 .comment       0x00000049       0x4a CMakeFiles\orchestra.dir\C_\PICO\pico-sdk\src\rp2_common\hardware_claim\claim.c.obj
 .comment       0x00000049       0x4a CMakeFiles\orchestra.dir\C_\PICO\pico-sdk\src\rp2_common\pico_platform\platform.c.obj
 .comment       0x00000049       0x4a CMakeFiles\orchestra.dir\C_\PICO\pico-sdk\src\rp2_common\hardware_sync\sync.c.obj
 .comment       0x00000049       0x4a CMakeFiles\orchestra.dir\C_\PICO\pico-sdk\src\rp2_common\hardware_uart\uart.c.obj
 .comment       0x00000049       0x4a CMakeFiles\orchestra.dir\C_\PICO\pico-sdk\src\common\pico_time\time.c.obj
 .comment       0x00000049       0x4a CMakeFiles\orchestra.dir\C_\PICO\pico-sdk\src\rp2_common\hardware_timer\timer.c.obj
 .comment       0x00000049       0x4a CMakeFiles\orchestra.dir\C_\PICO\pico-sdk\src\common\pico_sync\lock_core.c.obj
 .comment       0x00000049       0x4a CMakeFiles\orchestra.dir\C_\PICO\pico-sdk\src\common\pico_sync\mutex.c.obj
 .comment       0x00000049       0x4a CMakeFiles\orchestra.dir\C_\PICO\pico-sdk\src\common\pico_util\pheap.c.obj
 .comment       0x00000049       0x4a CMakeFiles\orchestra.dir\C_\PICO\pico-sdk\src\rp2_common\pico_runtime\runtime.c.obj
 .comment       0x00000049       0x4a CMakeFiles\orchestra.dir\C_\PICO\pico-sdk\src\rp2_common\hardware_clocks\clocks.c.obj
 .comment       0x00000049       0x4a CMakeFiles\orchestra.dir\C_\PICO\pico-sdk\src\rp2_common\hardware_irq\irq.c.obj
 .comment       0x00000049       0x4a CMakeFiles\orchestra.dir\C_\PICO\pico-sdk\src\rp2_common\hardware_pll\pll.c.obj
 .comment       0x00000049       0x4a CMakeFiles\orchestra.dir\C_\PICO\pico-sdk\src\rp2_common\hardware_watchdog\watchdog.c.obj
 .comment       0x00000049       0x4a CMakeFiles\orchestra.dir\C_\PICO\pico-sdk\src\rp2_common\hardware_xosc\xosc.c.obj
 .comment       0x00000049       0x4a CMakeFiles\orchestra.dir\C_\PICO\pico-sdk\src\rp2_common\pico_printf\printf.c.obj
 .comment       0x00000049       0x4a CMakeFiles\orchestra.dir\C_\PICO\pico-sdk\src\rp2_common\pico_bootrom\bootrom.c.obj
 .comment       0x00000049       0x4a CMakeFiles\orchestra.dir\C_\PICO\pico-sdk\src\rp2_common\pico_double\double_init_rom.c.obj
 .comment       0x00000049       0x4a CMakeFiles\orchestra.dir\C_\PICO\pico-sdk\src\rp2_common\pico_float\float_init_rom.c.obj
 .comment       0x00000049       0x4a CMakeFiles\orchestra.dir\C_\PICO\pico-sdk\src\rp2_common\pico_float\float_math.c.obj
 .comment       0x00000049       0x4a CMakeFiles\orchestra.dir\C_\PICO\pico-sdk\src\rp2_common\pico_standard_link\binary_info.c.obj
 .comment       0x00000049       0x4a CMakeFiles\orchestra.dir\C_\PICO\pico-sdk\src\rp2_common\pico_stdio\stdio.c.obj
 .comment       0x00000049       0x4a CMakeFiles\orchestra.dir\C_\PICO\pico-sdk\src\rp2_common\pico_stdio_uart\stdio_uart.c.obj
 .comment       0x00000049       0x4a CMakeFiles\orchestra.dir\C_\PICO\pico-sdk\src\rp2_common\hardware_adc\adc.c.obj

.debug_info     0x00000000    0x2191d
 .debug_info    0x00000000     0x9281 CMakeFiles\orchestra.dir\orchestra.cpp.obj
 .debug_info    0x00009281     0x1491 CMakeFiles\orchestra.dir\C_\PICO\pico-sdk\src\rp2_common\hardware_gpio\gpio.c.obj
 .debug_info    0x0000a712      0x6bb CMakeFiles\orchestra.dir\C_\PICO\pico-sdk\src\rp2_common\hardware_claim\claim.c.obj
 .debug_info    0x0000adcd      0x1e3 CMakeFiles\orchestra.dir\C_\PICO\pico-sdk\src\rp2_common\pico_platform\platform.c.obj
 .debug_info    0x0000afb0      0x58e CMakeFiles\orchestra.dir\C_\PICO\pico-sdk\src\rp2_common\hardware_sync\sync.c.obj
 .debug_info    0x0000b53e      0xb65 CMakeFiles\orchestra.dir\C_\PICO\pico-sdk\src\rp2_common\hardware_uart\uart.c.obj
 .debug_info    0x0000c0a3     0x3b3b CMakeFiles\orchestra.dir\C_\PICO\pico-sdk\src\common\pico_time\time.c.obj
 .debug_info    0x0000fbde     0x1134 CMakeFiles\orchestra.dir\C_\PICO\pico-sdk\src\rp2_common\hardware_timer\timer.c.obj
 .debug_info    0x00010d12      0x1a4 CMakeFiles\orchestra.dir\C_\PICO\pico-sdk\src\common\pico_sync\lock_core.c.obj
 .debug_info    0x00010eb6     0x2022 CMakeFiles\orchestra.dir\C_\PICO\pico-sdk\src\common\pico_sync\mutex.c.obj
 .debug_info    0x00012ed8     0x120c CMakeFiles\orchestra.dir\C_\PICO\pico-sdk\src\common\pico_util\pheap.c.obj
 .debug_info    0x000140e4      0xa87 CMakeFiles\orchestra.dir\C_\PICO\pico-sdk\src\rp2_common\pico_runtime\runtime.c.obj
 .debug_info    0x00014b6b      0xf6c CMakeFiles\orchestra.dir\C_\PICO\pico-sdk\src\rp2_common\hardware_clocks\clocks.c.obj
 .debug_info    0x00015ad7     0x1968 CMakeFiles\orchestra.dir\C_\PICO\pico-sdk\src\rp2_common\hardware_irq\irq.c.obj
 .debug_info    0x0001743f      0x51b CMakeFiles\orchestra.dir\C_\PICO\pico-sdk\src\rp2_common\hardware_pll\pll.c.obj
 .debug_info    0x0001795a      0x4ee CMakeFiles\orchestra.dir\C_\PICO\pico-sdk\src\rp2_common\hardware_watchdog\watchdog.c.obj
 .debug_info    0x00017e48      0x1d8 CMakeFiles\orchestra.dir\C_\PICO\pico-sdk\src\rp2_common\hardware_xosc\xosc.c.obj
 .debug_info    0x00018020     0x1a5f CMakeFiles\orchestra.dir\C_\PICO\pico-sdk\src\rp2_common\pico_printf\printf.c.obj
 .debug_info    0x00019a7f       0x22 CMakeFiles\orchestra.dir\C_\PICO\pico-sdk\src\rp2_common\pico_bit_ops\bit_ops_aeabi.S.obj
 .debug_info    0x00019aa1      0x27c CMakeFiles\orchestra.dir\C_\PICO\pico-sdk\src\rp2_common\pico_bootrom\bootrom.c.obj
 .debug_info    0x00019d1d       0x22 CMakeFiles\orchestra.dir\C_\PICO\pico-sdk\src\rp2_common\pico_divider\divider.S.obj
 .debug_info    0x00019d3f       0x22 CMakeFiles\orchestra.dir\C_\PICO\pico-sdk\src\rp2_common\pico_double\double_aeabi.S.obj
 .debug_info    0x00019d61      0x2d1 CMakeFiles\orchestra.dir\C_\PICO\pico-sdk\src\rp2_common\pico_double\double_init_rom.c.obj
 .debug_info    0x0001a032       0x22 CMakeFiles\orchestra.dir\C_\PICO\pico-sdk\src\rp2_common\pico_double\double_v1_rom_shim.S.obj
 .debug_info    0x0001a054       0x26 CMakeFiles\orchestra.dir\C_\PICO\pico-sdk\src\rp2_common\pico_int64_ops\pico_int64_ops_aeabi.S.obj
 .debug_info    0x0001a07a       0x22 CMakeFiles\orchestra.dir\C_\PICO\pico-sdk\src\rp2_common\pico_float\float_aeabi.S.obj
 .debug_info    0x0001a09c      0x2eb CMakeFiles\orchestra.dir\C_\PICO\pico-sdk\src\rp2_common\pico_float\float_init_rom.c.obj
 .debug_info    0x0001a387     0x5033 CMakeFiles\orchestra.dir\C_\PICO\pico-sdk\src\rp2_common\pico_float\float_math.c.obj
 .debug_info    0x0001f3ba       0x22 CMakeFiles\orchestra.dir\C_\PICO\pico-sdk\src\rp2_common\pico_float\float_v1_rom_shim.S.obj
 .debug_info    0x0001f3dc       0x22 CMakeFiles\orchestra.dir\C_\PICO\pico-sdk\src\rp2_common\pico_mem_ops\mem_ops_aeabi.S.obj
 .debug_info    0x0001f3fe       0x22 CMakeFiles\orchestra.dir\C_\PICO\pico-sdk\src\rp2_common\pico_standard_link\crt0.S.obj
 .debug_info    0x0001f420      0x2f6 CMakeFiles\orchestra.dir\C_\PICO\pico-sdk\src\rp2_common\pico_standard_link\binary_info.c.obj
 .debug_info    0x0001f716     0x12ed CMakeFiles\orchestra.dir\C_\PICO\pico-sdk\src\rp2_common\pico_stdio\stdio.c.obj
 .debug_info    0x00020a03      0xc41 CMakeFiles\orchestra.dir\C_\PICO\pico-sdk\src\rp2_common\pico_stdio_uart\stdio_uart.c.obj
 .debug_info    0x00021644      0x2d9 CMakeFiles\orchestra.dir\C_\PICO\pico-sdk\src\rp2_common\hardware_adc\adc.c.obj

.debug_abbrev   0x00000000     0x4912
 .debug_abbrev  0x00000000      0x7af CMakeFiles\orchestra.dir\orchestra.cpp.obj
 .debug_abbrev  0x000007af      0x2c4 CMakeFiles\orchestra.dir\C_\PICO\pico-sdk\src\rp2_common\hardware_gpio\gpio.c.obj
 .debug_abbrev  0x00000a73      0x2e9 CMakeFiles\orchestra.dir\C_\PICO\pico-sdk\src\rp2_common\hardware_claim\claim.c.obj
 .debug_abbrev  0x00000d5c       0xeb CMakeFiles\orchestra.dir\C_\PICO\pico-sdk\src\rp2_common\pico_platform\platform.c.obj
 .debug_abbrev  0x00000e47      0x21b CMakeFiles\orchestra.dir\C_\PICO\pico-sdk\src\rp2_common\hardware_sync\sync.c.obj
 .debug_abbrev  0x00001062      0x2d2 CMakeFiles\orchestra.dir\C_\PICO\pico-sdk\src\rp2_common\hardware_uart\uart.c.obj
 .debug_abbrev  0x00001334      0x54d CMakeFiles\orchestra.dir\C_\PICO\pico-sdk\src\common\pico_time\time.c.obj
 .debug_abbrev  0x00001881      0x3a2 CMakeFiles\orchestra.dir\C_\PICO\pico-sdk\src\rp2_common\hardware_timer\timer.c.obj
 .debug_abbrev  0x00001c23      0x116 CMakeFiles\orchestra.dir\C_\PICO\pico-sdk\src\common\pico_sync\lock_core.c.obj
 .debug_abbrev  0x00001d39      0x386 CMakeFiles\orchestra.dir\C_\PICO\pico-sdk\src\common\pico_sync\mutex.c.obj
 .debug_abbrev  0x000020bf      0x297 CMakeFiles\orchestra.dir\C_\PICO\pico-sdk\src\common\pico_util\pheap.c.obj
 .debug_abbrev  0x00002356      0x3aa CMakeFiles\orchestra.dir\C_\PICO\pico-sdk\src\rp2_common\pico_runtime\runtime.c.obj
 .debug_abbrev  0x00002700      0x3a5 CMakeFiles\orchestra.dir\C_\PICO\pico-sdk\src\rp2_common\hardware_clocks\clocks.c.obj
 .debug_abbrev  0x00002aa5      0x4cd CMakeFiles\orchestra.dir\C_\PICO\pico-sdk\src\rp2_common\hardware_irq\irq.c.obj
 .debug_abbrev  0x00002f72      0x1ea CMakeFiles\orchestra.dir\C_\PICO\pico-sdk\src\rp2_common\hardware_pll\pll.c.obj
 .debug_abbrev  0x0000315c      0x1a8 CMakeFiles\orchestra.dir\C_\PICO\pico-sdk\src\rp2_common\hardware_watchdog\watchdog.c.obj
 .debug_abbrev  0x00003304      0x109 CMakeFiles\orchestra.dir\C_\PICO\pico-sdk\src\rp2_common\hardware_xosc\xosc.c.obj
 .debug_abbrev  0x0000340d      0x384 CMakeFiles\orchestra.dir\C_\PICO\pico-sdk\src\rp2_common\pico_printf\printf.c.obj
 .debug_abbrev  0x00003791       0x12 CMakeFiles\orchestra.dir\C_\PICO\pico-sdk\src\rp2_common\pico_bit_ops\bit_ops_aeabi.S.obj
 .debug_abbrev  0x000037a3      0x13b CMakeFiles\orchestra.dir\C_\PICO\pico-sdk\src\rp2_common\pico_bootrom\bootrom.c.obj
 .debug_abbrev  0x000038de       0x12 CMakeFiles\orchestra.dir\C_\PICO\pico-sdk\src\rp2_common\pico_divider\divider.S.obj
 .debug_abbrev  0x000038f0       0x12 CMakeFiles\orchestra.dir\C_\PICO\pico-sdk\src\rp2_common\pico_double\double_aeabi.S.obj
 .debug_abbrev  0x00003902      0x179 CMakeFiles\orchestra.dir\C_\PICO\pico-sdk\src\rp2_common\pico_double\double_init_rom.c.obj
 .debug_abbrev  0x00003a7b       0x12 CMakeFiles\orchestra.dir\C_\PICO\pico-sdk\src\rp2_common\pico_double\double_v1_rom_shim.S.obj
 .debug_abbrev  0x00003a8d       0x14 CMakeFiles\orchestra.dir\C_\PICO\pico-sdk\src\rp2_common\pico_int64_ops\pico_int64_ops_aeabi.S.obj
 .debug_abbrev  0x00003aa1       0x12 CMakeFiles\orchestra.dir\C_\PICO\pico-sdk\src\rp2_common\pico_float\float_aeabi.S.obj
 .debug_abbrev  0x00003ab3      0x18c CMakeFiles\orchestra.dir\C_\PICO\pico-sdk\src\rp2_common\pico_float\float_init_rom.c.obj
 .debug_abbrev  0x00003c3f      0x2bb CMakeFiles\orchestra.dir\C_\PICO\pico-sdk\src\rp2_common\pico_float\float_math.c.obj
 .debug_abbrev  0x00003efa       0x12 CMakeFiles\orchestra.dir\C_\PICO\pico-sdk\src\rp2_common\pico_float\float_v1_rom_shim.S.obj
 .debug_abbrev  0x00003f0c       0x12 CMakeFiles\orchestra.dir\C_\PICO\pico-sdk\src\rp2_common\pico_mem_ops\mem_ops_aeabi.S.obj
 .debug_abbrev  0x00003f1e       0x12 CMakeFiles\orchestra.dir\C_\PICO\pico-sdk\src\rp2_common\pico_standard_link\crt0.S.obj
 .debug_abbrev  0x00003f30       0xad CMakeFiles\orchestra.dir\C_\PICO\pico-sdk\src\rp2_common\pico_standard_link\binary_info.c.obj
 .debug_abbrev  0x00003fdd      0x4a7 CMakeFiles\orchestra.dir\C_\PICO\pico-sdk\src\rp2_common\pico_stdio\stdio.c.obj
 .debug_abbrev  0x00004484      0x386 CMakeFiles\orchestra.dir\C_\PICO\pico-sdk\src\rp2_common\pico_stdio_uart\stdio_uart.c.obj
 .debug_abbrev  0x0000480a      0x108 CMakeFiles\orchestra.dir\C_\PICO\pico-sdk\src\rp2_common\hardware_adc\adc.c.obj

.debug_loc      0x00000000    0x19d1a
 .debug_loc     0x00000000     0x6689 CMakeFiles\orchestra.dir\orchestra.cpp.obj
 .debug_loc     0x00006689      0xede CMakeFiles\orchestra.dir\C_\PICO\pico-sdk\src\rp2_common\hardware_gpio\gpio.c.obj
 .debug_loc     0x00007567      0x45f CMakeFiles\orchestra.dir\C_\PICO\pico-sdk\src\rp2_common\hardware_claim\claim.c.obj
 .debug_loc     0x000079c6       0xe9 CMakeFiles\orchestra.dir\C_\PICO\pico-sdk\src\rp2_common\pico_platform\platform.c.obj
 .debug_loc     0x00007aaf      0x233 CMakeFiles\orchestra.dir\C_\PICO\pico-sdk\src\rp2_common\hardware_sync\sync.c.obj
 .debug_loc     0x00007ce2      0x520 CMakeFiles\orchestra.dir\C_\PICO\pico-sdk\src\rp2_common\hardware_uart\uart.c.obj
 .debug_loc     0x00008202     0x2e2a CMakeFiles\orchestra.dir\C_\PICO\pico-sdk\src\common\pico_time\time.c.obj
 .debug_loc     0x0000b02c      0x952 CMakeFiles\orchestra.dir\C_\PICO\pico-sdk\src\rp2_common\hardware_timer\timer.c.obj
 .debug_loc     0x0000b97e       0x60 CMakeFiles\orchestra.dir\C_\PICO\pico-sdk\src\common\pico_sync\lock_core.c.obj
 .debug_loc     0x0000b9de     0x1469 CMakeFiles\orchestra.dir\C_\PICO\pico-sdk\src\common\pico_sync\mutex.c.obj
 .debug_loc     0x0000ce47     0x1439 CMakeFiles\orchestra.dir\C_\PICO\pico-sdk\src\common\pico_util\pheap.c.obj
 .debug_loc     0x0000e280      0x3f0 CMakeFiles\orchestra.dir\C_\PICO\pico-sdk\src\rp2_common\pico_runtime\runtime.c.obj
 .debug_loc     0x0000e670      0x7eb CMakeFiles\orchestra.dir\C_\PICO\pico-sdk\src\rp2_common\hardware_clocks\clocks.c.obj
 .debug_loc     0x0000ee5b     0x1274 CMakeFiles\orchestra.dir\C_\PICO\pico-sdk\src\rp2_common\hardware_irq\irq.c.obj
 .debug_loc     0x000100cf      0x300 CMakeFiles\orchestra.dir\C_\PICO\pico-sdk\src\rp2_common\hardware_pll\pll.c.obj
 .debug_loc     0x000103cf      0x2ec CMakeFiles\orchestra.dir\C_\PICO\pico-sdk\src\rp2_common\hardware_watchdog\watchdog.c.obj
 .debug_loc     0x000106bb       0x71 CMakeFiles\orchestra.dir\C_\PICO\pico-sdk\src\rp2_common\hardware_xosc\xosc.c.obj
 .debug_loc     0x0001072c     0x2095 CMakeFiles\orchestra.dir\C_\PICO\pico-sdk\src\rp2_common\pico_printf\printf.c.obj
 .debug_loc     0x000127c1      0x1a1 CMakeFiles\orchestra.dir\C_\PICO\pico-sdk\src\rp2_common\pico_bootrom\bootrom.c.obj
 .debug_loc     0x00012962       0x59 CMakeFiles\orchestra.dir\C_\PICO\pico-sdk\src\rp2_common\pico_double\double_init_rom.c.obj
 .debug_loc     0x000129bb       0x73 CMakeFiles\orchestra.dir\C_\PICO\pico-sdk\src\rp2_common\pico_float\float_init_rom.c.obj
 .debug_loc     0x00012a2e     0x6167 CMakeFiles\orchestra.dir\C_\PICO\pico-sdk\src\rp2_common\pico_float\float_math.c.obj
 .debug_loc     0x00018b95      0xbad CMakeFiles\orchestra.dir\C_\PICO\pico-sdk\src\rp2_common\pico_stdio\stdio.c.obj
 .debug_loc     0x00019742      0x54c CMakeFiles\orchestra.dir\C_\PICO\pico-sdk\src\rp2_common\pico_stdio_uart\stdio_uart.c.obj
 .debug_loc     0x00019c8e       0x8c CMakeFiles\orchestra.dir\C_\PICO\pico-sdk\src\rp2_common\hardware_adc\adc.c.obj

.debug_aranges  0x00000000      0xf00
 .debug_aranges
                0x00000000       0x78 CMakeFiles\orchestra.dir\orchestra.cpp.obj
 .debug_aranges
                0x00000078       0xd8 CMakeFiles\orchestra.dir\C_\PICO\pico-sdk\src\rp2_common\hardware_gpio\gpio.c.obj
 .debug_aranges
                0x00000150       0x48 CMakeFiles\orchestra.dir\C_\PICO\pico-sdk\src\rp2_common\hardware_claim\claim.c.obj
 .debug_aranges
                0x00000198       0x28 CMakeFiles\orchestra.dir\C_\PICO\pico-sdk\src\rp2_common\pico_platform\platform.c.obj
 .debug_aranges
                0x000001c0       0x58 CMakeFiles\orchestra.dir\C_\PICO\pico-sdk\src\rp2_common\hardware_sync\sync.c.obj
 .debug_aranges
                0x00000218       0x40 CMakeFiles\orchestra.dir\C_\PICO\pico-sdk\src\rp2_common\hardware_uart\uart.c.obj
 .debug_aranges
                0x00000258       0xd0 CMakeFiles\orchestra.dir\C_\PICO\pico-sdk\src\common\pico_time\time.c.obj
 .debug_aranges
                0x00000328       0x78 CMakeFiles\orchestra.dir\C_\PICO\pico-sdk\src\rp2_common\hardware_timer\timer.c.obj
 .debug_aranges
                0x000003a0       0x20 CMakeFiles\orchestra.dir\C_\PICO\pico-sdk\src\common\pico_sync\lock_core.c.obj
 .debug_aranges
                0x000003c0       0x88 CMakeFiles\orchestra.dir\C_\PICO\pico-sdk\src\common\pico_sync\mutex.c.obj
 .debug_aranges
                0x00000448       0x78 CMakeFiles\orchestra.dir\C_\PICO\pico-sdk\src\common\pico_util\pheap.c.obj
 .debug_aranges
                0x000004c0       0x60 CMakeFiles\orchestra.dir\C_\PICO\pico-sdk\src\rp2_common\pico_runtime\runtime.c.obj
 .debug_aranges
                0x00000520       0x70 CMakeFiles\orchestra.dir\C_\PICO\pico-sdk\src\rp2_common\hardware_clocks\clocks.c.obj
 .debug_aranges
                0x00000590       0x98 CMakeFiles\orchestra.dir\C_\PICO\pico-sdk\src\rp2_common\hardware_irq\irq.c.obj
 .debug_aranges